Archive member included because of file (symbol)

/opt/gendev/sgdk1_3/lib/libmd.a(sys.o)
                              boot/sega.o (registerState)
/opt/gendev/sgdk1_3/lib/libmd.a(vdp.o)
                              /opt/gendev/sgdk1_3/lib/libmd.a(sys.o) (VDP_init)
/opt/gendev/sgdk1_3/lib/libmd.a(dma.o)
                              /opt/gendev/sgdk1_3/lib/libmd.a(sys.o) (DMA_init)
/opt/gendev/sgdk1_3/lib/libmd.a(tools.o)
                              /opt/gendev/sgdk1_3/lib/libmd.a(sys.o) (setRandomSeed)
/opt/gendev/sgdk1_3/lib/libmd.a(memory.o)
                              /opt/gendev/sgdk1_3/lib/libmd.a(sys.o) (MEM_init)
/opt/gendev/sgdk1_3/lib/libmd.a(vdp_tile.o)
                              /opt/gendev/sgdk1_3/lib/libmd.a(vdp.o) (VDP_loadFont)
/opt/gendev/sgdk1_3/lib/libmd.a(z80_ctrl.o)
                              /opt/gendev/sgdk1_3/lib/libmd.a(sys.o) (Z80_init)
/opt/gendev/sgdk1_3/lib/libmd.a(ym2612.o)
                              /opt/gendev/sgdk1_3/lib/libmd.a(z80_ctrl.o) (YM2612_reset)
/opt/gendev/sgdk1_3/lib/libmd.a(vdp_pal.o)
                              /opt/gendev/sgdk1_3/lib/libmd.a(sys.o) (VDP_doStepFading)
/opt/gendev/sgdk1_3/lib/libmd.a(psg.o)
                              /opt/gendev/sgdk1_3/lib/libmd.a(sys.o) (PSG_init)
/opt/gendev/sgdk1_3/lib/libmd.a(z80_vgm.o)
                              /opt/gendev/sgdk1_3/lib/libmd.a(z80_ctrl.o) (z80_vgm)
/opt/gendev/sgdk1_3/lib/libmd.a(vdp_spr.o)
                              /opt/gendev/sgdk1_3/lib/libmd.a(vdp.o) (VDP_resetSprites)
/opt/gendev/sgdk1_3/lib/libmd.a(sound.o)
                              /opt/gendev/sgdk1_3/lib/libmd.a(sys.o) (SND_getForceDelayDMA_XGM)
/opt/gendev/sgdk1_3/lib/libmd.a(string.o)
                              /opt/gendev/sgdk1_3/lib/libmd.a(sys.o) (strlen)
/opt/gendev/sgdk1_3/lib/libmd.a(vdp_dma.o)
                              /opt/gendev/sgdk1_3/lib/libmd.a(vdp_tile.o) (VDP_doDMA)
/opt/gendev/sgdk1_3/lib/libmd.a(bmp.o)
                              /opt/gendev/sgdk1_3/lib/libmd.a(sys.o) (BMP_doVBlankProcess)
/opt/gendev/sgdk1_3/lib/libmd.a(timer.o)
                              /opt/gendev/sgdk1_3/lib/libmd.a(tools.o) (getSubTick)
/opt/gendev/sgdk1_3/lib/libmd.a(tile_cache.o)
                              /opt/gendev/sgdk1_3/lib/libmd.a(sys.o) (uploads)
/opt/gendev/sgdk1_3/lib/libmd.a(vdp_bg.o)
                              /opt/gendev/sgdk1_3/lib/libmd.a(vdp.o) (VDP_setHorizontalScroll)
/opt/gendev/sgdk1_3/lib/libmd.a(memory_a.o)
                              /opt/gendev/sgdk1_3/lib/libmd.a(memory.o) (memset)
/opt/gendev/sgdk1_3/lib/libmd.a(smp_null_pcm.o)
                              /opt/gendev/sgdk1_3/lib/libmd.a(z80_ctrl.o) (smp_null_pcm)
/opt/gendev/sgdk1_3/lib/libmd.a(vdp_tile_a.o)
                              /opt/gendev/sgdk1_3/lib/libmd.a(vdp_tile.o) (VDP_loadTileData)
/opt/gendev/sgdk1_3/lib/libmd.a(vdp_pal_a.o)
                              /opt/gendev/sgdk1_3/lib/libmd.a(vdp_pal.o) (VDP_getPaletteColors)
/opt/gendev/sgdk1_3/lib/libmd.a(sys_a.o)
                              /opt/gendev/sgdk1_3/lib/libmd.a(timer.o) (SYS_getInterruptMaskLevel)
/opt/gendev/sgdk1_3/lib/libmd.a(kdebug.o)
                              /opt/gendev/sgdk1_3/lib/libmd.a(tools.o) (KDebug_Alert)
/opt/gendev/sgdk1_3/lib/libmd.a(smp_null.o)
                              /opt/gendev/sgdk1_3/lib/libmd.a(z80_ctrl.o) (smp_null)
/opt/gendev/sgdk1_3/lib/libmd.a(bmp_a.o)
                              /opt/gendev/sgdk1_3/lib/libmd.a(bmp.o) (clearBitmapBuffer)
/opt/gendev/sgdk1_3/lib/libmd.a(tools_a.o)
                              /opt/gendev/sgdk1_3/lib/libmd.a(tools.o) (aplib_unpack)
/opt/gendev/sgdk1_3/lib/libmd.a(z80_drv1.o)
                              /opt/gendev/sgdk1_3/lib/libmd.a(z80_ctrl.o) (z80_drv1)
/opt/gendev/sgdk1_3/lib/libmd.a(z80_tfm.o)
                              /opt/gendev/sgdk1_3/lib/libmd.a(z80_ctrl.o) (z80_tfm)
/opt/gendev/sgdk1_3/lib/libmd.a(z80_drv2.o)
                              /opt/gendev/sgdk1_3/lib/libmd.a(z80_ctrl.o) (z80_drv2)
/opt/gendev/sgdk1_3/lib/libmd.a(z80_drv3.o)
                              /opt/gendev/sgdk1_3/lib/libmd.a(z80_ctrl.o) (z80_drv3)
/opt/gendev/sgdk1_3/lib/libmd.a(z80_xgm.o)
                              /opt/gendev/sgdk1_3/lib/libmd.a(z80_ctrl.o) (z80_xgm)
/opt/gendev/sgdk1_3/lib/libmd.a(z80_mvs.o)
                              /opt/gendev/sgdk1_3/lib/libmd.a(z80_ctrl.o) (z80_mvs)
/opt/gendev/sgdk1_3/lib/libmd.a(libres.o)
                              /opt/gendev/sgdk1_3/lib/libmd.a(vdp.o) (font_lib)
/opt/gendev/sgdk1_3/lib/libmd.a(tab_vol.o)
                              /opt/gendev/sgdk1_3/lib/libmd.a(z80_ctrl.o) (tab_vol)
/opt/gendev/sgdk1_3/lib/libmd.a(joy.o)
                              /opt/gendev/sgdk1_3/lib/libmd.a(sys.o) (JOY_init)
/opt/gendev/sgdk1_3/lib/libmd.a(xgm.o)
                              /opt/gendev/sgdk1_3/lib/libmd.a(sound.o) (XGM_isPlaying)
/opt/gendev/sgdk1_3/lib/libmd.a(types.o)
                              /opt/gendev/sgdk1_3/lib/libmd.a(z80_ctrl.o) (getZeroU8)
/opt/gendev/lib/gcc/m68k-elf/6.3.0/libgcc.a(_mulsi3.o)
                              /opt/gendev/sgdk1_3/lib/libmd.a(tools.o) (__mulsi3)
/opt/gendev/lib/gcc/m68k-elf/6.3.0/libgcc.a(_udivsi3.o)
                              /opt/gendev/sgdk1_3/lib/libmd.a(tools.o) (__udivsi3)
/opt/gendev/lib/gcc/m68k-elf/6.3.0/libgcc.a(_divsi3.o)
                              /opt/gendev/sgdk1_3/lib/libmd.a(vdp_pal.o) (__divsi3)
/opt/gendev/lib/gcc/m68k-elf/6.3.0/libgcc.a(_umodsi3.o)
                              /opt/gendev/sgdk1_3/lib/libmd.a(string.o) (__umodsi3)

Allocating common symbols
Common symbol       size              file

illegalInstCB       0x4               /opt/gendev/sgdk1_3/lib/libmd.a(sys.o)
window_addr         0x2               /opt/gendev/sgdk1_3/lib/libmd.a(vdp.o)
errorExceptionCB    0x4               /opt/gendev/sgdk1_3/lib/libmd.a(sys.o)
trapvInstCB         0x4               /opt/gendev/sgdk1_3/lib/libmd.a(sys.o)
hscrl_addr          0x2               /opt/gendev/sgdk1_3/lib/libmd.a(vdp.o)
vtimer              0x4               /opt/gendev/sgdk1_3/lib/libmd.a(timer.o)
driverFlags         0x2               /opt/gendev/sgdk1_3/lib/libmd.a(z80_ctrl.o)
chkInstCB           0x4               /opt/gendev/sgdk1_3/lib/libmd.a(sys.o)
registerState       0x40              /opt/gendev/sgdk1_3/lib/libmd.a(sys.o)
planHeightSft       0x2               /opt/gendev/sgdk1_3/lib/libmd.a(vdp.o)
windowWidth         0x2               /opt/gendev/sgdk1_3/lib/libmd.a(vdp.o)
planWidth           0x2               /opt/gendev/sgdk1_3/lib/libmd.a(vdp.o)
bmp_buffer_write    0x4               /opt/gendev/sgdk1_3/lib/libmd.a(bmp.o)
srState             0x2               /opt/gendev/sgdk1_3/lib/libmd.a(sys.o)
slist_addr          0x2               /opt/gendev/sgdk1_3/lib/libmd.a(vdp.o)
lastAllocatedVDPSprite
                    0x4               /opt/gendev/sgdk1_3/lib/libmd.a(vdp_spr.o)
line1x1xCB          0x4               /opt/gendev/sgdk1_3/lib/libmd.a(sys.o)
randbase            0x2               /opt/gendev/sgdk1_3/lib/libmd.a(tools.o)
windowWidthSft      0x2               /opt/gendev/sgdk1_3/lib/libmd.a(vdp.o)
ext2State           0x2               /opt/gendev/sgdk1_3/lib/libmd.a(sys.o)
traceCB             0x4               /opt/gendev/sgdk1_3/lib/libmd.a(sys.o)
intTrace            0x2               /opt/gendev/sgdk1_3/lib/libmd.a(sys.o)
zeroDivideCB        0x4               /opt/gendev/sgdk1_3/lib/libmd.a(sys.o)
curTileInd          0x2               /opt/gendev/sgdk1_3/lib/libmd.a(vdp_bg.o)
internalExtIntCB    0x4               /opt/gendev/sgdk1_3/lib/libmd.a(sys.o)
screenHeight        0x2               /opt/gendev/sgdk1_3/lib/libmd.a(vdp.o)
internalVIntCB      0x4               /opt/gendev/sgdk1_3/lib/libmd.a(sys.o)
intCB               0x4               /opt/gendev/sgdk1_3/lib/libmd.a(sys.o)
screenWidth         0x2               /opt/gendev/sgdk1_3/lib/libmd.a(vdp.o)
maps_addr           0x2               /opt/gendev/sgdk1_3/lib/libmd.a(vdp.o)
addressErrorCB      0x4               /opt/gendev/sgdk1_3/lib/libmd.a(sys.o)
bmp_buffer_read     0x4               /opt/gendev/sgdk1_3/lib/libmd.a(bmp.o)
VIntProcess         0x4               /opt/gendev/sgdk1_3/lib/libmd.a(sys.o)
currentDriver       0x2               /opt/gendev/sgdk1_3/lib/libmd.a(z80_ctrl.o)
vdpSpriteCache      0x280             /opt/gendev/sgdk1_3/lib/libmd.a(vdp_spr.o)
planWidthSft        0x2               /opt/gendev/sgdk1_3/lib/libmd.a(vdp.o)
uploads             0x4               /opt/gendev/sgdk1_3/lib/libmd.a(tile_cache.o)
ExtIntProcess       0x4               /opt/gendev/sgdk1_3/lib/libmd.a(sys.o)
HIntProcess         0x4               /opt/gendev/sgdk1_3/lib/libmd.a(sys.o)
bmp_plan            0x2               /opt/gendev/sgdk1_3/lib/libmd.a(bmp.o)
privilegeViolationCB
                    0x4               /opt/gendev/sgdk1_3/lib/libmd.a(sys.o)
pcState             0x4               /opt/gendev/sgdk1_3/lib/libmd.a(sys.o)
ext1State           0x2               /opt/gendev/sgdk1_3/lib/libmd.a(sys.o)
busErrorCB          0x4               /opt/gendev/sgdk1_3/lib/libmd.a(sys.o)
highestVDPSpriteIndex
                    0x2               /opt/gendev/sgdk1_3/lib/libmd.a(vdp_spr.o)
internalHIntCB      0x4               /opt/gendev/sgdk1_3/lib/libmd.a(sys.o)
planHeight          0x2               /opt/gendev/sgdk1_3/lib/libmd.a(vdp.o)
aplan_addr          0x2               /opt/gendev/sgdk1_3/lib/libmd.a(vdp.o)
bplan_addr          0x2               /opt/gendev/sgdk1_3/lib/libmd.a(vdp.o)
bmp_plan_adr        0x4               /opt/gendev/sgdk1_3/lib/libmd.a(bmp.o)
addrState           0x4               /opt/gendev/sgdk1_3/lib/libmd.a(sys.o)

Memory Configuration

Name             Origin             Length             Attributes
rom              0x0000000000000000 0x0000000000a00000
ram              0x0000000000ff0000 0x0000000000010000
*default*        0x0000000000000000 0xffffffffffffffff

Linker script and memory map

                0x0000000000000000                __DYNAMIC = 0x0
                0x0000000001000000                PROVIDE (__stack, 0x1000000)

.text           0x0000000000000000    0x164a0
 *(.text.keepboot)
 .text.keepboot
                0x0000000000000000      0x5ec boot/sega.o
                0x0000000000000262                _hard_reset
 *(.text.*)
 *(.text)
 .text          0x00000000000005ec        0x0 boot/sega.o
 .text          0x00000000000005ec      0xa08 /opt/gendev/sgdk1_3/lib/libmd.a(sys.o)
                0x00000000000005ec                _trace_callback
                0x00000000000005ee                _line1x1x_callback
                0x00000000000005f0                _int_callback
                0x00000000000005f2                _extint_callback
                0x00000000000009e4                _buserror_callback
                0x0000000000000a0c                _addresserror_callback
                0x0000000000000ac0                _illegalinst_callback
                0x0000000000000ae8                _chkinst_callback
                0x0000000000000b10                _trapvinst_callback
                0x0000000000000b38                _vint_callback
                0x0000000000000c56                _hint_callback
                0x0000000000000d9a                _zerodivide_callback
                0x0000000000000dc2                _privilegeviolation_callback
                0x0000000000000dea                _errorexception_callback
                0x0000000000000e12                _start_entry
                0x0000000000000ec4                _reset_entry
                0x0000000000000ed4                SYS_disableInts
                0x0000000000000f06                SYS_enableInts
                0x0000000000000f34                SYS_setVIntPreCallback
                0x0000000000000f3e                SYS_setVIntCallback
                0x0000000000000f48                SYS_setHIntCallback
                0x0000000000000f52                SYS_setExtIntCallback
                0x0000000000000f5c                SYS_isInVIntCallback
                0x0000000000000f68                SYS_isInHIntCallback
                0x0000000000000f74                SYS_isInExtIntCallback
                0x0000000000000f80                SYS_isInInterrupt
                0x0000000000000f88                SYS_isNTSC
                0x0000000000000f98                SYS_isPAL
                0x0000000000000fa4                SYS_die
 .text          0x0000000000000ff4      0xb26 /opt/gendev/sgdk1_3/lib/libmd.a(vdp.o)
                0x000000000000104c                VDP_getReg
                0x000000000000106c                VDP_setReg
                0x000000000000128a                VDP_getEnable
                0x0000000000001296                VDP_setEnable
                0x00000000000012c2                VDP_getScanlineNumber
                0x00000000000012d8                VDP_getScreenHeight
                0x00000000000012e0                VDP_setScreenHeight224
                0x0000000000001308                VDP_setScreenHeight240
                0x000000000000133c                VDP_getScreenWidth
                0x0000000000001344                VDP_setScreenWidth256
                0x000000000000137c                VDP_setScreenWidth320
                0x00000000000013b4                VDP_getPlanWidth
                0x00000000000013bc                VDP_getPlanHeight
                0x00000000000013c4                VDP_setPlanSize
                0x000000000000146c                VDP_getVerticalScrollingMode
                0x000000000000147a                VDP_getHorizontalScrollingMode
                0x0000000000001486                VDP_setScrollingMode
                0x00000000000014b4                VDP_getBackgroundColor
                0x00000000000014bc                VDP_setBackgroundColor
                0x00000000000014da                VDP_getAutoInc
                0x00000000000014e2                VDP_setAutoInc
                0x00000000000014fc                VDP_setHInterrupt
                0x0000000000001528                VDP_setHilightShadow
                0x0000000000001554                VDP_getHIntCounter
                0x000000000000155c                VDP_setHIntCounter
                0x0000000000001576                VDP_getAPlanAddress
                0x000000000000157e                VDP_getBPlanAddress
                0x0000000000001586                VDP_getWindowAddress
                0x000000000000158e                VDP_getWindowPlanAddress
                0x0000000000001596                VDP_getSpriteListAddress
                0x000000000000159e                VDP_getHScrollTableAddress
                0x00000000000015a6                VDP_setAPlanAddress
                0x00000000000015d4                VDP_setWindowAddress
                0x000000000000161a                VDP_setWindowPlanAddress
                0x000000000000162a                VDP_setBPlanAddress
                0x0000000000001658                VDP_setSpriteListAddress
                0x000000000000169e                VDP_setHScrollTableAddress
                0x00000000000016cc                VDP_setScanMode
                0x0000000000001714                VDP_setWindowHPos
                0x0000000000001738                VDP_setWindowVPos
                0x000000000000175c                VDP_waitDMACompletion
                0x000000000000176a                VDP_init
                0x00000000000019b6                VDP_waitFIFOEmpty
                0x00000000000019c4                VDP_waitVSync
                0x00000000000019de                VDP_resetScreen
                0x0000000000001a9c                VDP_showFPS
 *fill*         0x0000000000001b1a        0x2 
 .text          0x0000000000001b1c      0x680 /opt/gendev/sgdk1_3/lib/libmd.a(dma.o)
                0x0000000000001b1c                DMA_getAutoFlush
                0x0000000000001b28                DMA_setAutoFlush
                0x0000000000001b5a                DMA_getIgnoreOverCapacity
                0x0000000000001b68                DMA_setIgnoreOverCapacity
                0x0000000000001b82                DMA_getMaxTransferSize
                0x0000000000001b8a                DMA_setMaxTransferSize
                0x0000000000001b94                DMA_clearQueue
                0x0000000000001bae                DMA_init
                0x0000000000001c10                DMA_flushQueue
                0x0000000000001d02                DMA_getQueueSize
                0x0000000000001d0a                DMA_getQueueTransferSize
                0x0000000000001d12                DMA_queueDma
                0x0000000000001f02                DMA_waitCompletion
                0x0000000000001f10                DMA_doDma
                0x000000000000206a                DMA_doVRamFill
                0x0000000000002116                DMA_doVRamCopy
 .text          0x000000000000219c     0x2102 /opt/gendev/sgdk1_3/lib/libmd.a(tools.o)
                0x000000000000219c                setRandomSeed
                0x00000000000021ac                random
                0x00000000000021d2                getFPS
                0x000000000000223a                getFPS_f
                0x00000000000022bc                KLog
                0x00000000000022e0                KLog_U1
                0x000000000000232c                KLog_U1_
                0x0000000000002384                KLog_U2
                0x00000000000023f2                KLog_U2_
                0x0000000000002468                KLog_U3
                0x00000000000024f4                KLog_U3_
                0x0000000000002588                KLog_U4
                0x0000000000002630                KLog_U4_
                0x00000000000026e2                KLog_U1x
                0x0000000000002732                KLog_U1x_
                0x000000000000278e                KLog_U2x
                0x00000000000027fe                KLog_U2x_
                0x0000000000002876                KLog_U3x
                0x0000000000002902                KLog_U3x_
                0x0000000000002996                KLog_U4x
                0x0000000000002a3c                KLog_U4x_
                0x0000000000002aec                KLog_S1
                0x0000000000002b38                KLog_S1_
                0x0000000000002b90                KLog_S2
                0x0000000000002bfe                KLog_S2_
                0x0000000000002c74                KLog_S3
                0x0000000000002d00                KLog_S3_
                0x0000000000002d94                KLog_S4
                0x0000000000002e3c                KLog_S4_
                0x0000000000002eee                KLog_S1x
                0x0000000000002f3e                KLog_S2x
                0x0000000000002fae                KLog_S3x
                0x000000000000303a                KLog_S4x
                0x00000000000030e0                KLog_f1
                0x0000000000003130                KLog_f2
                0x00000000000031a6                KLog_f3
                0x000000000000323e                KLog_f4
                0x00000000000032f6                KLog_f1x
                0x000000000000334a                KLog_f2x
                0x00000000000033c2                KLog_f3x
                0x000000000000345a                KLog_f4x
                0x0000000000003510                KLog_F1
                0x000000000000355c                KLog_F2
                0x00000000000035ca                KLog_F3
                0x0000000000003656                KLog_F4
                0x00000000000036fe                KLog_F1x
                0x000000000000374e                KLog_F2x
                0x00000000000037be                KLog_F3x
                0x000000000000384a                KLog_F4x
                0x00000000000038f0                allocateBitmap
                0x0000000000003950                allocateBitmapEx
                0x0000000000003992                allocateTileSet
                0x00000000000039dc                allocateTileSetEx
                0x0000000000003a08                allocateMap
                0x0000000000003a52                allocateMapEx
                0x0000000000003a7c                allocateImage
                0x0000000000003b3a                unpack
                0x0000000000003b72                unpackBitmap
                0x0000000000003c06                unpackTileSet
                0x0000000000003c7a                unpackMap
                0x0000000000003cf2                unpackImage
                0x0000000000003d4a                partition_u8
                0x0000000000003dce                qsort_u8
                0x0000000000003e1e                partition_s8
                0x0000000000003ea2                qsort_s8
                0x0000000000003ef2                partition_u16
                0x0000000000003f84                qsort_u16
                0x0000000000003fd4                partition_s16
                0x0000000000004066                qsort_s16
                0x00000000000040b6                partition_u32
                0x000000000000415a                qsort_u32
                0x00000000000041aa                partition_s32
                0x000000000000424e                qsort_s32
 *fill*         0x000000000000429e        0x2 
 .text          0x00000000000042a0      0x430 /opt/gendev/sgdk1_3/lib/libmd.a(memory.o)
                0x00000000000042a0                MEM_init
                0x00000000000042c8                MEM_getFree
                0x00000000000042f6                MEM_getAllocated
                0x000000000000432c                MEM_free
                0x000000000000433e                MEM_alloc
                0x0000000000004414                MEM_dump
                0x00000000000045dc                memcpyU16
                0x00000000000045fa                memcpyU32
                0x000000000000461a                fastMemset
                0x000000000000463a                fastMemsetU16
                0x000000000000465a                fastMemsetU32
                0x0000000000004676                fastMemcpy
                0x0000000000004692                fastMemcpyU16
                0x00000000000046b0                fastMemcpyU32
 .text          0x00000000000046d0      0xca2 /opt/gendev/sgdk1_3/lib/libmd.a(vdp_tile.o)
                0x00000000000046d0                VDP_loadTileSet
                0x0000000000004752                VDP_loadFontData
                0x0000000000004782                VDP_loadFont
                0x00000000000047a8                VDP_loadBMPTileDataEx
                0x0000000000004800                VDP_fillTileData
                0x000000000000484c                VDP_setTileMap
                0x000000000000488a                VDP_setTileMapXY
                0x0000000000004940                VDP_fillTileMap
                0x00000000000049d6                VDP_fillTileMapRectByIndex
                0x0000000000004a00                VDP_fillTileMapRect
                0x0000000000004b0a                VDP_clearTileMap
                0x0000000000004b48                VDP_clearTileMapRectByIndex
                0x0000000000004b72                VDP_clearTileMapRect
                0x0000000000004ba4                VDP_fillTileMapInc
                0x0000000000004c68                VDP_fillTileMapRectIncByIndex
                0x0000000000004c92                VDP_fillTileMapRectInc
                0x0000000000004da2                VDP_setTileMapData
                0x0000000000004e7a                VDP_setTileMapRectByIndex
                0x0000000000004ea8                VDP_setTileMapDataRect
                0x0000000000004fca                VDP_setTileMapDataEx
                0x00000000000050b6                VDP_setTileMapRectExByIndex
                0x00000000000050e8                VDP_setTileMapDataRectEx
                0x000000000000522c                VDP_setTileMapRectEx
                0x000000000000526e                VDP_setMapEx
                0x0000000000005330                VDP_setMap
 *fill*         0x0000000000005372        0x2 
 .text          0x0000000000005374      0x620 /opt/gendev/sgdk1_3/lib/libmd.a(z80_ctrl.o)
                0x0000000000005374                Z80_isBusTaken
                0x0000000000005386                Z80_requestBus
                0x00000000000053ac                Z80_releaseBus
                0x00000000000053b6                Z80_startReset
                0x00000000000053c0                Z80_endReset
                0x00000000000053ca                Z80_setBank
                0x00000000000053de                Z80_init
                0x00000000000053fc                Z80_read
                0x000000000000540e                Z80_write
                0x0000000000005422                Z80_clear
                0x000000000000549c                Z80_upload
                0x0000000000005514                Z80_download
                0x000000000000556c                Z80_getLoadedDriver
                0x0000000000005574                Z80_unloadDriver
                0x00000000000055a8                Z80_loadCustomDriver
                0x00000000000055ec                Z80_isDriverReady
                0x0000000000005622                Z80_loadDriver
 .text          0x0000000000005994      0x1f0 /opt/gendev/sgdk1_3/lib/libmd.a(ym2612.o)
                0x0000000000005994                YM2612_read
                0x00000000000059ae                YM2612_write
                0x00000000000059d4                YM2612_reset
                0x0000000000005aba                YM2612_writeSafe
                0x0000000000005ad2                YM2612_writeReg
                0x0000000000005b24                YM2612_writeRegSafe
                0x0000000000005b46                YM2612_enableDAC
                0x0000000000005b66                YM2612_disableDAC
 .text          0x0000000000005b84      0x6c4 /opt/gendev/sgdk1_3/lib/libmd.a(vdp_pal.o)
                0x0000000000005c7c                VDP_getPaletteColor
                0x0000000000005cb0                VDP_setPaletteColor
                0x0000000000005cea                VDP_doStepFading
                0x0000000000005e10                VDP_initFading
                0x0000000000005f62                VDP_interruptFade
                0x0000000000005f74                VDP_fade
                0x0000000000005fd8                VDP_fadeTo
                0x0000000000006042                VDP_fadeOut
                0x0000000000006072                VDP_fadeIn
                0x00000000000060a6                VDP_fadePal
                0x00000000000060e2                VDP_fadePalTo
                0x000000000000611a                VDP_fadePalOut
                0x0000000000006154                VDP_fadePalIn
                0x0000000000006192                VDP_fadeAll
                0x00000000000061ba                VDP_fadeAllTo
                0x00000000000061de                VDP_fadeOutAll
                0x0000000000006204                VDP_fadeInAll
                0x000000000000622e                VDP_isDoingFade
                0x000000000000623a                VDP_waitFadeCompletion
 .text          0x0000000000006248      0x11c /opt/gendev/sgdk1_3/lib/libmd.a(psg.o)
                0x0000000000006248                PSG_init
                0x0000000000006280                PSG_write
                0x000000000000628a                PSG_setEnvelope
                0x00000000000062ac                PSG_setTone
                0x00000000000062de                PSG_setFrequency
                0x0000000000006340                PSG_setNoise
 .text          0x0000000000006364        0x0 /opt/gendev/sgdk1_3/lib/libmd.a(z80_vgm.o)
 .text          0x0000000000006364      0x4c6 /opt/gendev/sgdk1_3/lib/libmd.a(vdp_spr.o)
                0x0000000000006364                VDP_releaseAllSprites
                0x0000000000006392                VDP_allocateSprites
                0x000000000000642c                VDP_releaseSprites
                0x0000000000006494                VDP_getAvailableSprites
                0x00000000000064a4                VDP_refreshHighestAllocatedSpriteIndex
                0x00000000000064dc                VDP_clearSprites
                0x00000000000064ea                VDP_resetSprites
                0x00000000000064f4                VDP_setSpriteFull
                0x0000000000006530                VDP_setSprite
                0x0000000000006566                VDP_setSpritePosition
                0x000000000000658e                VDP_setSpriteSize
                0x00000000000065a4                VDP_setSpriteAttribut
                0x00000000000065ba                VDP_setSpriteLink
                0x00000000000065d0                VDP_linkSprites
                0x000000000000661a                VDP_updateSprites
                0x000000000000668a                logVDPSprite
 *fill*         0x000000000000682a        0x2 
 .text          0x000000000000682c      0xbe8 /opt/gendev/sgdk1_3/lib/libmd.a(sound.o)
                0x000000000000682c                SND_isPlaying_PCM
                0x000000000000686c                SND_startPlay_PCM
                0x000000000000691c                SND_stopPlay_PCM
                0x0000000000006992                SND_isPlaying_2ADPCM
                0x00000000000069d4                SND_startPlay_2ADPCM
                0x0000000000006a9e                SND_stopPlay_2ADPCM
                0x0000000000006b22                SND_isPlaying_4PCM
                0x0000000000006b64                SND_startPlay_4PCM
                0x0000000000006c48                SND_stopPlay_4PCM
                0x0000000000006ccc                SND_setVolume_4PCM
                0x0000000000006d20                SND_getVolume_4PCM
                0x0000000000006d6e                SND_isPlaying_MVS
                0x0000000000006dac                SND_startPlay_MVS
                0x0000000000006e22                SND_stopPlay_MVS
                0x0000000000006e60                SND_setTempo_MVS
                0x0000000000006e9c                SND_startDAC_MVS
                0x0000000000006f0a                SND_stopDAC_MVS
                0x0000000000006f40                SND_isPlayingPSG_MVS
                0x0000000000006f7a                SND_startPSG_MVS
                0x0000000000006fd2                SND_stopPSG_MVS
                0x0000000000007008                SND_enablePSG_MVS
                0x0000000000007054                SND_disablePSG_MVS
                0x00000000000070a0                SND_startPlay_TFM
                0x0000000000007120                SND_stopPlay_TFM
                0x0000000000007134                SND_stopPlay_VGM
                0x000000000000716c                SND_resumePlay_VGM
                0x00000000000071a4                SND_isPlaying_VGM
                0x00000000000071e0                SND_startPlay_VGM
                0x000000000000726a                SND_playSfx_VGM
                0x00000000000072d8                SND_isPlaying_XGM
                0x00000000000072e0                SND_startPlay_XGM
                0x00000000000072ee                SND_stopPlay_XGM
                0x00000000000072f6                SND_pausePlay_XGM
                0x00000000000072fe                SND_resumePlay_XGM
                0x0000000000007306                SND_isPlayingPCM_XGM
                0x0000000000007318                SND_setPCM_XGM
                0x0000000000007334                SND_setPCMFast_XGM
                0x0000000000007350                SND_startPlayPCM_XGM
                0x0000000000007374                SND_stopPlayPCM_XGM
                0x0000000000007386                SND_setLoopNumber_XGM
                0x000000000000739a                SND_set68KBUSProtection_XGM
                0x00000000000073ac                SND_nextXFrame_XGM
                0x00000000000073be                SND_getManualSync_XGM
                0x00000000000073c6                SND_setManualSync_XGM
                0x00000000000073d8                SND_getForceDelayDMA_XGM
                0x00000000000073e0                SND_setForceDelayDMA_XGM
                0x00000000000073f2                SND_getMusicTempo_XGM
                0x00000000000073fa                SND_setMusicTempo_XGM
                0x000000000000740c                SND_getCPULoad_XGM
 .text          0x0000000000007414      0x924 /opt/gendev/sgdk1_3/lib/libmd.a(string.o)
                0x0000000000007414                strlen
                0x00000000000074ee                strnlen
                0x000000000000752a                strcmp
                0x000000000000754a                strclr
                0x0000000000007554                strcpy
                0x0000000000007566                strncpy
                0x000000000000759c                strcat
                0x00000000000075ba                strreplacechar
                0x00000000000075e0                intToStr
                0x0000000000007610                uintToStr
                0x000000000000762c                intToHex
                0x00000000000076d8                fix32ToStr
                0x0000000000007780                fix16ToStr
                0x0000000000007826                sprintf
 .text          0x0000000000007d38      0x270 /opt/gendev/sgdk1_3/lib/libmd.a(vdp_dma.o)
                0x0000000000007d38                VDP_doDMAEx
                0x0000000000007e92                VDP_doDMA
                0x0000000000007ebc                VDP_doVRamDMAFill
                0x0000000000007f30                VDP_doVRamDMACopy
 .text          0x0000000000007fa8     0x124e /opt/gendev/sgdk1_3/lib/libmd.a(bmp.o)
                0x0000000000008188                BMP_end
                0x0000000000008208                BMP_reset
                0x0000000000008378                BMP_init
                0x00000000000083ec                BMP_setBufferCopy
                0x0000000000008406                BMP_hasFlipRequestPending
                0x0000000000008414                BMP_waitWhileFlipRequestPending
                0x0000000000008424                BMP_hasFlipInProgess
                0x0000000000008430                BMP_waitFlipComplete
                0x0000000000008440                BMP_flip
                0x0000000000008492                BMP_drawText
                0x00000000000084e8                BMP_clearText
                0x0000000000008546                BMP_clearTextLine
                0x000000000000858e                BMP_showFPS
                0x0000000000008656                BMP_clear
                0x0000000000008666                BMP_getWritePointer
                0x0000000000008682                BMP_getReadPointer
                0x000000000000869e                BMP_getPixel
                0x00000000000086d6                BMP_setPixel
                0x000000000000870e                BMP_setPixels_V2D
                0x000000000000875e                BMP_setPixels
                0x00000000000087ba                BMP_drawBitmapData
                0x0000000000008862                BMP_drawBitmap
                0x0000000000008936                BMP_loadBitmapData
                0x0000000000008968                BMP_loadBitmap
                0x000000000000898e                BMP_getBitmapPalette
                0x00000000000089aa                BMP_scale
                0x0000000000008a7c                BMP_drawBitmapScaled
                0x0000000000008b86                BMP_loadAndScaleBitmap
                0x0000000000008bbc                BMP_doVBlankProcess
                0x0000000000008bc4                BMP_doHBlankProcess
 *fill*         0x00000000000091f6        0x2 
 .text          0x00000000000091f8      0x1dc /opt/gendev/sgdk1_3/lib/libmd.a(timer.o)
                0x00000000000091f8                getSubTick
                0x0000000000009248                getTick
                0x0000000000009274                getTime
                0x0000000000009296                getTimeAsFix32
                0x00000000000092a8                startTimer
                0x00000000000092ca                getTimer
                0x0000000000009308                waitSubTick
                0x0000000000009356                waitTick
                0x00000000000093a4                waitMs
 .text          0x00000000000093d4      0x5dc /opt/gendev/sgdk1_3/lib/libmd.a(tile_cache.o)
                0x000000000000947a                TC_init
                0x00000000000094b4                TC_end
                0x000000000000951c                TC_createCacheEx
                0x0000000000009562                TC_createCache
                0x0000000000009584                TC_releaseCache
                0x0000000000009596                TC_clearCache
                0x00000000000095a8                TC_flushCache
                0x00000000000095b2                TC_reAlloc
                0x0000000000009632                TC_alloc
                0x00000000000098b0                TC_free
                0x000000000000991e                TC_getTileIndex
                0x0000000000009962                TC_uploadAtVBlank
                0x0000000000009996                TC_doVBlankProcess
 .text          0x00000000000099b0      0x7e6 /opt/gendev/sgdk1_3/lib/libmd.a(vdp_bg.o)
                0x00000000000099b0                VDP_setHorizontalScroll
                0x00000000000099f6                VDP_setHorizontalScrollTile
                0x0000000000009a8e                VDP_setHorizontalScrollLine
                0x0000000000009b26                VDP_setVerticalScroll
                0x0000000000009b60                VDP_setVerticalScrollTile
                0x0000000000009bea                VDP_clearPlan
                0x0000000000009c9c                VDP_getTextPlan
                0x0000000000009ca4                VDP_getTextPalette
                0x0000000000009cb4                VDP_getTextPriority
                0x0000000000009cc0                VDP_setTextPlan
                0x0000000000009cca                VDP_setTextPalette
                0x0000000000009cec                VDP_setTextPriority
                0x0000000000009d0e                VDP_drawTextBG
                0x0000000000009dc2                VDP_clearTextBG
                0x0000000000009df2                VDP_clearTextAreaBG
                0x0000000000009e26                VDP_clearTextLineBG
                0x0000000000009e68                VDP_drawText
                0x0000000000009e8e                VDP_clearText
                0x0000000000009eb8                VDP_clearTextArea
                0x0000000000009eea                VDP_clearTextLine
                0x0000000000009f02                VDP_drawBitmapEx
                0x0000000000009ff4                VDP_drawBitmap
                0x000000000000a07a                VDP_drawImageEx
                0x000000000000a11a                VDP_drawImage
 *fill*         0x000000000000a196        0x2 
 .text          0x000000000000a198      0x1b8 /opt/gendev/sgdk1_3/lib/libmd.a(memory_a.o)
                0x000000000000a198                memset
                0x000000000000a210                memsetU16
                0x000000000000a26e                memsetU32
                0x000000000000a2ac                memcpy
 *fill*         0x000000000000a350       0xb0 
 .text          0x000000000000a400       0x80 /opt/gendev/sgdk1_3/lib/libmd.a(smp_null_pcm.o)
                0x000000000000a400                smp_null_pcm
 .text          0x000000000000a480      0x102 /opt/gendev/sgdk1_3/lib/libmd.a(vdp_tile_a.o)
                0x000000000000a480                VDP_loadTileData
                0x000000000000a4fc                VDP_loadBMPTileData
 *fill*         0x000000000000a582        0x2 
 .text          0x000000000000a584      0x15c /opt/gendev/sgdk1_3/lib/libmd.a(vdp_pal_a.o)
                0x000000000000a584                VDP_getPaletteColors
                0x000000000000a5ea                VDP_setPaletteColors
                0x000000000000a650                VDP_getPalette
                0x000000000000a698                VDP_setPalette
 .text          0x000000000000a6e0       0x56 /opt/gendev/sgdk1_3/lib/libmd.a(sys_a.o)
                0x000000000000a6e0                SYS_assertReset
                0x000000000000a6e4                SYS_reset
                0x000000000000a6f2                SYS_hardReset
                0x000000000000a700                SYS_getInterruptMaskLevel
                0x000000000000a70a                SYS_setInterruptMaskLevel
                0x000000000000a71c                SYS_getAndSetInterruptMaskLevel
 *fill*         0x000000000000a736        0x2 
 .text          0x000000000000a738       0x88 /opt/gendev/sgdk1_3/lib/libmd.a(kdebug.o)
                0x000000000000a738                KDebug_Halt
                0x000000000000a742                KDebug_Alert
                0x000000000000a75e                KDebug_AlertNumber
                0x000000000000a7ac                KDebug_StartTimer
                0x000000000000a7b6                KDebug_StopTimer
 *fill*         0x000000000000a7c0       0x40 
 .text          0x000000000000a800      0x100 /opt/gendev/sgdk1_3/lib/libmd.a(smp_null.o)
                0x000000000000a800                smp_null
 .text          0x000000000000a900     0x14dc /opt/gendev/sgdk1_3/lib/libmd.a(bmp_a.o)
                0x000000000000a900                clearBitmapBuffer
                0x000000000000a96a                copyBitmapBuffer
                0x000000000000ab28                BMP_clipLine
                0x000000000000ab44                BMP_drawLine
                0x000000000000abb4                BMP_isPolygonCulled
                0x000000000000b4e0                BMP_drawPolygon
 .text          0x000000000000bddc      0xae2 /opt/gendev/sgdk1_3/lib/libmd.a(tools_a.o)
                0x000000000000bddc                qsort
                0x000000000000be78                aplib_unpack
                0x000000000000be7e                aplib_decrunch
                0x000000000000bf20                lz4w_unpack
                0x000000000000bf28                lz4w_unpack_a
 *fill*         0x000000000000c8be        0x2 
 .text          0x000000000000c8c0      0xb2c /opt/gendev/sgdk1_3/lib/libmd.a(z80_drv1.o)
                0x000000000000c8c0                z80_drv1
 .text          0x000000000000d3ec      0x69e /opt/gendev/sgdk1_3/lib/libmd.a(z80_tfm.o)
                0x000000000000d3ec                z80_tfm
 *fill*         0x000000000000da8a        0x2 
 .text          0x000000000000da8c      0xe00 /opt/gendev/sgdk1_3/lib/libmd.a(z80_drv2.o)
                0x000000000000da8c                z80_drv2
 .text          0x000000000000e88c      0xa6a /opt/gendev/sgdk1_3/lib/libmd.a(z80_drv3.o)
                0x000000000000e88c                z80_drv3
 *fill*         0x000000000000f2f6        0x2 
 .text          0x000000000000f2f8     0x1700 /opt/gendev/sgdk1_3/lib/libmd.a(z80_xgm.o)
                0x000000000000f2f8                z80_xgm
 .text          0x00000000000109f8      0xa5c /opt/gendev/sgdk1_3/lib/libmd.a(z80_mvs.o)
                0x00000000000109f8                z80_mvs
 .text          0x0000000000011454        0x0 /opt/gendev/sgdk1_3/lib/libmd.a(libres.o)
 .text          0x0000000000011454        0x0 /opt/gendev/sgdk1_3/lib/libmd.a(tab_vol.o)
 .text          0x0000000000011454     0x1846 /opt/gendev/sgdk1_3/lib/libmd.a(joy.o)
                0x0000000000011ec0                JOY_setEventHandler
                0x0000000000011eca                JOY_setSupport
                0x00000000000122fa                JOY_init
                0x00000000000126b6                JOY_getPortType
                0x00000000000126d6                JOY_getJoypadType
                0x00000000000126f6                JOY_readJoypad
                0x0000000000012746                JOY_readJoypadX
                0x0000000000012768                JOY_readJoypadY
                0x000000000001278a                JOY_update
                0x0000000000012ba8                JOY_waitPressTime
                0x0000000000012c4c                JOY_waitPressBtn
                0x0000000000012c62                JOY_waitPressBtnTime
                0x0000000000012c7e                JOY_waitPress
 *fill*         0x0000000000012c9a        0x2 
 .text          0x0000000000012c9c      0x738 /opt/gendev/sgdk1_3/lib/libmd.a(xgm.o)
                0x0000000000012c9c                XGM_isPlaying
                0x0000000000012cdc                XGM_startPlay
                0x0000000000012df4                XGM_stopPlay
                0x0000000000012e6a                XGM_pausePlay
                0x0000000000012ea8                XGM_resumePlay
                0x0000000000012eee                XGM_isPlayingPCM
                0x0000000000012f30                XGM_setPCMFast
                0x0000000000012f6e                XGM_setPCM
                0x0000000000012fba                XGM_startPlayPCM
                0x0000000000013026                XGM_stopPlayPCM
                0x0000000000013086                XGM_setLoopNumber
                0x00000000000130c6                XGM_set68KBUSProtection
                0x00000000000130f6                XGM_nextXFrame
                0x000000000001314c                XGM_getManualSync
                0x0000000000013158                XGM_setManualSync
                0x00000000000131a0                XGM_getForceDelayDMA
                0x00000000000131ac                XGM_setForceDelayDMA
                0x00000000000131d4                XGM_getMusicTempo
                0x00000000000131dc                XGM_setMusicTempo
                0x0000000000013204                XGM_getElapsed
                0x000000000001325e                XGM_getCPULoad
                0x000000000001332c                XGM_resetLoadCalculation
                0x0000000000013358                XGM_doVBlankProcess
 .text          0x00000000000133d4        0xc /opt/gendev/sgdk1_3/lib/libmd.a(types.o)
                0x00000000000133d4                getZeroU8
                0x00000000000133d8                getZeroU16
                0x00000000000133dc                getZeroU32
 .text          0x00000000000133e0       0x22 /opt/gendev/lib/gcc/m68k-elf/6.3.0/libgcc.a(_mulsi3.o)
                0x00000000000133e0                __mulsi3
 *fill*         0x0000000000013402        0x2 
 .text          0x0000000000013404       0x5c /opt/gendev/lib/gcc/m68k-elf/6.3.0/libgcc.a(_udivsi3.o)
                0x0000000000013404                __udivsi3
 .text          0x0000000000013460       0x2e /opt/gendev/lib/gcc/m68k-elf/6.3.0/libgcc.a(_divsi3.o)
                0x0000000000013460                __divsi3
 *fill*         0x000000000001348e        0x2 
 .text          0x0000000000013490       0x2e /opt/gendev/lib/gcc/m68k-elf/6.3.0/libgcc.a(_umodsi3.o)
                0x0000000000013490                __umodsi3
 *fill*         0x00000000000134be        0x2 
 .text          0x00000000000134c0      0x11a src/framebuffer.o
                0x00000000000134c0                gtInitFramebuffer
                0x00000000000134d8                gtClearFramebuffer
                0x0000000000013500                gtFramebufferCopy
                0x0000000000013520                gtFramebufferBlit
                0x0000000000013546                gtFramebufferPlot
 *fill*         0x00000000000135da        0x2 
 .text          0x00000000000135dc       0x54 main.o
                0x00000000000135dc                main
                0x0000000000013630                . = ALIGN (0x4)
                0x0000000000013630                __CTOR_LIST__ = .
                0x0000000000013630        0x4 LONG 0x0 (((__CTOR_END__ - __CTOR_LIST__) / 0x4) - 0x2)
 *(.ctors)
                0x0000000000013634        0x4 LONG 0x0
                0x0000000000013638                __CTOR_END__ = .
                0x0000000000013638                __DTOR_LIST__ = .
                0x0000000000013638        0x4 LONG 0x0 (((__DTOR_END__ - __DTOR_LIST__) / 0x4) - 0x2)
 *(.dtors)
                0x000000000001363c        0x4 LONG 0x0
                0x0000000000013640                __DTOR_END__ = .
 *(.rodata .rodata.*)
 .rodata.str1.1
                0x0000000000013640      0x13e /opt/gendev/sgdk1_3/lib/libmd.a(sys.o)
 .rodata.str1.1
                0x000000000001377e       0x21 /opt/gendev/sgdk1_3/lib/libmd.a(vdp.o)
                                         0x4c (size before relaxing)
 *fill*         0x000000000001379f        0x1 
 .rodata        0x00000000000137a0        0x6 /opt/gendev/sgdk1_3/lib/libmd.a(vdp.o)
                0x00000000000137a0                PLAN_WINDOW
                0x00000000000137a2                PLAN_B
                0x00000000000137a4                PLAN_A
 .rodata.str1.1
                0x0000000000000000        0x2 /opt/gendev/sgdk1_3/lib/libmd.a(tools.o)
 .rodata.str1.1
                0x00000000000137a6       0x41 /opt/gendev/sgdk1_3/lib/libmd.a(memory.o)
                                         0x42 (size before relaxing)
 *fill*         0x00000000000137e7        0x1 
 .rodata        0x00000000000137e8      0x104 /opt/gendev/sgdk1_3/lib/libmd.a(vdp_pal.o)
                0x00000000000137e8                palette_blue
                0x0000000000013808                palette_green
                0x0000000000013828                palette_red
                0x0000000000013848                palette_grey
                0x0000000000013868                palette_black
                0x000000000001386c                palette_black_all
 .rodata        0x00000000000138ec      0xe40 /opt/gendev/sgdk1_3/lib/libmd.a(z80_vgm.o)
                0x00000000000138ec                z80_vgm
 .rodata.str1.1
                0x000000000001472c        0x7 /opt/gendev/sgdk1_3/lib/libmd.a(string.o)
 .rodata        0x0000000000014733       0x22 /opt/gendev/sgdk1_3/lib/libmd.a(string.o)
 *fill*         0x0000000000014755        0x1 
 .rodata        0x0000000000014756      0xcec /opt/gendev/sgdk1_3/lib/libmd.a(libres.o)
                0x00000000000150fc                logo_lib
                0x0000000000015366                font_lib
                0x000000000001538e                font_pal_lib
                0x0000000000015396                stop_xgm
 .rodata        0x0000000000015442     0x1000 /opt/gendev/sgdk1_3/lib/libmd.a(tab_vol.o)
                0x0000000000015442                tab_vol
 .rodata        0x0000000000016442       0x18 /opt/gendev/sgdk1_3/lib/libmd.a(joy.o)
 .rodata        0x000000000001645a       0x20 src/framebuffer.o
                0x000000000001645a                stdPalette
 .rodata        0x000000000001647a       0x1f main.o
 *(.gcc_except_table .gcc_except_table.*)
                0x000000000001649c                . = ALIGN (0x4)
 *fill*         0x0000000000016499        0x3 
                0x000000000001649c                __INIT_SECTION__ = .
 *(.init)
                0x000000000001649c        0x2 SHORT 0x4e75
                0x000000000001649e                __FINI_SECTION__ = .
 *(.fini)
                0x000000000001649e        0x2 SHORT 0x4e75
                0x00000000000164a0                _etext = .
 *(.lit)
                0x00000000000164a0                _stext = SIZEOF (.text)

.data           0x0000000000ff0000        0x0 load address 0x00000000000164a0
 *(.got.plt)
 *(.got)
 *(.shdata)
 *(.data .data.*)
 .data          0x0000000000ff0000        0x0 boot/sega.o
 .data          0x0000000000ff0000        0x0 /opt/gendev/sgdk1_3/lib/libmd.a(sys.o)
 .data          0x0000000000ff0000        0x0 /opt/gendev/sgdk1_3/lib/libmd.a(vdp.o)
 .data          0x0000000000ff0000        0x0 /opt/gendev/sgdk1_3/lib/libmd.a(dma.o)
 .data          0x0000000000ff0000        0x0 /opt/gendev/sgdk1_3/lib/libmd.a(tools.o)
 .data          0x0000000000ff0000        0x0 /opt/gendev/sgdk1_3/lib/libmd.a(memory.o)
 .data          0x0000000000ff0000        0x0 /opt/gendev/sgdk1_3/lib/libmd.a(vdp_tile.o)
 .data          0x0000000000ff0000        0x0 /opt/gendev/sgdk1_3/lib/libmd.a(z80_ctrl.o)
 .data          0x0000000000ff0000        0x0 /opt/gendev/sgdk1_3/lib/libmd.a(ym2612.o)
 .data          0x0000000000ff0000        0x0 /opt/gendev/sgdk1_3/lib/libmd.a(vdp_pal.o)
 .data          0x0000000000ff0000        0x0 /opt/gendev/sgdk1_3/lib/libmd.a(psg.o)
 .data          0x0000000000ff0000        0x0 /opt/gendev/sgdk1_3/lib/libmd.a(z80_vgm.o)
 .data          0x0000000000ff0000        0x0 /opt/gendev/sgdk1_3/lib/libmd.a(vdp_spr.o)
 .data          0x0000000000ff0000        0x0 /opt/gendev/sgdk1_3/lib/libmd.a(sound.o)
 .data          0x0000000000ff0000        0x0 /opt/gendev/sgdk1_3/lib/libmd.a(string.o)
 .data          0x0000000000ff0000        0x0 /opt/gendev/sgdk1_3/lib/libmd.a(vdp_dma.o)
 .data          0x0000000000ff0000        0x0 /opt/gendev/sgdk1_3/lib/libmd.a(bmp.o)
 .data          0x0000000000ff0000        0x0 /opt/gendev/sgdk1_3/lib/libmd.a(timer.o)
 .data          0x0000000000ff0000        0x0 /opt/gendev/sgdk1_3/lib/libmd.a(tile_cache.o)
 .data          0x0000000000ff0000        0x0 /opt/gendev/sgdk1_3/lib/libmd.a(vdp_bg.o)
 .data          0x0000000000ff0000        0x0 /opt/gendev/sgdk1_3/lib/libmd.a(memory_a.o)
 .data          0x0000000000ff0000        0x0 /opt/gendev/sgdk1_3/lib/libmd.a(smp_null_pcm.o)
 .data          0x0000000000ff0000        0x0 /opt/gendev/sgdk1_3/lib/libmd.a(vdp_tile_a.o)
 .data          0x0000000000ff0000        0x0 /opt/gendev/sgdk1_3/lib/libmd.a(vdp_pal_a.o)
 .data          0x0000000000ff0000        0x0 /opt/gendev/sgdk1_3/lib/libmd.a(sys_a.o)
 .data          0x0000000000ff0000        0x0 /opt/gendev/sgdk1_3/lib/libmd.a(kdebug.o)
 .data          0x0000000000ff0000        0x0 /opt/gendev/sgdk1_3/lib/libmd.a(smp_null.o)
 .data          0x0000000000ff0000        0x0 /opt/gendev/sgdk1_3/lib/libmd.a(bmp_a.o)
 .data          0x0000000000ff0000        0x0 /opt/gendev/sgdk1_3/lib/libmd.a(tools_a.o)
 .data          0x0000000000ff0000        0x0 /opt/gendev/sgdk1_3/lib/libmd.a(z80_drv1.o)
 .data          0x0000000000ff0000        0x0 /opt/gendev/sgdk1_3/lib/libmd.a(z80_tfm.o)
 .data          0x0000000000ff0000        0x0 /opt/gendev/sgdk1_3/lib/libmd.a(z80_drv2.o)
 .data          0x0000000000ff0000        0x0 /opt/gendev/sgdk1_3/lib/libmd.a(z80_drv3.o)
 .data          0x0000000000ff0000        0x0 /opt/gendev/sgdk1_3/lib/libmd.a(z80_xgm.o)
 .data          0x0000000000ff0000        0x0 /opt/gendev/sgdk1_3/lib/libmd.a(z80_mvs.o)
 .data          0x0000000000ff0000        0x0 /opt/gendev/sgdk1_3/lib/libmd.a(libres.o)
 .data          0x0000000000ff0000        0x0 /opt/gendev/sgdk1_3/lib/libmd.a(tab_vol.o)
 .data          0x0000000000ff0000        0x0 /opt/gendev/sgdk1_3/lib/libmd.a(joy.o)
 .data          0x0000000000ff0000        0x0 /opt/gendev/sgdk1_3/lib/libmd.a(xgm.o)
 .data          0x0000000000ff0000        0x0 /opt/gendev/sgdk1_3/lib/libmd.a(types.o)
 .data          0x0000000000ff0000        0x0 /opt/gendev/lib/gcc/m68k-elf/6.3.0/libgcc.a(_mulsi3.o)
 .data          0x0000000000ff0000        0x0 /opt/gendev/lib/gcc/m68k-elf/6.3.0/libgcc.a(_udivsi3.o)
 .data          0x0000000000ff0000        0x0 /opt/gendev/lib/gcc/m68k-elf/6.3.0/libgcc.a(_divsi3.o)
 .data          0x0000000000ff0000        0x0 /opt/gendev/lib/gcc/m68k-elf/6.3.0/libgcc.a(_umodsi3.o)
 .data          0x0000000000ff0000        0x0 src/framebuffer.o
 .data          0x0000000000ff0000        0x0 main.o
                0x0000000000ff0000                _edata = .
                0x0000000000000000                _sdata = SIZEOF (.data)

.bss            0x0000000000ff0000     0x95ac load address 0x00000000000164a0
                0x0000000000ff0000                _start = .
 *(.shbss)
 *(.bss .bss.*)
 .bss           0x0000000000ff0000        0x0 boot/sega.o
 .bss           0x0000000000ff0000       0x14 /opt/gendev/sgdk1_3/lib/libmd.a(sys.o)
 .bss           0x0000000000ff0014       0x13 /opt/gendev/sgdk1_3/lib/libmd.a(vdp.o)
 *fill*         0x0000000000ff0027        0x1 
 .bss           0x0000000000ff0028       0x16 /opt/gendev/sgdk1_3/lib/libmd.a(dma.o)
                0x0000000000ff0028                dmaQueues
 *fill*         0x0000000000ff003e        0x2 
 .bss           0x0000000000ff0040       0x10 /opt/gendev/sgdk1_3/lib/libmd.a(tools.o)
 .bss           0x0000000000ff0050        0x8 /opt/gendev/sgdk1_3/lib/libmd.a(memory.o)
 .bss           0x0000000000ff0058        0x0 /opt/gendev/sgdk1_3/lib/libmd.a(vdp_tile.o)
 .bss           0x0000000000ff0058        0x0 /opt/gendev/sgdk1_3/lib/libmd.a(z80_ctrl.o)
 .bss           0x0000000000ff0058        0x0 /opt/gendev/sgdk1_3/lib/libmd.a(ym2612.o)
 .bss           0x0000000000ff0058      0x386 /opt/gendev/sgdk1_3/lib/libmd.a(vdp_pal.o)
 *fill*         0x0000000000ff03de        0x2 
 .bss           0x0000000000ff03e0        0x0 /opt/gendev/sgdk1_3/lib/libmd.a(psg.o)
 .bss           0x0000000000ff03e0        0x0 /opt/gendev/sgdk1_3/lib/libmd.a(z80_vgm.o)
 .bss           0x0000000000ff03e0      0x144 /opt/gendev/sgdk1_3/lib/libmd.a(vdp_spr.o)
 .bss           0x0000000000ff0524        0x0 /opt/gendev/sgdk1_3/lib/libmd.a(sound.o)
 .bss           0x0000000000ff0524        0x0 /opt/gendev/sgdk1_3/lib/libmd.a(string.o)
 .bss           0x0000000000ff0524        0x0 /opt/gendev/sgdk1_3/lib/libmd.a(vdp_dma.o)
 .bss           0x0000000000ff0524       0x14 /opt/gendev/sgdk1_3/lib/libmd.a(bmp.o)
 .bss           0x0000000000ff0538       0x40 /opt/gendev/sgdk1_3/lib/libmd.a(timer.o)
 .bss           0x0000000000ff0578        0x4 /opt/gendev/sgdk1_3/lib/libmd.a(tile_cache.o)
 .bss           0x0000000000ff057c        0x4 /opt/gendev/sgdk1_3/lib/libmd.a(vdp_bg.o)
 .bss           0x0000000000ff0580        0x0 /opt/gendev/sgdk1_3/lib/libmd.a(memory_a.o)
 .bss           0x0000000000ff0580        0x0 /opt/gendev/sgdk1_3/lib/libmd.a(smp_null_pcm.o)
 .bss           0x0000000000ff0580        0x0 /opt/gendev/sgdk1_3/lib/libmd.a(vdp_tile_a.o)
 .bss           0x0000000000ff0580        0x0 /opt/gendev/sgdk1_3/lib/libmd.a(vdp_pal_a.o)
 .bss           0x0000000000ff0580        0x0 /opt/gendev/sgdk1_3/lib/libmd.a(sys_a.o)
 .bss           0x0000000000ff0580        0x0 /opt/gendev/sgdk1_3/lib/libmd.a(kdebug.o)
 .bss           0x0000000000ff0580        0x0 /opt/gendev/sgdk1_3/lib/libmd.a(smp_null.o)
 .bss           0x0000000000ff0580        0x0 /opt/gendev/sgdk1_3/lib/libmd.a(bmp_a.o)
 .bss           0x0000000000ff0580        0x0 /opt/gendev/sgdk1_3/lib/libmd.a(tools_a.o)
 .bss           0x0000000000ff0580        0x0 /opt/gendev/sgdk1_3/lib/libmd.a(z80_drv1.o)
 .bss           0x0000000000ff0580        0x0 /opt/gendev/sgdk1_3/lib/libmd.a(z80_tfm.o)
 .bss           0x0000000000ff0580        0x0 /opt/gendev/sgdk1_3/lib/libmd.a(z80_drv2.o)
 .bss           0x0000000000ff0580        0x0 /opt/gendev/sgdk1_3/lib/libmd.a(z80_drv3.o)
 .bss           0x0000000000ff0580        0x0 /opt/gendev/sgdk1_3/lib/libmd.a(z80_xgm.o)
 .bss           0x0000000000ff0580        0x0 /opt/gendev/sgdk1_3/lib/libmd.a(z80_mvs.o)
 .bss           0x0000000000ff0580        0x0 /opt/gendev/sgdk1_3/lib/libmd.a(libres.o)
 .bss           0x0000000000ff0580        0x0 /opt/gendev/sgdk1_3/lib/libmd.a(tab_vol.o)
 .bss           0x0000000000ff0580       0x46 /opt/gendev/sgdk1_3/lib/libmd.a(joy.o)
 *fill*         0x0000000000ff05c6        0x2 
 .bss           0x0000000000ff05c8       0x8c /opt/gendev/sgdk1_3/lib/libmd.a(xgm.o)
                0x0000000000ff05c8                xgmTempoCnt
 .bss           0x0000000000ff0654        0x0 /opt/gendev/sgdk1_3/lib/libmd.a(types.o)
 .bss           0x0000000000ff0654        0x0 /opt/gendev/lib/gcc/m68k-elf/6.3.0/libgcc.a(_mulsi3.o)
 .bss           0x0000000000ff0654        0x0 /opt/gendev/lib/gcc/m68k-elf/6.3.0/libgcc.a(_udivsi3.o)
 .bss           0x0000000000ff0654        0x0 /opt/gendev/lib/gcc/m68k-elf/6.3.0/libgcc.a(_divsi3.o)
 .bss           0x0000000000ff0654        0x0 /opt/gendev/lib/gcc/m68k-elf/6.3.0/libgcc.a(_umodsi3.o)
 .bss           0x0000000000ff0654     0x8c04 src/framebuffer.o
 .bss           0x0000000000ff9258        0x0 main.o
 *(COMMON)
 COMMON         0x0000000000ff9258       0x94 /opt/gendev/sgdk1_3/lib/libmd.a(sys.o)
                0x0000000000ff9258                illegalInstCB
                0x0000000000ff925c                errorExceptionCB
                0x0000000000ff9260                trapvInstCB
                0x0000000000ff9264                chkInstCB
                0x0000000000ff9268                registerState
                0x0000000000ff92a8                srState
                0x0000000000ff92aa                line1x1xCB
                0x0000000000ff92ae                ext2State
                0x0000000000ff92b0                traceCB
                0x0000000000ff92b4                intTrace
                0x0000000000ff92b6                zeroDivideCB
                0x0000000000ff92ba                internalExtIntCB
                0x0000000000ff92be                internalVIntCB
                0x0000000000ff92c2                intCB
                0x0000000000ff92c6                addressErrorCB
                0x0000000000ff92ca                VIntProcess
                0x0000000000ff92ce                ExtIntProcess
                0x0000000000ff92d2                HIntProcess
                0x0000000000ff92d6                privilegeViolationCB
                0x0000000000ff92da                pcState
                0x0000000000ff92de                ext1State
                0x0000000000ff92e0                busErrorCB
                0x0000000000ff92e4                internalHIntCB
                0x0000000000ff92e8                addrState
 COMMON         0x0000000000ff92ec       0x1c /opt/gendev/sgdk1_3/lib/libmd.a(vdp.o)
                0x0000000000ff92ec                window_addr
                0x0000000000ff92ee                hscrl_addr
                0x0000000000ff92f0                planHeightSft
                0x0000000000ff92f2                windowWidth
                0x0000000000ff92f4                planWidth
                0x0000000000ff92f6                slist_addr
                0x0000000000ff92f8                windowWidthSft
                0x0000000000ff92fa                screenHeight
                0x0000000000ff92fc                screenWidth
                0x0000000000ff92fe                maps_addr
                0x0000000000ff9300                planWidthSft
                0x0000000000ff9302                planHeight
                0x0000000000ff9304                aplan_addr
                0x0000000000ff9306                bplan_addr
 COMMON         0x0000000000ff9308        0x2 /opt/gendev/sgdk1_3/lib/libmd.a(tools.o)
                0x0000000000ff9308                randbase
 COMMON         0x0000000000ff930a        0x4 /opt/gendev/sgdk1_3/lib/libmd.a(z80_ctrl.o)
                0x0000000000ff930a                driverFlags
                0x0000000000ff930c                currentDriver
 COMMON         0x0000000000ff930e      0x286 /opt/gendev/sgdk1_3/lib/libmd.a(vdp_spr.o)
                0x0000000000ff930e                lastAllocatedVDPSprite
                0x0000000000ff9312                vdpSpriteCache
                0x0000000000ff9592                highestVDPSpriteIndex
 COMMON         0x0000000000ff9594        0xe /opt/gendev/sgdk1_3/lib/libmd.a(bmp.o)
                0x0000000000ff9594                bmp_buffer_write
                0x0000000000ff9598                bmp_buffer_read
                0x0000000000ff959c                bmp_plan
                0x0000000000ff959e                bmp_plan_adr
 COMMON         0x0000000000ff95a2        0x4 /opt/gendev/sgdk1_3/lib/libmd.a(timer.o)
                0x0000000000ff95a2                vtimer
 COMMON         0x0000000000ff95a6        0x4 /opt/gendev/sgdk1_3/lib/libmd.a(tile_cache.o)
                0x0000000000ff95a6                uploads
 COMMON         0x0000000000ff95aa        0x2 /opt/gendev/sgdk1_3/lib/libmd.a(vdp_bg.o)
                0x0000000000ff95aa                curTileInd
                0x0000000000ff95ac                _bend = .

.stab
 *(.stab)

.stabstr
 *(.stabstr)

.eh_frame
 *(.eh_frame)
LOAD boot/sega.o
LOAD /opt/gendev/sgdk1_3/lib/libmd.a
LOAD /opt/gendev/lib/gcc/m68k-elf/6.3.0/libgcc.a
LOAD src/framebuffer.o
LOAD main.o
LOAD /opt/gendev/sgdk1_3/lib/libmd.a
LOAD /opt/gendev/m68k-elf/lib/libnosys.a
OUTPUT(out.elf elf32-m68k)

.comment        0x0000000000000000       0x11
 .comment       0x0000000000000000       0x11 /opt/gendev/sgdk1_3/lib/libmd.a(sys.o)
                                         0x12 (size before relaxing)
 .comment       0x0000000000000000       0x12 /opt/gendev/sgdk1_3/lib/libmd.a(vdp.o)
 .comment       0x0000000000000000       0x12 /opt/gendev/sgdk1_3/lib/libmd.a(dma.o)
 .comment       0x0000000000000000       0x12 /opt/gendev/sgdk1_3/lib/libmd.a(tools.o)
 .comment       0x0000000000000000       0x12 /opt/gendev/sgdk1_3/lib/libmd.a(memory.o)
 .comment       0x0000000000000000       0x12 /opt/gendev/sgdk1_3/lib/libmd.a(vdp_tile.o)
 .comment       0x0000000000000000       0x12 /opt/gendev/sgdk1_3/lib/libmd.a(z80_ctrl.o)
 .comment       0x0000000000000000       0x12 /opt/gendev/sgdk1_3/lib/libmd.a(ym2612.o)
 .comment       0x0000000000000000       0x12 /opt/gendev/sgdk1_3/lib/libmd.a(vdp_pal.o)
 .comment       0x0000000000000000       0x12 /opt/gendev/sgdk1_3/lib/libmd.a(psg.o)
 .comment       0x0000000000000000       0x12 /opt/gendev/sgdk1_3/lib/libmd.a(z80_vgm.o)
 .comment       0x0000000000000000       0x12 /opt/gendev/sgdk1_3/lib/libmd.a(vdp_spr.o)
 .comment       0x0000000000000000       0x12 /opt/gendev/sgdk1_3/lib/libmd.a(sound.o)
 .comment       0x0000000000000000       0x12 /opt/gendev/sgdk1_3/lib/libmd.a(string.o)
 .comment       0x0000000000000000       0x12 /opt/gendev/sgdk1_3/lib/libmd.a(vdp_dma.o)
 .comment       0x0000000000000000       0x12 /opt/gendev/sgdk1_3/lib/libmd.a(bmp.o)
 .comment       0x0000000000000000       0x12 /opt/gendev/sgdk1_3/lib/libmd.a(timer.o)
 .comment       0x0000000000000000       0x12 /opt/gendev/sgdk1_3/lib/libmd.a(tile_cache.o)
 .comment       0x0000000000000000       0x12 /opt/gendev/sgdk1_3/lib/libmd.a(vdp_bg.o)
 .comment       0x0000000000000000       0x12 /opt/gendev/sgdk1_3/lib/libmd.a(tab_vol.o)
 .comment       0x0000000000000000       0x12 /opt/gendev/sgdk1_3/lib/libmd.a(joy.o)
 .comment       0x0000000000000000       0x12 /opt/gendev/sgdk1_3/lib/libmd.a(xgm.o)
 .comment       0x0000000000000000       0x12 /opt/gendev/sgdk1_3/lib/libmd.a(types.o)
 .comment       0x0000000000000000       0x12 src/framebuffer.o
 .comment       0x0000000000000000       0x12 main.o

.debug_line     0x0000000000000000      0x1cd
 .debug_line    0x0000000000000000       0x6a /opt/gendev/lib/gcc/m68k-elf/6.3.0/libgcc.a(_mulsi3.o)
 .debug_line    0x000000000000006a       0x83 /opt/gendev/lib/gcc/m68k-elf/6.3.0/libgcc.a(_udivsi3.o)
 .debug_line    0x00000000000000ed       0x72 /opt/gendev/lib/gcc/m68k-elf/6.3.0/libgcc.a(_divsi3.o)
 .debug_line    0x000000000000015f       0x6e /opt/gendev/lib/gcc/m68k-elf/6.3.0/libgcc.a(_umodsi3.o)

.debug_info     0x0000000000000000      0x270
 .debug_info    0x0000000000000000       0x9c /opt/gendev/lib/gcc/m68k-elf/6.3.0/libgcc.a(_mulsi3.o)
 .debug_info    0x000000000000009c       0x9c /opt/gendev/lib/gcc/m68k-elf/6.3.0/libgcc.a(_udivsi3.o)
 .debug_info    0x0000000000000138       0x9c /opt/gendev/lib/gcc/m68k-elf/6.3.0/libgcc.a(_divsi3.o)
 .debug_info    0x00000000000001d4       0x9c /opt/gendev/lib/gcc/m68k-elf/6.3.0/libgcc.a(_umodsi3.o)

.debug_abbrev   0x0000000000000000       0x50
 .debug_abbrev  0x0000000000000000       0x14 /opt/gendev/lib/gcc/m68k-elf/6.3.0/libgcc.a(_mulsi3.o)
 .debug_abbrev  0x0000000000000014       0x14 /opt/gendev/lib/gcc/m68k-elf/6.3.0/libgcc.a(_udivsi3.o)
 .debug_abbrev  0x0000000000000028       0x14 /opt/gendev/lib/gcc/m68k-elf/6.3.0/libgcc.a(_divsi3.o)
 .debug_abbrev  0x000000000000003c       0x14 /opt/gendev/lib/gcc/m68k-elf/6.3.0/libgcc.a(_umodsi3.o)

.debug_aranges  0x0000000000000000       0x80
 .debug_aranges
                0x0000000000000000       0x20 /opt/gendev/lib/gcc/m68k-elf/6.3.0/libgcc.a(_mulsi3.o)
 .debug_aranges
                0x0000000000000020       0x20 /opt/gendev/lib/gcc/m68k-elf/6.3.0/libgcc.a(_udivsi3.o)
 .debug_aranges
                0x0000000000000040       0x20 /opt/gendev/lib/gcc/m68k-elf/6.3.0/libgcc.a(_divsi3.o)
 .debug_aranges
                0x0000000000000060       0x20 /opt/gendev/lib/gcc/m68k-elf/6.3.0/libgcc.a(_umodsi3.o)
