Archive member included because of file (symbol)

/opt/gendev/sgdk1_3/lib/libmd.a(sys.o)
                              boot/sega.o (registerState)
/opt/gendev/sgdk1_3/lib/libmd.a(vdp.o)
                              /opt/gendev/sgdk1_3/lib/libmd.a(sys.o) (VDP_init)
/opt/gendev/sgdk1_3/lib/libmd.a(dma.o)
                              /opt/gendev/sgdk1_3/lib/libmd.a(sys.o) (DMA_init)
/opt/gendev/sgdk1_3/lib/libmd.a(tools.o)
                              /opt/gendev/sgdk1_3/lib/libmd.a(sys.o) (setRandomSeed)
/opt/gendev/sgdk1_3/lib/libmd.a(memory.o)
                              /opt/gendev/sgdk1_3/lib/libmd.a(sys.o) (MEM_init)
/opt/gendev/sgdk1_3/lib/libmd.a(vdp_tile.o)
                              /opt/gendev/sgdk1_3/lib/libmd.a(vdp.o) (VDP_loadFont)
/opt/gendev/sgdk1_3/lib/libmd.a(z80_ctrl.o)
                              /opt/gendev/sgdk1_3/lib/libmd.a(sys.o) (Z80_init)
/opt/gendev/sgdk1_3/lib/libmd.a(ym2612.o)
                              /opt/gendev/sgdk1_3/lib/libmd.a(z80_ctrl.o) (YM2612_reset)
/opt/gendev/sgdk1_3/lib/libmd.a(vdp_pal.o)
                              /opt/gendev/sgdk1_3/lib/libmd.a(sys.o) (VDP_doStepFading)
/opt/gendev/sgdk1_3/lib/libmd.a(psg.o)
                              /opt/gendev/sgdk1_3/lib/libmd.a(sys.o) (PSG_init)
/opt/gendev/sgdk1_3/lib/libmd.a(z80_vgm.o)
                              /opt/gendev/sgdk1_3/lib/libmd.a(z80_ctrl.o) (z80_vgm)
/opt/gendev/sgdk1_3/lib/libmd.a(vdp_spr.o)
                              /opt/gendev/sgdk1_3/lib/libmd.a(vdp.o) (VDP_resetSprites)
/opt/gendev/sgdk1_3/lib/libmd.a(sound.o)
                              /opt/gendev/sgdk1_3/lib/libmd.a(sys.o) (SND_getForceDelayDMA_XGM)
/opt/gendev/sgdk1_3/lib/libmd.a(string.o)
                              /opt/gendev/sgdk1_3/lib/libmd.a(sys.o) (strlen)
/opt/gendev/sgdk1_3/lib/libmd.a(vdp_dma.o)
                              /opt/gendev/sgdk1_3/lib/libmd.a(vdp_tile.o) (VDP_doDMA)
/opt/gendev/sgdk1_3/lib/libmd.a(bmp.o)
                              /opt/gendev/sgdk1_3/lib/libmd.a(sys.o) (BMP_doVBlankProcess)
/opt/gendev/sgdk1_3/lib/libmd.a(timer.o)
                              /opt/gendev/sgdk1_3/lib/libmd.a(tools.o) (getSubTick)
/opt/gendev/sgdk1_3/lib/libmd.a(tile_cache.o)
                              /opt/gendev/sgdk1_3/lib/libmd.a(sys.o) (uploads)
/opt/gendev/sgdk1_3/lib/libmd.a(vdp_bg.o)
                              /opt/gendev/sgdk1_3/lib/libmd.a(vdp.o) (VDP_setHorizontalScroll)
/opt/gendev/sgdk1_3/lib/libmd.a(memory_a.o)
                              /opt/gendev/sgdk1_3/lib/libmd.a(memory.o) (memset)
/opt/gendev/sgdk1_3/lib/libmd.a(smp_null_pcm.o)
                              /opt/gendev/sgdk1_3/lib/libmd.a(z80_ctrl.o) (smp_null_pcm)
/opt/gendev/sgdk1_3/lib/libmd.a(vdp_tile_a.o)
                              /opt/gendev/sgdk1_3/lib/libmd.a(vdp_tile.o) (VDP_loadTileData)
/opt/gendev/sgdk1_3/lib/libmd.a(vdp_pal_a.o)
                              /opt/gendev/sgdk1_3/lib/libmd.a(vdp_pal.o) (VDP_getPaletteColors)
/opt/gendev/sgdk1_3/lib/libmd.a(sys_a.o)
                              /opt/gendev/sgdk1_3/lib/libmd.a(timer.o) (SYS_getInterruptMaskLevel)
/opt/gendev/sgdk1_3/lib/libmd.a(kdebug.o)
                              /opt/gendev/sgdk1_3/lib/libmd.a(tools.o) (KDebug_Alert)
/opt/gendev/sgdk1_3/lib/libmd.a(smp_null.o)
                              /opt/gendev/sgdk1_3/lib/libmd.a(z80_ctrl.o) (smp_null)
/opt/gendev/sgdk1_3/lib/libmd.a(bmp_a.o)
                              /opt/gendev/sgdk1_3/lib/libmd.a(bmp.o) (clearBitmapBuffer)
/opt/gendev/sgdk1_3/lib/libmd.a(tools_a.o)
                              /opt/gendev/sgdk1_3/lib/libmd.a(tools.o) (aplib_unpack)
/opt/gendev/sgdk1_3/lib/libmd.a(z80_drv1.o)
                              /opt/gendev/sgdk1_3/lib/libmd.a(z80_ctrl.o) (z80_drv1)
/opt/gendev/sgdk1_3/lib/libmd.a(z80_tfm.o)
                              /opt/gendev/sgdk1_3/lib/libmd.a(z80_ctrl.o) (z80_tfm)
/opt/gendev/sgdk1_3/lib/libmd.a(z80_drv2.o)
                              /opt/gendev/sgdk1_3/lib/libmd.a(z80_ctrl.o) (z80_drv2)
/opt/gendev/sgdk1_3/lib/libmd.a(z80_drv3.o)
                              /opt/gendev/sgdk1_3/lib/libmd.a(z80_ctrl.o) (z80_drv3)
/opt/gendev/sgdk1_3/lib/libmd.a(z80_xgm.o)
                              /opt/gendev/sgdk1_3/lib/libmd.a(z80_ctrl.o) (z80_xgm)
/opt/gendev/sgdk1_3/lib/libmd.a(z80_mvs.o)
                              /opt/gendev/sgdk1_3/lib/libmd.a(z80_ctrl.o) (z80_mvs)
/opt/gendev/sgdk1_3/lib/libmd.a(libres.o)
                              /opt/gendev/sgdk1_3/lib/libmd.a(vdp.o) (font_lib)
/opt/gendev/sgdk1_3/lib/libmd.a(tab_vol.o)
                              /opt/gendev/sgdk1_3/lib/libmd.a(z80_ctrl.o) (tab_vol)
/opt/gendev/sgdk1_3/lib/libmd.a(joy.o)
                              /opt/gendev/sgdk1_3/lib/libmd.a(sys.o) (JOY_init)
/opt/gendev/sgdk1_3/lib/libmd.a(xgm.o)
                              /opt/gendev/sgdk1_3/lib/libmd.a(sound.o) (XGM_isPlaying)
/opt/gendev/sgdk1_3/lib/libmd.a(types.o)
                              /opt/gendev/sgdk1_3/lib/libmd.a(z80_ctrl.o) (getZeroU8)
/opt/gendev/lib/gcc/m68k-elf/6.3.0/libgcc.a(_mulsi3.o)
                              /opt/gendev/sgdk1_3/lib/libmd.a(tools.o) (__mulsi3)
/opt/gendev/lib/gcc/m68k-elf/6.3.0/libgcc.a(_udivsi3.o)
                              /opt/gendev/sgdk1_3/lib/libmd.a(tools.o) (__udivsi3)
/opt/gendev/lib/gcc/m68k-elf/6.3.0/libgcc.a(_divsi3.o)
                              /opt/gendev/sgdk1_3/lib/libmd.a(vdp_pal.o) (__divsi3)
/opt/gendev/lib/gcc/m68k-elf/6.3.0/libgcc.a(_umodsi3.o)
                              /opt/gendev/sgdk1_3/lib/libmd.a(string.o) (__umodsi3)
/opt/gendev/sgdk1_3/lib/libmd.a(tab_sqrt.o)
                              src/raycast.o (sqrttab16)

Allocating common symbols
Common symbol       size              file

illegalInstCB       0x4               /opt/gendev/sgdk1_3/lib/libmd.a(sys.o)
window_addr         0x2               /opt/gendev/sgdk1_3/lib/libmd.a(vdp.o)
errorExceptionCB    0x4               /opt/gendev/sgdk1_3/lib/libmd.a(sys.o)
trapvInstCB         0x4               /opt/gendev/sgdk1_3/lib/libmd.a(sys.o)
hscrl_addr          0x2               /opt/gendev/sgdk1_3/lib/libmd.a(vdp.o)
vtimer              0x4               /opt/gendev/sgdk1_3/lib/libmd.a(timer.o)
driverFlags         0x2               /opt/gendev/sgdk1_3/lib/libmd.a(z80_ctrl.o)
chkInstCB           0x4               /opt/gendev/sgdk1_3/lib/libmd.a(sys.o)
registerState       0x40              /opt/gendev/sgdk1_3/lib/libmd.a(sys.o)
planHeightSft       0x2               /opt/gendev/sgdk1_3/lib/libmd.a(vdp.o)
windowWidth         0x2               /opt/gendev/sgdk1_3/lib/libmd.a(vdp.o)
planWidth           0x2               /opt/gendev/sgdk1_3/lib/libmd.a(vdp.o)
bmp_buffer_write    0x4               /opt/gendev/sgdk1_3/lib/libmd.a(bmp.o)
srState             0x2               /opt/gendev/sgdk1_3/lib/libmd.a(sys.o)
slist_addr          0x2               /opt/gendev/sgdk1_3/lib/libmd.a(vdp.o)
lastAllocatedVDPSprite
                    0x4               /opt/gendev/sgdk1_3/lib/libmd.a(vdp_spr.o)
line1x1xCB          0x4               /opt/gendev/sgdk1_3/lib/libmd.a(sys.o)
randbase            0x2               /opt/gendev/sgdk1_3/lib/libmd.a(tools.o)
windowWidthSft      0x2               /opt/gendev/sgdk1_3/lib/libmd.a(vdp.o)
ext2State           0x2               /opt/gendev/sgdk1_3/lib/libmd.a(sys.o)
traceCB             0x4               /opt/gendev/sgdk1_3/lib/libmd.a(sys.o)
intTrace            0x2               /opt/gendev/sgdk1_3/lib/libmd.a(sys.o)
zeroDivideCB        0x4               /opt/gendev/sgdk1_3/lib/libmd.a(sys.o)
curTileInd          0x2               /opt/gendev/sgdk1_3/lib/libmd.a(vdp_bg.o)
internalExtIntCB    0x4               /opt/gendev/sgdk1_3/lib/libmd.a(sys.o)
screenHeight        0x2               /opt/gendev/sgdk1_3/lib/libmd.a(vdp.o)
internalVIntCB      0x4               /opt/gendev/sgdk1_3/lib/libmd.a(sys.o)
intCB               0x4               /opt/gendev/sgdk1_3/lib/libmd.a(sys.o)
screenWidth         0x2               /opt/gendev/sgdk1_3/lib/libmd.a(vdp.o)
maps_addr           0x2               /opt/gendev/sgdk1_3/lib/libmd.a(vdp.o)
addressErrorCB      0x4               /opt/gendev/sgdk1_3/lib/libmd.a(sys.o)
bmp_buffer_read     0x4               /opt/gendev/sgdk1_3/lib/libmd.a(bmp.o)
VIntProcess         0x4               /opt/gendev/sgdk1_3/lib/libmd.a(sys.o)
currentDriver       0x2               /opt/gendev/sgdk1_3/lib/libmd.a(z80_ctrl.o)
vdpSpriteCache      0x280             /opt/gendev/sgdk1_3/lib/libmd.a(vdp_spr.o)
planWidthSft        0x2               /opt/gendev/sgdk1_3/lib/libmd.a(vdp.o)
uploads             0x4               /opt/gendev/sgdk1_3/lib/libmd.a(tile_cache.o)
ExtIntProcess       0x4               /opt/gendev/sgdk1_3/lib/libmd.a(sys.o)
HIntProcess         0x4               /opt/gendev/sgdk1_3/lib/libmd.a(sys.o)
bmp_plan            0x2               /opt/gendev/sgdk1_3/lib/libmd.a(bmp.o)
privilegeViolationCB
                    0x4               /opt/gendev/sgdk1_3/lib/libmd.a(sys.o)
pcState             0x4               /opt/gendev/sgdk1_3/lib/libmd.a(sys.o)
ext1State           0x2               /opt/gendev/sgdk1_3/lib/libmd.a(sys.o)
busErrorCB          0x4               /opt/gendev/sgdk1_3/lib/libmd.a(sys.o)
highestVDPSpriteIndex
                    0x2               /opt/gendev/sgdk1_3/lib/libmd.a(vdp_spr.o)
internalHIntCB      0x4               /opt/gendev/sgdk1_3/lib/libmd.a(sys.o)
planHeight          0x2               /opt/gendev/sgdk1_3/lib/libmd.a(vdp.o)
aplan_addr          0x2               /opt/gendev/sgdk1_3/lib/libmd.a(vdp.o)
bplan_addr          0x2               /opt/gendev/sgdk1_3/lib/libmd.a(vdp.o)
bmp_plan_adr        0x4               /opt/gendev/sgdk1_3/lib/libmd.a(bmp.o)
addrState           0x4               /opt/gendev/sgdk1_3/lib/libmd.a(sys.o)

Memory Configuration

Name             Origin             Length             Attributes
rom              0x0000000000000000 0x0000000000a00000
ram              0x0000000000ff0000 0x0000000000010000
*default*        0x0000000000000000 0xffffffffffffffff

Linker script and memory map

                0x0000000000000000                __DYNAMIC = 0x0
                0x0000000001000000                PROVIDE (__stack, 0x1000000)

.text           0x0000000000000000    0x36a04
 *(.text.keepboot)
 .text.keepboot
                0x0000000000000000      0x5ec boot/sega.o
                0x0000000000000262                _hard_reset
 *(.text.*)
 .text.startup  0x00000000000005ec       0x90 main.o
                0x00000000000005ec                main
 *(.text)
 .text          0x000000000000067c        0x0 boot/sega.o
 .text          0x000000000000067c      0xa08 /opt/gendev/sgdk1_3/lib/libmd.a(sys.o)
                0x000000000000067c                _trace_callback
                0x000000000000067e                _line1x1x_callback
                0x0000000000000680                _int_callback
                0x0000000000000682                _extint_callback
                0x0000000000000a74                _buserror_callback
                0x0000000000000a9c                _addresserror_callback
                0x0000000000000b50                _illegalinst_callback
                0x0000000000000b78                _chkinst_callback
                0x0000000000000ba0                _trapvinst_callback
                0x0000000000000bc8                _vint_callback
                0x0000000000000ce6                _hint_callback
                0x0000000000000e2a                _zerodivide_callback
                0x0000000000000e52                _privilegeviolation_callback
                0x0000000000000e7a                _errorexception_callback
                0x0000000000000ea2                _start_entry
                0x0000000000000f54                _reset_entry
                0x0000000000000f64                SYS_disableInts
                0x0000000000000f96                SYS_enableInts
                0x0000000000000fc4                SYS_setVIntPreCallback
                0x0000000000000fce                SYS_setVIntCallback
                0x0000000000000fd8                SYS_setHIntCallback
                0x0000000000000fe2                SYS_setExtIntCallback
                0x0000000000000fec                SYS_isInVIntCallback
                0x0000000000000ff8                SYS_isInHIntCallback
                0x0000000000001004                SYS_isInExtIntCallback
                0x0000000000001010                SYS_isInInterrupt
                0x0000000000001018                SYS_isNTSC
                0x0000000000001028                SYS_isPAL
                0x0000000000001034                SYS_die
 .text          0x0000000000001084      0xb26 /opt/gendev/sgdk1_3/lib/libmd.a(vdp.o)
                0x00000000000010dc                VDP_getReg
                0x00000000000010fc                VDP_setReg
                0x000000000000131a                VDP_getEnable
                0x0000000000001326                VDP_setEnable
                0x0000000000001352                VDP_getScanlineNumber
                0x0000000000001368                VDP_getScreenHeight
                0x0000000000001370                VDP_setScreenHeight224
                0x0000000000001398                VDP_setScreenHeight240
                0x00000000000013cc                VDP_getScreenWidth
                0x00000000000013d4                VDP_setScreenWidth256
                0x000000000000140c                VDP_setScreenWidth320
                0x0000000000001444                VDP_getPlanWidth
                0x000000000000144c                VDP_getPlanHeight
                0x0000000000001454                VDP_setPlanSize
                0x00000000000014fc                VDP_getVerticalScrollingMode
                0x000000000000150a                VDP_getHorizontalScrollingMode
                0x0000000000001516                VDP_setScrollingMode
                0x0000000000001544                VDP_getBackgroundColor
                0x000000000000154c                VDP_setBackgroundColor
                0x000000000000156a                VDP_getAutoInc
                0x0000000000001572                VDP_setAutoInc
                0x000000000000158c                VDP_setHInterrupt
                0x00000000000015b8                VDP_setHilightShadow
                0x00000000000015e4                VDP_getHIntCounter
                0x00000000000015ec                VDP_setHIntCounter
                0x0000000000001606                VDP_getAPlanAddress
                0x000000000000160e                VDP_getBPlanAddress
                0x0000000000001616                VDP_getWindowAddress
                0x000000000000161e                VDP_getWindowPlanAddress
                0x0000000000001626                VDP_getSpriteListAddress
                0x000000000000162e                VDP_getHScrollTableAddress
                0x0000000000001636                VDP_setAPlanAddress
                0x0000000000001664                VDP_setWindowAddress
                0x00000000000016aa                VDP_setWindowPlanAddress
                0x00000000000016ba                VDP_setBPlanAddress
                0x00000000000016e8                VDP_setSpriteListAddress
                0x000000000000172e                VDP_setHScrollTableAddress
                0x000000000000175c                VDP_setScanMode
                0x00000000000017a4                VDP_setWindowHPos
                0x00000000000017c8                VDP_setWindowVPos
                0x00000000000017ec                VDP_waitDMACompletion
                0x00000000000017fa                VDP_init
                0x0000000000001a46                VDP_waitFIFOEmpty
                0x0000000000001a54                VDP_waitVSync
                0x0000000000001a6e                VDP_resetScreen
                0x0000000000001b2c                VDP_showFPS
 *fill*         0x0000000000001baa        0x2 
 .text          0x0000000000001bac      0x680 /opt/gendev/sgdk1_3/lib/libmd.a(dma.o)
                0x0000000000001bac                DMA_getAutoFlush
                0x0000000000001bb8                DMA_setAutoFlush
                0x0000000000001bea                DMA_getIgnoreOverCapacity
                0x0000000000001bf8                DMA_setIgnoreOverCapacity
                0x0000000000001c12                DMA_getMaxTransferSize
                0x0000000000001c1a                DMA_setMaxTransferSize
                0x0000000000001c24                DMA_clearQueue
                0x0000000000001c3e                DMA_init
                0x0000000000001ca0                DMA_flushQueue
                0x0000000000001d92                DMA_getQueueSize
                0x0000000000001d9a                DMA_getQueueTransferSize
                0x0000000000001da2                DMA_queueDma
                0x0000000000001f92                DMA_waitCompletion
                0x0000000000001fa0                DMA_doDma
                0x00000000000020fa                DMA_doVRamFill
                0x00000000000021a6                DMA_doVRamCopy
 .text          0x000000000000222c     0x2132 /opt/gendev/sgdk1_3/lib/libmd.a(tools.o)
                0x000000000000222c                setRandomSeed
                0x000000000000223c                random
                0x0000000000002262                getFPS
                0x00000000000022ca                getFPS_f
                0x000000000000234c                KLog
                0x0000000000002370                KLog_U1
                0x00000000000023bc                KLog_U1_
                0x0000000000002414                KLog_U2
                0x0000000000002482                KLog_U2_
                0x00000000000024f8                KLog_U3
                0x0000000000002584                KLog_U3_
                0x0000000000002618                KLog_U4
                0x00000000000026c0                KLog_U4_
                0x0000000000002772                KLog_U1x
                0x00000000000027c6                KLog_U1x_
                0x0000000000002826                KLog_U2x
                0x000000000000289a                KLog_U2x_
                0x0000000000002916                KLog_U3x
                0x00000000000029a6                KLog_U3x_
                0x0000000000002a3e                KLog_U4x
                0x0000000000002ae8                KLog_U4x_
                0x0000000000002b9c                KLog_S1
                0x0000000000002be8                KLog_S1_
                0x0000000000002c40                KLog_S2
                0x0000000000002cae                KLog_S2_
                0x0000000000002d24                KLog_S3
                0x0000000000002db0                KLog_S3_
                0x0000000000002e44                KLog_S4
                0x0000000000002eec                KLog_S4_
                0x0000000000002f9e                KLog_S1x
                0x0000000000002ff2                KLog_S2x
                0x0000000000003066                KLog_S3x
                0x00000000000030f6                KLog_S4x
                0x00000000000031a0                KLog_f1
                0x00000000000031f0                KLog_f2
                0x0000000000003266                KLog_f3
                0x00000000000032fe                KLog_f4
                0x00000000000033b6                KLog_f1x
                0x000000000000340a                KLog_f2x
                0x0000000000003482                KLog_f3x
                0x000000000000351a                KLog_f4x
                0x00000000000035d0                KLog_F1
                0x000000000000361c                KLog_F2
                0x000000000000368a                KLog_F3
                0x0000000000003716                KLog_F4
                0x00000000000037be                KLog_F1x
                0x000000000000380e                KLog_F2x
                0x000000000000387e                KLog_F3x
                0x000000000000390a                KLog_F4x
                0x00000000000039b0                allocateBitmap
                0x0000000000003a10                allocateBitmapEx
                0x0000000000003a52                allocateTileSet
                0x0000000000003a9c                allocateTileSetEx
                0x0000000000003ac8                allocateMap
                0x0000000000003b12                allocateMapEx
                0x0000000000003b3c                allocateImage
                0x0000000000003bfa                unpack
                0x0000000000003c32                unpackBitmap
                0x0000000000003cc6                unpackTileSet
                0x0000000000003d3a                unpackMap
                0x0000000000003db2                unpackImage
                0x0000000000003e0a                partition_u8
                0x0000000000003e8e                qsort_u8
                0x0000000000003ede                partition_s8
                0x0000000000003f62                qsort_s8
                0x0000000000003fb2                partition_u16
                0x0000000000004044                qsort_u16
                0x0000000000004094                partition_s16
                0x0000000000004126                qsort_s16
                0x0000000000004176                partition_u32
                0x000000000000421a                qsort_u32
                0x000000000000426a                partition_s32
                0x000000000000430e                qsort_s32
 *fill*         0x000000000000435e        0x2 
 .text          0x0000000000004360      0x430 /opt/gendev/sgdk1_3/lib/libmd.a(memory.o)
                0x0000000000004360                MEM_init
                0x0000000000004388                MEM_getFree
                0x00000000000043b6                MEM_getAllocated
                0x00000000000043ec                MEM_free
                0x00000000000043fe                MEM_alloc
                0x00000000000044d4                MEM_dump
                0x000000000000469c                memcpyU16
                0x00000000000046ba                memcpyU32
                0x00000000000046da                fastMemset
                0x00000000000046fa                fastMemsetU16
                0x000000000000471a                fastMemsetU32
                0x0000000000004736                fastMemcpy
                0x0000000000004752                fastMemcpyU16
                0x0000000000004770                fastMemcpyU32
 .text          0x0000000000004790      0xca2 /opt/gendev/sgdk1_3/lib/libmd.a(vdp_tile.o)
                0x0000000000004790                VDP_loadTileSet
                0x0000000000004812                VDP_loadFontData
                0x0000000000004842                VDP_loadFont
                0x0000000000004868                VDP_loadBMPTileDataEx
                0x00000000000048c0                VDP_fillTileData
                0x000000000000490c                VDP_setTileMap
                0x000000000000494a                VDP_setTileMapXY
                0x0000000000004a00                VDP_fillTileMap
                0x0000000000004a96                VDP_fillTileMapRectByIndex
                0x0000000000004ac0                VDP_fillTileMapRect
                0x0000000000004bca                VDP_clearTileMap
                0x0000000000004c08                VDP_clearTileMapRectByIndex
                0x0000000000004c32                VDP_clearTileMapRect
                0x0000000000004c64                VDP_fillTileMapInc
                0x0000000000004d28                VDP_fillTileMapRectIncByIndex
                0x0000000000004d52                VDP_fillTileMapRectInc
                0x0000000000004e62                VDP_setTileMapData
                0x0000000000004f3a                VDP_setTileMapRectByIndex
                0x0000000000004f68                VDP_setTileMapDataRect
                0x000000000000508a                VDP_setTileMapDataEx
                0x0000000000005176                VDP_setTileMapRectExByIndex
                0x00000000000051a8                VDP_setTileMapDataRectEx
                0x00000000000052ec                VDP_setTileMapRectEx
                0x000000000000532e                VDP_setMapEx
                0x00000000000053f0                VDP_setMap
 *fill*         0x0000000000005432        0x2 
 .text          0x0000000000005434      0x620 /opt/gendev/sgdk1_3/lib/libmd.a(z80_ctrl.o)
                0x0000000000005434                Z80_isBusTaken
                0x0000000000005446                Z80_requestBus
                0x000000000000546c                Z80_releaseBus
                0x0000000000005476                Z80_startReset
                0x0000000000005480                Z80_endReset
                0x000000000000548a                Z80_setBank
                0x000000000000549e                Z80_init
                0x00000000000054bc                Z80_read
                0x00000000000054ce                Z80_write
                0x00000000000054e2                Z80_clear
                0x000000000000555c                Z80_upload
                0x00000000000055d4                Z80_download
                0x000000000000562c                Z80_getLoadedDriver
                0x0000000000005634                Z80_unloadDriver
                0x0000000000005668                Z80_loadCustomDriver
                0x00000000000056ac                Z80_isDriverReady
                0x00000000000056e2                Z80_loadDriver
 .text          0x0000000000005a54      0x1f0 /opt/gendev/sgdk1_3/lib/libmd.a(ym2612.o)
                0x0000000000005a54                YM2612_read
                0x0000000000005a6e                YM2612_write
                0x0000000000005a94                YM2612_reset
                0x0000000000005b7a                YM2612_writeSafe
                0x0000000000005b92                YM2612_writeReg
                0x0000000000005be4                YM2612_writeRegSafe
                0x0000000000005c06                YM2612_enableDAC
                0x0000000000005c26                YM2612_disableDAC
 .text          0x0000000000005c44      0x6c4 /opt/gendev/sgdk1_3/lib/libmd.a(vdp_pal.o)
                0x0000000000005d3c                VDP_getPaletteColor
                0x0000000000005d70                VDP_setPaletteColor
                0x0000000000005daa                VDP_doStepFading
                0x0000000000005ed0                VDP_initFading
                0x0000000000006022                VDP_interruptFade
                0x0000000000006034                VDP_fade
                0x0000000000006098                VDP_fadeTo
                0x0000000000006102                VDP_fadeOut
                0x0000000000006132                VDP_fadeIn
                0x0000000000006166                VDP_fadePal
                0x00000000000061a2                VDP_fadePalTo
                0x00000000000061da                VDP_fadePalOut
                0x0000000000006214                VDP_fadePalIn
                0x0000000000006252                VDP_fadeAll
                0x000000000000627a                VDP_fadeAllTo
                0x000000000000629e                VDP_fadeOutAll
                0x00000000000062c4                VDP_fadeInAll
                0x00000000000062ee                VDP_isDoingFade
                0x00000000000062fa                VDP_waitFadeCompletion
 .text          0x0000000000006308      0x11c /opt/gendev/sgdk1_3/lib/libmd.a(psg.o)
                0x0000000000006308                PSG_init
                0x0000000000006340                PSG_write
                0x000000000000634a                PSG_setEnvelope
                0x000000000000636c                PSG_setTone
                0x000000000000639e                PSG_setFrequency
                0x0000000000006400                PSG_setNoise
 .text          0x0000000000006424        0x0 /opt/gendev/sgdk1_3/lib/libmd.a(z80_vgm.o)
 .text          0x0000000000006424      0x4c6 /opt/gendev/sgdk1_3/lib/libmd.a(vdp_spr.o)
                0x0000000000006424                VDP_releaseAllSprites
                0x0000000000006452                VDP_allocateSprites
                0x00000000000064ec                VDP_releaseSprites
                0x0000000000006554                VDP_getAvailableSprites
                0x0000000000006564                VDP_refreshHighestAllocatedSpriteIndex
                0x000000000000659c                VDP_clearSprites
                0x00000000000065aa                VDP_resetSprites
                0x00000000000065b4                VDP_setSpriteFull
                0x00000000000065f0                VDP_setSprite
                0x0000000000006626                VDP_setSpritePosition
                0x000000000000664e                VDP_setSpriteSize
                0x0000000000006664                VDP_setSpriteAttribut
                0x000000000000667a                VDP_setSpriteLink
                0x0000000000006690                VDP_linkSprites
                0x00000000000066da                VDP_updateSprites
                0x000000000000674a                logVDPSprite
 *fill*         0x00000000000068ea        0x2 
 .text          0x00000000000068ec      0xbe8 /opt/gendev/sgdk1_3/lib/libmd.a(sound.o)
                0x00000000000068ec                SND_isPlaying_PCM
                0x000000000000692c                SND_startPlay_PCM
                0x00000000000069dc                SND_stopPlay_PCM
                0x0000000000006a52                SND_isPlaying_2ADPCM
                0x0000000000006a94                SND_startPlay_2ADPCM
                0x0000000000006b5e                SND_stopPlay_2ADPCM
                0x0000000000006be2                SND_isPlaying_4PCM
                0x0000000000006c24                SND_startPlay_4PCM
                0x0000000000006d08                SND_stopPlay_4PCM
                0x0000000000006d8c                SND_setVolume_4PCM
                0x0000000000006de0                SND_getVolume_4PCM
                0x0000000000006e2e                SND_isPlaying_MVS
                0x0000000000006e6c                SND_startPlay_MVS
                0x0000000000006ee2                SND_stopPlay_MVS
                0x0000000000006f20                SND_setTempo_MVS
                0x0000000000006f5c                SND_startDAC_MVS
                0x0000000000006fca                SND_stopDAC_MVS
                0x0000000000007000                SND_isPlayingPSG_MVS
                0x000000000000703a                SND_startPSG_MVS
                0x0000000000007092                SND_stopPSG_MVS
                0x00000000000070c8                SND_enablePSG_MVS
                0x0000000000007114                SND_disablePSG_MVS
                0x0000000000007160                SND_startPlay_TFM
                0x00000000000071e0                SND_stopPlay_TFM
                0x00000000000071f4                SND_stopPlay_VGM
                0x000000000000722c                SND_resumePlay_VGM
                0x0000000000007264                SND_isPlaying_VGM
                0x00000000000072a0                SND_startPlay_VGM
                0x000000000000732a                SND_playSfx_VGM
                0x0000000000007398                SND_isPlaying_XGM
                0x00000000000073a0                SND_startPlay_XGM
                0x00000000000073ae                SND_stopPlay_XGM
                0x00000000000073b6                SND_pausePlay_XGM
                0x00000000000073be                SND_resumePlay_XGM
                0x00000000000073c6                SND_isPlayingPCM_XGM
                0x00000000000073d8                SND_setPCM_XGM
                0x00000000000073f4                SND_setPCMFast_XGM
                0x0000000000007410                SND_startPlayPCM_XGM
                0x0000000000007434                SND_stopPlayPCM_XGM
                0x0000000000007446                SND_setLoopNumber_XGM
                0x000000000000745a                SND_set68KBUSProtection_XGM
                0x000000000000746c                SND_nextXFrame_XGM
                0x000000000000747e                SND_getManualSync_XGM
                0x0000000000007486                SND_setManualSync_XGM
                0x0000000000007498                SND_getForceDelayDMA_XGM
                0x00000000000074a0                SND_setForceDelayDMA_XGM
                0x00000000000074b2                SND_getMusicTempo_XGM
                0x00000000000074ba                SND_setMusicTempo_XGM
                0x00000000000074cc                SND_getCPULoad_XGM
 .text          0x00000000000074d4      0xa58 /opt/gendev/sgdk1_3/lib/libmd.a(string.o)
                0x0000000000007608                strlen
                0x000000000000761a                strnlen
                0x0000000000007656                strcmp
                0x0000000000007676                strclr
                0x0000000000007680                strcpy
                0x0000000000007692                strncpy
                0x00000000000076c8                strcat
                0x00000000000076e6                strreplacechar
                0x000000000000770c                intToStr
                0x0000000000007740                uintToStr
                0x000000000000775a                uint16ToStr
                0x000000000000781c                intToHex
                0x00000000000078c8                fix32ToStr
                0x0000000000007972                fix16ToStr
                0x0000000000007a1a                sprintf
 .text          0x0000000000007f2c      0x270 /opt/gendev/sgdk1_3/lib/libmd.a(vdp_dma.o)
                0x0000000000007f2c                VDP_doDMAEx
                0x0000000000008086                VDP_doDMA
                0x00000000000080b0                VDP_doVRamDMAFill
                0x0000000000008124                VDP_doVRamDMACopy
 .text          0x000000000000819c     0x124e /opt/gendev/sgdk1_3/lib/libmd.a(bmp.o)
                0x000000000000837c                BMP_end
                0x00000000000083fc                BMP_reset
                0x000000000000856c                BMP_init
                0x00000000000085e0                BMP_setBufferCopy
                0x00000000000085fa                BMP_hasFlipRequestPending
                0x0000000000008608                BMP_waitWhileFlipRequestPending
                0x0000000000008618                BMP_hasFlipInProgess
                0x0000000000008624                BMP_waitFlipComplete
                0x0000000000008634                BMP_flip
                0x0000000000008686                BMP_drawText
                0x00000000000086dc                BMP_clearText
                0x000000000000873a                BMP_clearTextLine
                0x0000000000008782                BMP_showFPS
                0x000000000000884a                BMP_clear
                0x000000000000885a                BMP_getWritePointer
                0x0000000000008876                BMP_getReadPointer
                0x0000000000008892                BMP_getPixel
                0x00000000000088ca                BMP_setPixel
                0x0000000000008902                BMP_setPixels_V2D
                0x0000000000008952                BMP_setPixels
                0x00000000000089ae                BMP_drawBitmapData
                0x0000000000008a56                BMP_drawBitmap
                0x0000000000008b2a                BMP_loadBitmapData
                0x0000000000008b5c                BMP_loadBitmap
                0x0000000000008b82                BMP_getBitmapPalette
                0x0000000000008b9e                BMP_scale
                0x0000000000008c70                BMP_drawBitmapScaled
                0x0000000000008d7a                BMP_loadAndScaleBitmap
                0x0000000000008db0                BMP_doVBlankProcess
                0x0000000000008db8                BMP_doHBlankProcess
 *fill*         0x00000000000093ea        0x2 
 .text          0x00000000000093ec      0x1dc /opt/gendev/sgdk1_3/lib/libmd.a(timer.o)
                0x00000000000093ec                getSubTick
                0x000000000000943c                getTick
                0x0000000000009468                getTime
                0x000000000000948a                getTimeAsFix32
                0x000000000000949c                startTimer
                0x00000000000094be                getTimer
                0x00000000000094fc                waitSubTick
                0x000000000000954a                waitTick
                0x0000000000009598                waitMs
 .text          0x00000000000095c8      0x5dc /opt/gendev/sgdk1_3/lib/libmd.a(tile_cache.o)
                0x000000000000966e                TC_init
                0x00000000000096a8                TC_end
                0x0000000000009710                TC_createCacheEx
                0x0000000000009756                TC_createCache
                0x0000000000009778                TC_releaseCache
                0x000000000000978a                TC_clearCache
                0x000000000000979c                TC_flushCache
                0x00000000000097a6                TC_reAlloc
                0x0000000000009826                TC_alloc
                0x0000000000009aa4                TC_free
                0x0000000000009b12                TC_getTileIndex
                0x0000000000009b56                TC_uploadAtVBlank
                0x0000000000009b8a                TC_doVBlankProcess
 .text          0x0000000000009ba4      0x7e6 /opt/gendev/sgdk1_3/lib/libmd.a(vdp_bg.o)
                0x0000000000009ba4                VDP_setHorizontalScroll
                0x0000000000009bea                VDP_setHorizontalScrollTile
                0x0000000000009c82                VDP_setHorizontalScrollLine
                0x0000000000009d1a                VDP_setVerticalScroll
                0x0000000000009d54                VDP_setVerticalScrollTile
                0x0000000000009dde                VDP_clearPlan
                0x0000000000009e90                VDP_getTextPlan
                0x0000000000009e98                VDP_getTextPalette
                0x0000000000009ea8                VDP_getTextPriority
                0x0000000000009eb4                VDP_setTextPlan
                0x0000000000009ebe                VDP_setTextPalette
                0x0000000000009ee0                VDP_setTextPriority
                0x0000000000009f02                VDP_drawTextBG
                0x0000000000009fb6                VDP_clearTextBG
                0x0000000000009fe6                VDP_clearTextAreaBG
                0x000000000000a01a                VDP_clearTextLineBG
                0x000000000000a05c                VDP_drawText
                0x000000000000a082                VDP_clearText
                0x000000000000a0ac                VDP_clearTextArea
                0x000000000000a0de                VDP_clearTextLine
                0x000000000000a0f6                VDP_drawBitmapEx
                0x000000000000a1e8                VDP_drawBitmap
                0x000000000000a26e                VDP_drawImageEx
                0x000000000000a30e                VDP_drawImage
 *fill*         0x000000000000a38a        0x2 
 .text          0x000000000000a38c      0x1b8 /opt/gendev/sgdk1_3/lib/libmd.a(memory_a.o)
                0x000000000000a38c                memset
                0x000000000000a404                memsetU16
                0x000000000000a462                memsetU32
                0x000000000000a4a0                memcpy
 *fill*         0x000000000000a544       0xbc 
 .text          0x000000000000a600       0x80 /opt/gendev/sgdk1_3/lib/libmd.a(smp_null_pcm.o)
                0x000000000000a600                smp_null_pcm
 .text          0x000000000000a680      0x102 /opt/gendev/sgdk1_3/lib/libmd.a(vdp_tile_a.o)
                0x000000000000a680                VDP_loadTileData
                0x000000000000a6fc                VDP_loadBMPTileData
 *fill*         0x000000000000a782        0x2 
 .text          0x000000000000a784      0x15c /opt/gendev/sgdk1_3/lib/libmd.a(vdp_pal_a.o)
                0x000000000000a784                VDP_getPaletteColors
                0x000000000000a7ea                VDP_setPaletteColors
                0x000000000000a850                VDP_getPalette
                0x000000000000a898                VDP_setPalette
 .text          0x000000000000a8e0       0x56 /opt/gendev/sgdk1_3/lib/libmd.a(sys_a.o)
                0x000000000000a8e0                SYS_assertReset
                0x000000000000a8e4                SYS_reset
                0x000000000000a8f2                SYS_hardReset
                0x000000000000a900                SYS_getInterruptMaskLevel
                0x000000000000a90a                SYS_setInterruptMaskLevel
                0x000000000000a91c                SYS_getAndSetInterruptMaskLevel
 *fill*         0x000000000000a936        0x2 
 .text          0x000000000000a938       0x88 /opt/gendev/sgdk1_3/lib/libmd.a(kdebug.o)
                0x000000000000a938                KDebug_Halt
                0x000000000000a942                KDebug_Alert
                0x000000000000a95e                KDebug_AlertNumber
                0x000000000000a9ac                KDebug_StartTimer
                0x000000000000a9b6                KDebug_StopTimer
 *fill*         0x000000000000a9c0       0x40 
 .text          0x000000000000aa00      0x100 /opt/gendev/sgdk1_3/lib/libmd.a(smp_null.o)
                0x000000000000aa00                smp_null
 .text          0x000000000000ab00     0x14dc /opt/gendev/sgdk1_3/lib/libmd.a(bmp_a.o)
                0x000000000000ab00                clearBitmapBuffer
                0x000000000000ab6a                copyBitmapBuffer
                0x000000000000ad28                BMP_clipLine
                0x000000000000ad44                BMP_drawLine
                0x000000000000adb4                BMP_isPolygonCulled
                0x000000000000b6e0                BMP_drawPolygon
 .text          0x000000000000bfdc      0xae2 /opt/gendev/sgdk1_3/lib/libmd.a(tools_a.o)
                0x000000000000bfdc                qsort
                0x000000000000c078                aplib_unpack
                0x000000000000c07e                aplib_decrunch
                0x000000000000c120                lz4w_unpack
                0x000000000000c128                lz4w_unpack_a
 *fill*         0x000000000000cabe        0x2 
 .text          0x000000000000cac0      0xb2c /opt/gendev/sgdk1_3/lib/libmd.a(z80_drv1.o)
                0x000000000000cac0                z80_drv1
 .text          0x000000000000d5ec      0x69e /opt/gendev/sgdk1_3/lib/libmd.a(z80_tfm.o)
                0x000000000000d5ec                z80_tfm
 *fill*         0x000000000000dc8a        0x2 
 .text          0x000000000000dc8c      0xe00 /opt/gendev/sgdk1_3/lib/libmd.a(z80_drv2.o)
                0x000000000000dc8c                z80_drv2
 .text          0x000000000000ea8c      0xa6a /opt/gendev/sgdk1_3/lib/libmd.a(z80_drv3.o)
                0x000000000000ea8c                z80_drv3
 *fill*         0x000000000000f4f6        0x2 
 .text          0x000000000000f4f8     0x1700 /opt/gendev/sgdk1_3/lib/libmd.a(z80_xgm.o)
                0x000000000000f4f8                z80_xgm
 .text          0x0000000000010bf8      0xa5c /opt/gendev/sgdk1_3/lib/libmd.a(z80_mvs.o)
                0x0000000000010bf8                z80_mvs
 .text          0x0000000000011654        0x0 /opt/gendev/sgdk1_3/lib/libmd.a(libres.o)
 .text          0x0000000000011654        0x0 /opt/gendev/sgdk1_3/lib/libmd.a(tab_vol.o)
 .text          0x0000000000011654     0x1846 /opt/gendev/sgdk1_3/lib/libmd.a(joy.o)
                0x00000000000120c0                JOY_setEventHandler
                0x00000000000120ca                JOY_setSupport
                0x00000000000124fa                JOY_init
                0x00000000000128b6                JOY_getPortType
                0x00000000000128d6                JOY_getJoypadType
                0x00000000000128f6                JOY_readJoypad
                0x0000000000012946                JOY_readJoypadX
                0x0000000000012968                JOY_readJoypadY
                0x000000000001298a                JOY_update
                0x0000000000012da8                JOY_waitPressTime
                0x0000000000012e4c                JOY_waitPressBtn
                0x0000000000012e62                JOY_waitPressBtnTime
                0x0000000000012e7e                JOY_waitPress
 *fill*         0x0000000000012e9a        0x2 
 .text          0x0000000000012e9c      0x738 /opt/gendev/sgdk1_3/lib/libmd.a(xgm.o)
                0x0000000000012e9c                XGM_isPlaying
                0x0000000000012edc                XGM_startPlay
                0x0000000000012ff4                XGM_stopPlay
                0x000000000001306a                XGM_pausePlay
                0x00000000000130a8                XGM_resumePlay
                0x00000000000130ee                XGM_isPlayingPCM
                0x0000000000013130                XGM_setPCMFast
                0x000000000001316e                XGM_setPCM
                0x00000000000131ba                XGM_startPlayPCM
                0x0000000000013226                XGM_stopPlayPCM
                0x0000000000013286                XGM_setLoopNumber
                0x00000000000132c6                XGM_set68KBUSProtection
                0x00000000000132f6                XGM_nextXFrame
                0x000000000001334c                XGM_getManualSync
                0x0000000000013358                XGM_setManualSync
                0x00000000000133a0                XGM_getForceDelayDMA
                0x00000000000133ac                XGM_setForceDelayDMA
                0x00000000000133d4                XGM_getMusicTempo
                0x00000000000133dc                XGM_setMusicTempo
                0x0000000000013404                XGM_getElapsed
                0x000000000001345e                XGM_getCPULoad
                0x000000000001352c                XGM_resetLoadCalculation
                0x0000000000013558                XGM_doVBlankProcess
 .text          0x00000000000135d4        0xc /opt/gendev/sgdk1_3/lib/libmd.a(types.o)
                0x00000000000135d4                getZeroU8
                0x00000000000135d8                getZeroU16
                0x00000000000135dc                getZeroU32
 .text          0x00000000000135e0       0x22 /opt/gendev/lib/gcc/m68k-elf/6.3.0/libgcc.a(_mulsi3.o)
                0x00000000000135e0                __mulsi3
 *fill*         0x0000000000013602        0x2 
 .text          0x0000000000013604       0x5c /opt/gendev/lib/gcc/m68k-elf/6.3.0/libgcc.a(_udivsi3.o)
                0x0000000000013604                __udivsi3
 .text          0x0000000000013660       0x2e /opt/gendev/lib/gcc/m68k-elf/6.3.0/libgcc.a(_divsi3.o)
                0x0000000000013660                __divsi3
 *fill*         0x000000000001368e        0x2 
 .text          0x0000000000013690       0x2e /opt/gendev/lib/gcc/m68k-elf/6.3.0/libgcc.a(_umodsi3.o)
                0x0000000000013690                __umodsi3
 *fill*         0x00000000000136be        0x2 
 .text          0x00000000000136c0       0xb6 src/raycast.o
                0x00000000000136c0                gtRaycasterFrame
 *fill*         0x0000000000013776        0x2 
 .text          0x0000000000013778       0xec src/framebuffer.o
                0x0000000000013778                gtInitFramebuffer
                0x00000000000137d6                gtClearFramebuffer
                0x00000000000137ea                gtFramebufferUpdate
                0x0000000000013808                gtFramebufferPlot
 .text          0x0000000000013864       0x3c src/goat_debug.o
                0x0000000000013864                gtDebugPrintU32
 .text          0x00000000000138a0        0x0 main.o
 .text          0x00000000000138a0        0x0 /opt/gendev/sgdk1_3/lib/libmd.a(tab_sqrt.o)
                0x00000000000138a0                . = ALIGN (0x4)
                0x00000000000138a0                __CTOR_LIST__ = .
                0x00000000000138a0        0x4 LONG 0x0 (((__CTOR_END__ - __CTOR_LIST__) / 0x4) - 0x2)
 *(.ctors)
                0x00000000000138a4        0x4 LONG 0x0
                0x00000000000138a8                __CTOR_END__ = .
                0x00000000000138a8                __DTOR_LIST__ = .
                0x00000000000138a8        0x4 LONG 0x0 (((__DTOR_END__ - __DTOR_LIST__) / 0x4) - 0x2)
 *(.dtors)
                0x00000000000138ac        0x4 LONG 0x0
                0x00000000000138b0                __DTOR_END__ = .
 *(.rodata .rodata.*)
 .rodata.str1.1
                0x00000000000138b0      0x13e /opt/gendev/sgdk1_3/lib/libmd.a(sys.o)
 .rodata.str1.1
                0x00000000000139ee       0x21 /opt/gendev/sgdk1_3/lib/libmd.a(vdp.o)
                                         0x4c (size before relaxing)
 *fill*         0x0000000000013a0f        0x1 
 .rodata        0x0000000000013a10        0x6 /opt/gendev/sgdk1_3/lib/libmd.a(vdp.o)
                0x0000000000013a10                PLAN_WINDOW
                0x0000000000013a12                PLAN_B
                0x0000000000013a14                PLAN_A
 .rodata.str1.1
                0x0000000000000000        0x2 /opt/gendev/sgdk1_3/lib/libmd.a(tools.o)
 .rodata.str1.1
                0x0000000000013a16       0x41 /opt/gendev/sgdk1_3/lib/libmd.a(memory.o)
                                         0x42 (size before relaxing)
 *fill*         0x0000000000013a57        0x1 
 .rodata        0x0000000000013a58      0x104 /opt/gendev/sgdk1_3/lib/libmd.a(vdp_pal.o)
                0x0000000000013a58                palette_blue
                0x0000000000013a78                palette_green
                0x0000000000013a98                palette_red
                0x0000000000013ab8                palette_grey
                0x0000000000013ad8                palette_black
                0x0000000000013adc                palette_black_all
 .rodata        0x0000000000013b5c      0xe40 /opt/gendev/sgdk1_3/lib/libmd.a(z80_vgm.o)
                0x0000000000013b5c                z80_vgm
 .rodata.str1.1
                0x000000000001499c        0x7 /opt/gendev/sgdk1_3/lib/libmd.a(string.o)
 .rodata        0x00000000000149a3       0xeb /opt/gendev/sgdk1_3/lib/libmd.a(string.o)
 .rodata        0x0000000000014a8e      0xcec /opt/gendev/sgdk1_3/lib/libmd.a(libres.o)
                0x0000000000015434                logo_lib
                0x000000000001569e                font_lib
                0x00000000000156c6                font_pal_lib
                0x00000000000156ce                stop_xgm
 .rodata        0x000000000001577a     0x1000 /opt/gendev/sgdk1_3/lib/libmd.a(tab_vol.o)
                0x000000000001577a                tab_vol
 .rodata        0x000000000001677a       0x18 /opt/gendev/sgdk1_3/lib/libmd.a(joy.o)
 .rodata        0x0000000000016792      0x240 src/raycast.o
                0x0000000000016792                worldMap
 .rodata        0x00000000000169d2       0x20 src/framebuffer.o
                0x00000000000169d2                stdPalette
 .rodata.str1.1
                0x00000000000169f2        0xb main.o
 *fill*         0x00000000000169fd        0x1 
 .rodata        0x00000000000169fe    0x20000 /opt/gendev/sgdk1_3/lib/libmd.a(tab_sqrt.o)
                0x00000000000169fe                sqrttab16
 *(.gcc_except_table .gcc_except_table.*)
                0x0000000000036a00                . = ALIGN (0x4)
 *fill*         0x00000000000369fe        0x2 
                0x0000000000036a00                __INIT_SECTION__ = .
 *(.init)
                0x0000000000036a00        0x2 SHORT 0x4e75
                0x0000000000036a02                __FINI_SECTION__ = .
 *(.fini)
                0x0000000000036a02        0x2 SHORT 0x4e75
                0x0000000000036a04                _etext = .
 *(.lit)
                0x0000000000036a04                _stext = SIZEOF (.text)

.data           0x0000000000ff0000        0x0 load address 0x0000000000036a04
 *(.got.plt)
 *(.got)
 *(.shdata)
 *(.data .data.*)
 .data          0x0000000000ff0000        0x0 boot/sega.o
 .data          0x0000000000ff0000        0x0 /opt/gendev/sgdk1_3/lib/libmd.a(sys.o)
 .data          0x0000000000ff0000        0x0 /opt/gendev/sgdk1_3/lib/libmd.a(vdp.o)
 .data          0x0000000000ff0000        0x0 /opt/gendev/sgdk1_3/lib/libmd.a(dma.o)
 .data          0x0000000000ff0000        0x0 /opt/gendev/sgdk1_3/lib/libmd.a(tools.o)
 .data          0x0000000000ff0000        0x0 /opt/gendev/sgdk1_3/lib/libmd.a(memory.o)
 .data          0x0000000000ff0000        0x0 /opt/gendev/sgdk1_3/lib/libmd.a(vdp_tile.o)
 .data          0x0000000000ff0000        0x0 /opt/gendev/sgdk1_3/lib/libmd.a(z80_ctrl.o)
 .data          0x0000000000ff0000        0x0 /opt/gendev/sgdk1_3/lib/libmd.a(ym2612.o)
 .data          0x0000000000ff0000        0x0 /opt/gendev/sgdk1_3/lib/libmd.a(vdp_pal.o)
 .data          0x0000000000ff0000        0x0 /opt/gendev/sgdk1_3/lib/libmd.a(psg.o)
 .data          0x0000000000ff0000        0x0 /opt/gendev/sgdk1_3/lib/libmd.a(z80_vgm.o)
 .data          0x0000000000ff0000        0x0 /opt/gendev/sgdk1_3/lib/libmd.a(vdp_spr.o)
 .data          0x0000000000ff0000        0x0 /opt/gendev/sgdk1_3/lib/libmd.a(sound.o)
 .data          0x0000000000ff0000        0x0 /opt/gendev/sgdk1_3/lib/libmd.a(string.o)
 .data          0x0000000000ff0000        0x0 /opt/gendev/sgdk1_3/lib/libmd.a(vdp_dma.o)
 .data          0x0000000000ff0000        0x0 /opt/gendev/sgdk1_3/lib/libmd.a(bmp.o)
 .data          0x0000000000ff0000        0x0 /opt/gendev/sgdk1_3/lib/libmd.a(timer.o)
 .data          0x0000000000ff0000        0x0 /opt/gendev/sgdk1_3/lib/libmd.a(tile_cache.o)
 .data          0x0000000000ff0000        0x0 /opt/gendev/sgdk1_3/lib/libmd.a(vdp_bg.o)
 .data          0x0000000000ff0000        0x0 /opt/gendev/sgdk1_3/lib/libmd.a(memory_a.o)
 .data          0x0000000000ff0000        0x0 /opt/gendev/sgdk1_3/lib/libmd.a(smp_null_pcm.o)
 .data          0x0000000000ff0000        0x0 /opt/gendev/sgdk1_3/lib/libmd.a(vdp_tile_a.o)
 .data          0x0000000000ff0000        0x0 /opt/gendev/sgdk1_3/lib/libmd.a(vdp_pal_a.o)
 .data          0x0000000000ff0000        0x0 /opt/gendev/sgdk1_3/lib/libmd.a(sys_a.o)
 .data          0x0000000000ff0000        0x0 /opt/gendev/sgdk1_3/lib/libmd.a(kdebug.o)
 .data          0x0000000000ff0000        0x0 /opt/gendev/sgdk1_3/lib/libmd.a(smp_null.o)
 .data          0x0000000000ff0000        0x0 /opt/gendev/sgdk1_3/lib/libmd.a(bmp_a.o)
 .data          0x0000000000ff0000        0x0 /opt/gendev/sgdk1_3/lib/libmd.a(tools_a.o)
 .data          0x0000000000ff0000        0x0 /opt/gendev/sgdk1_3/lib/libmd.a(z80_drv1.o)
 .data          0x0000000000ff0000        0x0 /opt/gendev/sgdk1_3/lib/libmd.a(z80_tfm.o)
 .data          0x0000000000ff0000        0x0 /opt/gendev/sgdk1_3/lib/libmd.a(z80_drv2.o)
 .data          0x0000000000ff0000        0x0 /opt/gendev/sgdk1_3/lib/libmd.a(z80_drv3.o)
 .data          0x0000000000ff0000        0x0 /opt/gendev/sgdk1_3/lib/libmd.a(z80_xgm.o)
 .data          0x0000000000ff0000        0x0 /opt/gendev/sgdk1_3/lib/libmd.a(z80_mvs.o)
 .data          0x0000000000ff0000        0x0 /opt/gendev/sgdk1_3/lib/libmd.a(libres.o)
 .data          0x0000000000ff0000        0x0 /opt/gendev/sgdk1_3/lib/libmd.a(tab_vol.o)
 .data          0x0000000000ff0000        0x0 /opt/gendev/sgdk1_3/lib/libmd.a(joy.o)
 .data          0x0000000000ff0000        0x0 /opt/gendev/sgdk1_3/lib/libmd.a(xgm.o)
 .data          0x0000000000ff0000        0x0 /opt/gendev/sgdk1_3/lib/libmd.a(types.o)
 .data          0x0000000000ff0000        0x0 /opt/gendev/lib/gcc/m68k-elf/6.3.0/libgcc.a(_mulsi3.o)
 .data          0x0000000000ff0000        0x0 /opt/gendev/lib/gcc/m68k-elf/6.3.0/libgcc.a(_udivsi3.o)
 .data          0x0000000000ff0000        0x0 /opt/gendev/lib/gcc/m68k-elf/6.3.0/libgcc.a(_divsi3.o)
 .data          0x0000000000ff0000        0x0 /opt/gendev/lib/gcc/m68k-elf/6.3.0/libgcc.a(_umodsi3.o)
 .data          0x0000000000ff0000        0x0 src/raycast.o
 .data          0x0000000000ff0000        0x0 src/framebuffer.o
 .data          0x0000000000ff0000        0x0 src/goat_debug.o
 .data          0x0000000000ff0000        0x0 main.o
 .data          0x0000000000ff0000        0x0 /opt/gendev/sgdk1_3/lib/libmd.a(tab_sqrt.o)
                0x0000000000ff0000                _edata = .
                0x0000000000000000                _sdata = SIZEOF (.data)

.bss            0x0000000000ff0000     0x95ac load address 0x0000000000036a04
                0x0000000000ff0000                _start = .
 *(.shbss)
 *(.bss .bss.*)
 .bss           0x0000000000ff0000        0x0 boot/sega.o
 .bss           0x0000000000ff0000       0x14 /opt/gendev/sgdk1_3/lib/libmd.a(sys.o)
 .bss           0x0000000000ff0014       0x13 /opt/gendev/sgdk1_3/lib/libmd.a(vdp.o)
 *fill*         0x0000000000ff0027        0x1 
 .bss           0x0000000000ff0028       0x16 /opt/gendev/sgdk1_3/lib/libmd.a(dma.o)
                0x0000000000ff0028                dmaQueues
 *fill*         0x0000000000ff003e        0x2 
 .bss           0x0000000000ff0040       0x10 /opt/gendev/sgdk1_3/lib/libmd.a(tools.o)
 .bss           0x0000000000ff0050        0x8 /opt/gendev/sgdk1_3/lib/libmd.a(memory.o)
 .bss           0x0000000000ff0058        0x0 /opt/gendev/sgdk1_3/lib/libmd.a(vdp_tile.o)
 .bss           0x0000000000ff0058        0x0 /opt/gendev/sgdk1_3/lib/libmd.a(z80_ctrl.o)
 .bss           0x0000000000ff0058        0x0 /opt/gendev/sgdk1_3/lib/libmd.a(ym2612.o)
 .bss           0x0000000000ff0058      0x386 /opt/gendev/sgdk1_3/lib/libmd.a(vdp_pal.o)
 *fill*         0x0000000000ff03de        0x2 
 .bss           0x0000000000ff03e0        0x0 /opt/gendev/sgdk1_3/lib/libmd.a(psg.o)
 .bss           0x0000000000ff03e0        0x0 /opt/gendev/sgdk1_3/lib/libmd.a(z80_vgm.o)
 .bss           0x0000000000ff03e0      0x144 /opt/gendev/sgdk1_3/lib/libmd.a(vdp_spr.o)
 .bss           0x0000000000ff0524        0x0 /opt/gendev/sgdk1_3/lib/libmd.a(sound.o)
 .bss           0x0000000000ff0524        0x0 /opt/gendev/sgdk1_3/lib/libmd.a(string.o)
 .bss           0x0000000000ff0524        0x0 /opt/gendev/sgdk1_3/lib/libmd.a(vdp_dma.o)
 .bss           0x0000000000ff0524       0x14 /opt/gendev/sgdk1_3/lib/libmd.a(bmp.o)
 .bss           0x0000000000ff0538       0x40 /opt/gendev/sgdk1_3/lib/libmd.a(timer.o)
 .bss           0x0000000000ff0578        0x4 /opt/gendev/sgdk1_3/lib/libmd.a(tile_cache.o)
 .bss           0x0000000000ff057c        0x4 /opt/gendev/sgdk1_3/lib/libmd.a(vdp_bg.o)
 .bss           0x0000000000ff0580        0x0 /opt/gendev/sgdk1_3/lib/libmd.a(memory_a.o)
 .bss           0x0000000000ff0580        0x0 /opt/gendev/sgdk1_3/lib/libmd.a(smp_null_pcm.o)
 .bss           0x0000000000ff0580        0x0 /opt/gendev/sgdk1_3/lib/libmd.a(vdp_tile_a.o)
 .bss           0x0000000000ff0580        0x0 /opt/gendev/sgdk1_3/lib/libmd.a(vdp_pal_a.o)
 .bss           0x0000000000ff0580        0x0 /opt/gendev/sgdk1_3/lib/libmd.a(sys_a.o)
 .bss           0x0000000000ff0580        0x0 /opt/gendev/sgdk1_3/lib/libmd.a(kdebug.o)
 .bss           0x0000000000ff0580        0x0 /opt/gendev/sgdk1_3/lib/libmd.a(smp_null.o)
 .bss           0x0000000000ff0580        0x0 /opt/gendev/sgdk1_3/lib/libmd.a(bmp_a.o)
 .bss           0x0000000000ff0580        0x0 /opt/gendev/sgdk1_3/lib/libmd.a(tools_a.o)
 .bss           0x0000000000ff0580        0x0 /opt/gendev/sgdk1_3/lib/libmd.a(z80_drv1.o)
 .bss           0x0000000000ff0580        0x0 /opt/gendev/sgdk1_3/lib/libmd.a(z80_tfm.o)
 .bss           0x0000000000ff0580        0x0 /opt/gendev/sgdk1_3/lib/libmd.a(z80_drv2.o)
 .bss           0x0000000000ff0580        0x0 /opt/gendev/sgdk1_3/lib/libmd.a(z80_drv3.o)
 .bss           0x0000000000ff0580        0x0 /opt/gendev/sgdk1_3/lib/libmd.a(z80_xgm.o)
 .bss           0x0000000000ff0580        0x0 /opt/gendev/sgdk1_3/lib/libmd.a(z80_mvs.o)
 .bss           0x0000000000ff0580        0x0 /opt/gendev/sgdk1_3/lib/libmd.a(libres.o)
 .bss           0x0000000000ff0580        0x0 /opt/gendev/sgdk1_3/lib/libmd.a(tab_vol.o)
 .bss           0x0000000000ff0580       0x46 /opt/gendev/sgdk1_3/lib/libmd.a(joy.o)
 *fill*         0x0000000000ff05c6        0x2 
 .bss           0x0000000000ff05c8       0x8c /opt/gendev/sgdk1_3/lib/libmd.a(xgm.o)
                0x0000000000ff05c8                xgmTempoCnt
 .bss           0x0000000000ff0654        0x0 /opt/gendev/sgdk1_3/lib/libmd.a(types.o)
 .bss           0x0000000000ff0654        0x0 /opt/gendev/lib/gcc/m68k-elf/6.3.0/libgcc.a(_mulsi3.o)
 .bss           0x0000000000ff0654        0x0 /opt/gendev/lib/gcc/m68k-elf/6.3.0/libgcc.a(_udivsi3.o)
 .bss           0x0000000000ff0654        0x0 /opt/gendev/lib/gcc/m68k-elf/6.3.0/libgcc.a(_divsi3.o)
 .bss           0x0000000000ff0654        0x0 /opt/gendev/lib/gcc/m68k-elf/6.3.0/libgcc.a(_umodsi3.o)
 .bss           0x0000000000ff0654        0x0 src/raycast.o
 .bss           0x0000000000ff0654     0x8c01 src/framebuffer.o
 *fill*         0x0000000000ff9255        0x3 
 .bss           0x0000000000ff9258        0x0 src/goat_debug.o
 .bss           0x0000000000ff9258        0x0 main.o
 .bss           0x0000000000ff9258        0x0 /opt/gendev/sgdk1_3/lib/libmd.a(tab_sqrt.o)
 *(COMMON)
 COMMON         0x0000000000ff9258       0x94 /opt/gendev/sgdk1_3/lib/libmd.a(sys.o)
                0x0000000000ff9258                illegalInstCB
                0x0000000000ff925c                errorExceptionCB
                0x0000000000ff9260                trapvInstCB
                0x0000000000ff9264                chkInstCB
                0x0000000000ff9268                registerState
                0x0000000000ff92a8                srState
                0x0000000000ff92aa                line1x1xCB
                0x0000000000ff92ae                ext2State
                0x0000000000ff92b0                traceCB
                0x0000000000ff92b4                intTrace
                0x0000000000ff92b6                zeroDivideCB
                0x0000000000ff92ba                internalExtIntCB
                0x0000000000ff92be                internalVIntCB
                0x0000000000ff92c2                intCB
                0x0000000000ff92c6                addressErrorCB
                0x0000000000ff92ca                VIntProcess
                0x0000000000ff92ce                ExtIntProcess
                0x0000000000ff92d2                HIntProcess
                0x0000000000ff92d6                privilegeViolationCB
                0x0000000000ff92da                pcState
                0x0000000000ff92de                ext1State
                0x0000000000ff92e0                busErrorCB
                0x0000000000ff92e4                internalHIntCB
                0x0000000000ff92e8                addrState
 COMMON         0x0000000000ff92ec       0x1c /opt/gendev/sgdk1_3/lib/libmd.a(vdp.o)
                0x0000000000ff92ec                window_addr
                0x0000000000ff92ee                hscrl_addr
                0x0000000000ff92f0                planHeightSft
                0x0000000000ff92f2                windowWidth
                0x0000000000ff92f4                planWidth
                0x0000000000ff92f6                slist_addr
                0x0000000000ff92f8                windowWidthSft
                0x0000000000ff92fa                screenHeight
                0x0000000000ff92fc                screenWidth
                0x0000000000ff92fe                maps_addr
                0x0000000000ff9300                planWidthSft
                0x0000000000ff9302                planHeight
                0x0000000000ff9304                aplan_addr
                0x0000000000ff9306                bplan_addr
 COMMON         0x0000000000ff9308        0x2 /opt/gendev/sgdk1_3/lib/libmd.a(tools.o)
                0x0000000000ff9308                randbase
 COMMON         0x0000000000ff930a        0x4 /opt/gendev/sgdk1_3/lib/libmd.a(z80_ctrl.o)
                0x0000000000ff930a                driverFlags
                0x0000000000ff930c                currentDriver
 COMMON         0x0000000000ff930e      0x286 /opt/gendev/sgdk1_3/lib/libmd.a(vdp_spr.o)
                0x0000000000ff930e                lastAllocatedVDPSprite
                0x0000000000ff9312                vdpSpriteCache
                0x0000000000ff9592                highestVDPSpriteIndex
 COMMON         0x0000000000ff9594        0xe /opt/gendev/sgdk1_3/lib/libmd.a(bmp.o)
                0x0000000000ff9594                bmp_buffer_write
                0x0000000000ff9598                bmp_buffer_read
                0x0000000000ff959c                bmp_plan
                0x0000000000ff959e                bmp_plan_adr
 COMMON         0x0000000000ff95a2        0x4 /opt/gendev/sgdk1_3/lib/libmd.a(timer.o)
                0x0000000000ff95a2                vtimer
 COMMON         0x0000000000ff95a6        0x4 /opt/gendev/sgdk1_3/lib/libmd.a(tile_cache.o)
                0x0000000000ff95a6                uploads
 COMMON         0x0000000000ff95aa        0x2 /opt/gendev/sgdk1_3/lib/libmd.a(vdp_bg.o)
                0x0000000000ff95aa                curTileInd
                0x0000000000ff95ac                _bend = .

.stab
 *(.stab)

.stabstr
 *(.stabstr)

.eh_frame
 *(.eh_frame)
LOAD boot/sega.o
LOAD /opt/gendev/sgdk1_3/lib/libmd.a
LOAD /opt/gendev/lib/gcc/m68k-elf/6.3.0/libgcc.a
LOAD src/raycast.o
LOAD src/framebuffer.o
LOAD src/goat_debug.o
LOAD main.o
LOAD /opt/gendev/sgdk1_3/lib/libmd.a
LOAD /opt/gendev/m68k-elf/lib/libnosys.a
OUTPUT(out.elf elf32-m68k)

.comment        0x0000000000000000       0x11
 .comment       0x0000000000000000       0x11 /opt/gendev/sgdk1_3/lib/libmd.a(sys.o)
                                         0x12 (size before relaxing)
 .comment       0x0000000000000000       0x12 /opt/gendev/sgdk1_3/lib/libmd.a(vdp.o)
 .comment       0x0000000000000000       0x12 /opt/gendev/sgdk1_3/lib/libmd.a(dma.o)
 .comment       0x0000000000000000       0x12 /opt/gendev/sgdk1_3/lib/libmd.a(tools.o)
 .comment       0x0000000000000000       0x12 /opt/gendev/sgdk1_3/lib/libmd.a(memory.o)
 .comment       0x0000000000000000       0x12 /opt/gendev/sgdk1_3/lib/libmd.a(vdp_tile.o)
 .comment       0x0000000000000000       0x12 /opt/gendev/sgdk1_3/lib/libmd.a(z80_ctrl.o)
 .comment       0x0000000000000000       0x12 /opt/gendev/sgdk1_3/lib/libmd.a(ym2612.o)
 .comment       0x0000000000000000       0x12 /opt/gendev/sgdk1_3/lib/libmd.a(vdp_pal.o)
 .comment       0x0000000000000000       0x12 /opt/gendev/sgdk1_3/lib/libmd.a(psg.o)
 .comment       0x0000000000000000       0x12 /opt/gendev/sgdk1_3/lib/libmd.a(z80_vgm.o)
 .comment       0x0000000000000000       0x12 /opt/gendev/sgdk1_3/lib/libmd.a(vdp_spr.o)
 .comment       0x0000000000000000       0x12 /opt/gendev/sgdk1_3/lib/libmd.a(sound.o)
 .comment       0x0000000000000000       0x12 /opt/gendev/sgdk1_3/lib/libmd.a(string.o)
 .comment       0x0000000000000000       0x12 /opt/gendev/sgdk1_3/lib/libmd.a(vdp_dma.o)
 .comment       0x0000000000000000       0x12 /opt/gendev/sgdk1_3/lib/libmd.a(bmp.o)
 .comment       0x0000000000000000       0x12 /opt/gendev/sgdk1_3/lib/libmd.a(timer.o)
 .comment       0x0000000000000000       0x12 /opt/gendev/sgdk1_3/lib/libmd.a(tile_cache.o)
 .comment       0x0000000000000000       0x12 /opt/gendev/sgdk1_3/lib/libmd.a(vdp_bg.o)
 .comment       0x0000000000000000       0x12 /opt/gendev/sgdk1_3/lib/libmd.a(tab_vol.o)
 .comment       0x0000000000000000       0x12 /opt/gendev/sgdk1_3/lib/libmd.a(joy.o)
 .comment       0x0000000000000000       0x12 /opt/gendev/sgdk1_3/lib/libmd.a(xgm.o)
 .comment       0x0000000000000000       0x12 /opt/gendev/sgdk1_3/lib/libmd.a(types.o)
 .comment       0x0000000000000000       0x12 src/raycast.o
 .comment       0x0000000000000000       0x12 src/framebuffer.o
 .comment       0x0000000000000000       0x12 src/goat_debug.o
 .comment       0x0000000000000000       0x12 main.o
 .comment       0x0000000000000000       0x12 /opt/gendev/sgdk1_3/lib/libmd.a(tab_sqrt.o)

.debug_line     0x0000000000000000      0x1cd
 .debug_line    0x0000000000000000       0x6a /opt/gendev/lib/gcc/m68k-elf/6.3.0/libgcc.a(_mulsi3.o)
 .debug_line    0x000000000000006a       0x83 /opt/gendev/lib/gcc/m68k-elf/6.3.0/libgcc.a(_udivsi3.o)
 .debug_line    0x00000000000000ed       0x72 /opt/gendev/lib/gcc/m68k-elf/6.3.0/libgcc.a(_divsi3.o)
 .debug_line    0x000000000000015f       0x6e /opt/gendev/lib/gcc/m68k-elf/6.3.0/libgcc.a(_umodsi3.o)

.debug_info     0x0000000000000000      0x270
 .debug_info    0x0000000000000000       0x9c /opt/gendev/lib/gcc/m68k-elf/6.3.0/libgcc.a(_mulsi3.o)
 .debug_info    0x000000000000009c       0x9c /opt/gendev/lib/gcc/m68k-elf/6.3.0/libgcc.a(_udivsi3.o)
 .debug_info    0x0000000000000138       0x9c /opt/gendev/lib/gcc/m68k-elf/6.3.0/libgcc.a(_divsi3.o)
 .debug_info    0x00000000000001d4       0x9c /opt/gendev/lib/gcc/m68k-elf/6.3.0/libgcc.a(_umodsi3.o)

.debug_abbrev   0x0000000000000000       0x50
 .debug_abbrev  0x0000000000000000       0x14 /opt/gendev/lib/gcc/m68k-elf/6.3.0/libgcc.a(_mulsi3.o)
 .debug_abbrev  0x0000000000000014       0x14 /opt/gendev/lib/gcc/m68k-elf/6.3.0/libgcc.a(_udivsi3.o)
 .debug_abbrev  0x0000000000000028       0x14 /opt/gendev/lib/gcc/m68k-elf/6.3.0/libgcc.a(_divsi3.o)
 .debug_abbrev  0x000000000000003c       0x14 /opt/gendev/lib/gcc/m68k-elf/6.3.0/libgcc.a(_umodsi3.o)

.debug_aranges  0x0000000000000000       0x80
 .debug_aranges
                0x0000000000000000       0x20 /opt/gendev/lib/gcc/m68k-elf/6.3.0/libgcc.a(_mulsi3.o)
 .debug_aranges
                0x0000000000000020       0x20 /opt/gendev/lib/gcc/m68k-elf/6.3.0/libgcc.a(_udivsi3.o)
 .debug_aranges
                0x0000000000000040       0x20 /opt/gendev/lib/gcc/m68k-elf/6.3.0/libgcc.a(_divsi3.o)
 .debug_aranges
                0x0000000000000060       0x20 /opt/gendev/lib/gcc/m68k-elf/6.3.0/libgcc.a(_umodsi3.o)
