Archive member included because of file (symbol)

/opt/gendev/sgdk1_3/lib/libmd.a(sys.o)
                              boot/sega.o (registerState)
/opt/gendev/sgdk1_3/lib/libmd.a(vdp.o)
                              /opt/gendev/sgdk1_3/lib/libmd.a(sys.o) (VDP_init)
/opt/gendev/sgdk1_3/lib/libmd.a(dma.o)
                              /opt/gendev/sgdk1_3/lib/libmd.a(sys.o) (DMA_init)
/opt/gendev/sgdk1_3/lib/libmd.a(psg.o)
                              /opt/gendev/sgdk1_3/lib/libmd.a(sys.o) (PSG_init)
/opt/gendev/sgdk1_3/lib/libmd.a(tools.o)
                              /opt/gendev/sgdk1_3/lib/libmd.a(sys.o) (setRandomSeed)
/opt/gendev/sgdk1_3/lib/libmd.a(memory.o)
                              /opt/gendev/sgdk1_3/lib/libmd.a(sys.o) (MEM_init)
/opt/gendev/sgdk1_3/lib/libmd.a(vdp_tile.o)
                              /opt/gendev/sgdk1_3/lib/libmd.a(vdp.o) (VDP_loadFont)
/opt/gendev/sgdk1_3/lib/libmd.a(z80_ctrl.o)
                              /opt/gendev/sgdk1_3/lib/libmd.a(sys.o) (Z80_init)
/opt/gendev/sgdk1_3/lib/libmd.a(ym2612.o)
                              /opt/gendev/sgdk1_3/lib/libmd.a(z80_ctrl.o) (YM2612_reset)
/opt/gendev/sgdk1_3/lib/libmd.a(vdp_pal.o)
                              /opt/gendev/sgdk1_3/lib/libmd.a(sys.o) (VDP_doStepFading)
/opt/gendev/sgdk1_3/lib/libmd.a(z80_vgm.o)
                              /opt/gendev/sgdk1_3/lib/libmd.a(z80_ctrl.o) (z80_vgm)
/opt/gendev/sgdk1_3/lib/libmd.a(vdp_spr.o)
                              /opt/gendev/sgdk1_3/lib/libmd.a(vdp.o) (VDP_resetSprites)
/opt/gendev/sgdk1_3/lib/libmd.a(sound.o)
                              /opt/gendev/sgdk1_3/lib/libmd.a(sys.o) (SND_getForceDelayDMA_XGM)
/opt/gendev/sgdk1_3/lib/libmd.a(string.o)
                              /opt/gendev/sgdk1_3/lib/libmd.a(sys.o) (strlen)
/opt/gendev/sgdk1_3/lib/libmd.a(vdp_dma.o)
                              /opt/gendev/sgdk1_3/lib/libmd.a(vdp_tile.o) (VDP_doDMA)
/opt/gendev/sgdk1_3/lib/libmd.a(bmp.o)
                              /opt/gendev/sgdk1_3/lib/libmd.a(sys.o) (BMP_doVBlankProcess)
/opt/gendev/sgdk1_3/lib/libmd.a(timer.o)
                              /opt/gendev/sgdk1_3/lib/libmd.a(tools.o) (getSubTick)
/opt/gendev/sgdk1_3/lib/libmd.a(tile_cache.o)
                              /opt/gendev/sgdk1_3/lib/libmd.a(sys.o) (uploads)
/opt/gendev/sgdk1_3/lib/libmd.a(vdp_bg.o)
                              /opt/gendev/sgdk1_3/lib/libmd.a(vdp.o) (VDP_setHorizontalScroll)
/opt/gendev/sgdk1_3/lib/libmd.a(memory_a.o)
                              /opt/gendev/sgdk1_3/lib/libmd.a(memory.o) (memset)
/opt/gendev/sgdk1_3/lib/libmd.a(smp_null_pcm.o)
                              /opt/gendev/sgdk1_3/lib/libmd.a(z80_ctrl.o) (smp_null_pcm)
/opt/gendev/sgdk1_3/lib/libmd.a(vdp_tile_a.o)
                              /opt/gendev/sgdk1_3/lib/libmd.a(vdp_tile.o) (VDP_loadTileData)
/opt/gendev/sgdk1_3/lib/libmd.a(vdp_pal_a.o)
                              /opt/gendev/sgdk1_3/lib/libmd.a(vdp_pal.o) (VDP_getPaletteColors)
/opt/gendev/sgdk1_3/lib/libmd.a(sys_a.o)
                              /opt/gendev/sgdk1_3/lib/libmd.a(timer.o) (SYS_getInterruptMaskLevel)
/opt/gendev/sgdk1_3/lib/libmd.a(kdebug.o)
                              /opt/gendev/sgdk1_3/lib/libmd.a(tools.o) (KDebug_Alert)
/opt/gendev/sgdk1_3/lib/libmd.a(smp_null.o)
                              /opt/gendev/sgdk1_3/lib/libmd.a(z80_ctrl.o) (smp_null)
/opt/gendev/sgdk1_3/lib/libmd.a(bmp_a.o)
                              /opt/gendev/sgdk1_3/lib/libmd.a(bmp.o) (clearBitmapBuffer)
/opt/gendev/sgdk1_3/lib/libmd.a(tools_a.o)
                              /opt/gendev/sgdk1_3/lib/libmd.a(tools.o) (aplib_unpack)
/opt/gendev/sgdk1_3/lib/libmd.a(z80_drv1.o)
                              /opt/gendev/sgdk1_3/lib/libmd.a(z80_ctrl.o) (z80_drv1)
/opt/gendev/sgdk1_3/lib/libmd.a(z80_tfm.o)
                              /opt/gendev/sgdk1_3/lib/libmd.a(z80_ctrl.o) (z80_tfm)
/opt/gendev/sgdk1_3/lib/libmd.a(z80_drv2.o)
                              /opt/gendev/sgdk1_3/lib/libmd.a(z80_ctrl.o) (z80_drv2)
/opt/gendev/sgdk1_3/lib/libmd.a(z80_drv3.o)
                              /opt/gendev/sgdk1_3/lib/libmd.a(z80_ctrl.o) (z80_drv3)
/opt/gendev/sgdk1_3/lib/libmd.a(z80_xgm.o)
                              /opt/gendev/sgdk1_3/lib/libmd.a(z80_ctrl.o) (z80_xgm)
/opt/gendev/sgdk1_3/lib/libmd.a(z80_mvs.o)
                              /opt/gendev/sgdk1_3/lib/libmd.a(z80_ctrl.o) (z80_mvs)
/opt/gendev/sgdk1_3/lib/libmd.a(libres.o)
                              /opt/gendev/sgdk1_3/lib/libmd.a(vdp.o) (font_lib)
/opt/gendev/sgdk1_3/lib/libmd.a(tab_vol.o)
                              /opt/gendev/sgdk1_3/lib/libmd.a(z80_ctrl.o) (tab_vol)
/opt/gendev/sgdk1_3/lib/libmd.a(joy.o)
                              /opt/gendev/sgdk1_3/lib/libmd.a(sys.o) (JOY_init)
/opt/gendev/sgdk1_3/lib/libmd.a(xgm.o)
                              /opt/gendev/sgdk1_3/lib/libmd.a(sound.o) (XGM_isPlaying)
/opt/gendev/sgdk1_3/lib/libmd.a(types.o)
                              /opt/gendev/sgdk1_3/lib/libmd.a(z80_ctrl.o) (getZeroU8)
/opt/gendev/lib/gcc/m68k-elf/6.3.0/libgcc.a(_mulsi3.o)
                              /opt/gendev/sgdk1_3/lib/libmd.a(tools.o) (__mulsi3)
/opt/gendev/lib/gcc/m68k-elf/6.3.0/libgcc.a(_udivsi3.o)
                              /opt/gendev/sgdk1_3/lib/libmd.a(tools.o) (__udivsi3)
/opt/gendev/lib/gcc/m68k-elf/6.3.0/libgcc.a(_divsi3.o)
                              /opt/gendev/sgdk1_3/lib/libmd.a(psg.o) (__divsi3)
/opt/gendev/lib/gcc/m68k-elf/6.3.0/libgcc.a(_umodsi3.o)
                              /opt/gendev/sgdk1_3/lib/libmd.a(string.o) (__umodsi3)
/opt/gendev/sgdk1_3/lib/libgcc.a(_modsi3.o)
                              src/raycast.o (__modsi3)

Allocating common symbols
Common symbol       size              file

illegalInstCB       0x4               /opt/gendev/sgdk1_3/lib/libmd.a(sys.o)
window_addr         0x2               /opt/gendev/sgdk1_3/lib/libmd.a(vdp.o)
errorExceptionCB    0x4               /opt/gendev/sgdk1_3/lib/libmd.a(sys.o)
trapvInstCB         0x4               /opt/gendev/sgdk1_3/lib/libmd.a(sys.o)
hscrl_addr          0x2               /opt/gendev/sgdk1_3/lib/libmd.a(vdp.o)
vtimer              0x4               /opt/gendev/sgdk1_3/lib/libmd.a(timer.o)
driverFlags         0x2               /opt/gendev/sgdk1_3/lib/libmd.a(z80_ctrl.o)
chkInstCB           0x4               /opt/gendev/sgdk1_3/lib/libmd.a(sys.o)
registerState       0x40              /opt/gendev/sgdk1_3/lib/libmd.a(sys.o)
planHeightSft       0x2               /opt/gendev/sgdk1_3/lib/libmd.a(vdp.o)
windowWidth         0x2               /opt/gendev/sgdk1_3/lib/libmd.a(vdp.o)
planWidth           0x2               /opt/gendev/sgdk1_3/lib/libmd.a(vdp.o)
bmp_buffer_write    0x4               /opt/gendev/sgdk1_3/lib/libmd.a(bmp.o)
srState             0x2               /opt/gendev/sgdk1_3/lib/libmd.a(sys.o)
slist_addr          0x2               /opt/gendev/sgdk1_3/lib/libmd.a(vdp.o)
lastAllocatedVDPSprite
                    0x4               /opt/gendev/sgdk1_3/lib/libmd.a(vdp_spr.o)
line1x1xCB          0x4               /opt/gendev/sgdk1_3/lib/libmd.a(sys.o)
randbase            0x2               /opt/gendev/sgdk1_3/lib/libmd.a(tools.o)
windowWidthSft      0x2               /opt/gendev/sgdk1_3/lib/libmd.a(vdp.o)
ext2State           0x2               /opt/gendev/sgdk1_3/lib/libmd.a(sys.o)
traceCB             0x4               /opt/gendev/sgdk1_3/lib/libmd.a(sys.o)
intTrace            0x2               /opt/gendev/sgdk1_3/lib/libmd.a(sys.o)
zeroDivideCB        0x4               /opt/gendev/sgdk1_3/lib/libmd.a(sys.o)
curTileInd          0x2               /opt/gendev/sgdk1_3/lib/libmd.a(vdp_bg.o)
internalExtIntCB    0x4               /opt/gendev/sgdk1_3/lib/libmd.a(sys.o)
screenHeight        0x2               /opt/gendev/sgdk1_3/lib/libmd.a(vdp.o)
internalVIntCB      0x4               /opt/gendev/sgdk1_3/lib/libmd.a(sys.o)
intCB               0x4               /opt/gendev/sgdk1_3/lib/libmd.a(sys.o)
screenWidth         0x2               /opt/gendev/sgdk1_3/lib/libmd.a(vdp.o)
maps_addr           0x2               /opt/gendev/sgdk1_3/lib/libmd.a(vdp.o)
addressErrorCB      0x4               /opt/gendev/sgdk1_3/lib/libmd.a(sys.o)
bmp_buffer_read     0x4               /opt/gendev/sgdk1_3/lib/libmd.a(bmp.o)
VIntProcess         0x4               /opt/gendev/sgdk1_3/lib/libmd.a(sys.o)
currentDriver       0x2               /opt/gendev/sgdk1_3/lib/libmd.a(z80_ctrl.o)
vdpSpriteCache      0x280             /opt/gendev/sgdk1_3/lib/libmd.a(vdp_spr.o)
planWidthSft        0x2               /opt/gendev/sgdk1_3/lib/libmd.a(vdp.o)
uploads             0x4               /opt/gendev/sgdk1_3/lib/libmd.a(tile_cache.o)
ExtIntProcess       0x4               /opt/gendev/sgdk1_3/lib/libmd.a(sys.o)
HIntProcess         0x4               /opt/gendev/sgdk1_3/lib/libmd.a(sys.o)
bmp_plan            0x2               /opt/gendev/sgdk1_3/lib/libmd.a(bmp.o)
privilegeViolationCB
                    0x4               /opt/gendev/sgdk1_3/lib/libmd.a(sys.o)
pcState             0x4               /opt/gendev/sgdk1_3/lib/libmd.a(sys.o)
ext1State           0x2               /opt/gendev/sgdk1_3/lib/libmd.a(sys.o)
busErrorCB          0x4               /opt/gendev/sgdk1_3/lib/libmd.a(sys.o)
highestVDPSpriteIndex
                    0x2               /opt/gendev/sgdk1_3/lib/libmd.a(vdp_spr.o)
internalHIntCB      0x4               /opt/gendev/sgdk1_3/lib/libmd.a(sys.o)
planHeight          0x2               /opt/gendev/sgdk1_3/lib/libmd.a(vdp.o)
aplan_addr          0x2               /opt/gendev/sgdk1_3/lib/libmd.a(vdp.o)
bplan_addr          0x2               /opt/gendev/sgdk1_3/lib/libmd.a(vdp.o)
bmp_plan_adr        0x4               /opt/gendev/sgdk1_3/lib/libmd.a(bmp.o)
addrState           0x4               /opt/gendev/sgdk1_3/lib/libmd.a(sys.o)

Memory Configuration

Name             Origin             Length             Attributes
rom              0x0000000000000000 0x0000000000400000 xr
ram              0x0000000000ff0000 0x0000000000010000 xw
*default*        0x0000000000000000 0xffffffffffffffff

Linker script and memory map

                0x0000000000000000                __DYNAMIC = 0x0
                0x0000000001000000                PROVIDE (__stack, 0x1000000)

.text           0x0000000000000000    0x17c10
 *(.text .text.*)
 .text          0x0000000000000000        0x0 boot/sega.o
 .text.keepboot
                0x0000000000000000      0x5ec boot/sega.o
                0x0000000000000262                _hard_reset
 .text          0x00000000000005ec      0xa08 /opt/gendev/sgdk1_3/lib/libmd.a(sys.o)
                0x00000000000005ec                _trace_callback
                0x00000000000005ee                _line1x1x_callback
                0x00000000000005f0                _int_callback
                0x00000000000005f2                _extint_callback
                0x00000000000009e4                _buserror_callback
                0x0000000000000a0c                _addresserror_callback
                0x0000000000000ac0                _illegalinst_callback
                0x0000000000000ae8                _chkinst_callback
                0x0000000000000b10                _trapvinst_callback
                0x0000000000000b38                _vint_callback
                0x0000000000000c56                _hint_callback
                0x0000000000000d9a                _zerodivide_callback
                0x0000000000000dc2                _privilegeviolation_callback
                0x0000000000000dea                _errorexception_callback
                0x0000000000000e12                _start_entry
                0x0000000000000ec4                _reset_entry
                0x0000000000000ed4                SYS_disableInts
                0x0000000000000f06                SYS_enableInts
                0x0000000000000f34                SYS_setVIntPreCallback
                0x0000000000000f3e                SYS_setVIntCallback
                0x0000000000000f48                SYS_setHIntCallback
                0x0000000000000f52                SYS_setExtIntCallback
                0x0000000000000f5c                SYS_isInVIntCallback
                0x0000000000000f68                SYS_isInHIntCallback
                0x0000000000000f74                SYS_isInExtIntCallback
                0x0000000000000f80                SYS_isInInterrupt
                0x0000000000000f88                SYS_isNTSC
                0x0000000000000f98                SYS_isPAL
                0x0000000000000fa4                SYS_die
 .text          0x0000000000000ff4      0xb26 /opt/gendev/sgdk1_3/lib/libmd.a(vdp.o)
                0x000000000000104c                VDP_getReg
                0x000000000000106c                VDP_setReg
                0x000000000000128a                VDP_getEnable
                0x0000000000001296                VDP_setEnable
                0x00000000000012c2                VDP_getScanlineNumber
                0x00000000000012d8                VDP_getScreenHeight
                0x00000000000012e0                VDP_setScreenHeight224
                0x0000000000001308                VDP_setScreenHeight240
                0x000000000000133c                VDP_getScreenWidth
                0x0000000000001344                VDP_setScreenWidth256
                0x000000000000137c                VDP_setScreenWidth320
                0x00000000000013b4                VDP_getPlanWidth
                0x00000000000013bc                VDP_getPlanHeight
                0x00000000000013c4                VDP_setPlanSize
                0x000000000000146c                VDP_getVerticalScrollingMode
                0x000000000000147a                VDP_getHorizontalScrollingMode
                0x0000000000001486                VDP_setScrollingMode
                0x00000000000014b4                VDP_getBackgroundColor
                0x00000000000014bc                VDP_setBackgroundColor
                0x00000000000014da                VDP_getAutoInc
                0x00000000000014e2                VDP_setAutoInc
                0x00000000000014fc                VDP_setHInterrupt
                0x0000000000001528                VDP_setHilightShadow
                0x0000000000001554                VDP_getHIntCounter
                0x000000000000155c                VDP_setHIntCounter
                0x0000000000001576                VDP_getAPlanAddress
                0x000000000000157e                VDP_getBPlanAddress
                0x0000000000001586                VDP_getWindowAddress
                0x000000000000158e                VDP_getWindowPlanAddress
                0x0000000000001596                VDP_getSpriteListAddress
                0x000000000000159e                VDP_getHScrollTableAddress
                0x00000000000015a6                VDP_setAPlanAddress
                0x00000000000015d4                VDP_setWindowAddress
                0x000000000000161a                VDP_setWindowPlanAddress
                0x000000000000162a                VDP_setBPlanAddress
                0x0000000000001658                VDP_setSpriteListAddress
                0x000000000000169e                VDP_setHScrollTableAddress
                0x00000000000016cc                VDP_setScanMode
                0x0000000000001714                VDP_setWindowHPos
                0x0000000000001738                VDP_setWindowVPos
                0x000000000000175c                VDP_waitDMACompletion
                0x000000000000176a                VDP_init
                0x00000000000019b6                VDP_waitFIFOEmpty
                0x00000000000019c4                VDP_waitVSync
                0x00000000000019de                VDP_resetScreen
                0x0000000000001a9c                VDP_showFPS
 *fill*         0x0000000000001b1a        0x2 
 .text          0x0000000000001b1c      0x680 /opt/gendev/sgdk1_3/lib/libmd.a(dma.o)
                0x0000000000001b1c                DMA_getAutoFlush
                0x0000000000001b28                DMA_setAutoFlush
                0x0000000000001b5a                DMA_getIgnoreOverCapacity
                0x0000000000001b68                DMA_setIgnoreOverCapacity
                0x0000000000001b82                DMA_getMaxTransferSize
                0x0000000000001b8a                DMA_setMaxTransferSize
                0x0000000000001b94                DMA_clearQueue
                0x0000000000001bae                DMA_init
                0x0000000000001c10                DMA_flushQueue
                0x0000000000001d02                DMA_getQueueSize
                0x0000000000001d0a                DMA_getQueueTransferSize
                0x0000000000001d12                DMA_queueDma
                0x0000000000001f02                DMA_waitCompletion
                0x0000000000001f10                DMA_doDma
                0x000000000000206a                DMA_doVRamFill
                0x0000000000002116                DMA_doVRamCopy
 .text          0x000000000000219c      0x11c /opt/gendev/sgdk1_3/lib/libmd.a(psg.o)
                0x000000000000219c                PSG_init
                0x00000000000021d4                PSG_write
                0x00000000000021de                PSG_setEnvelope
                0x0000000000002200                PSG_setTone
                0x0000000000002232                PSG_setFrequency
                0x0000000000002294                PSG_setNoise
 .text          0x00000000000022b8     0x2132 /opt/gendev/sgdk1_3/lib/libmd.a(tools.o)
                0x00000000000022b8                setRandomSeed
                0x00000000000022c8                random
                0x00000000000022ee                getFPS
                0x0000000000002356                getFPS_f
                0x00000000000023d8                KLog
                0x00000000000023fc                KLog_U1
                0x0000000000002448                KLog_U1_
                0x00000000000024a0                KLog_U2
                0x000000000000250e                KLog_U2_
                0x0000000000002584                KLog_U3
                0x0000000000002610                KLog_U3_
                0x00000000000026a4                KLog_U4
                0x000000000000274c                KLog_U4_
                0x00000000000027fe                KLog_U1x
                0x0000000000002852                KLog_U1x_
                0x00000000000028b2                KLog_U2x
                0x0000000000002926                KLog_U2x_
                0x00000000000029a2                KLog_U3x
                0x0000000000002a32                KLog_U3x_
                0x0000000000002aca                KLog_U4x
                0x0000000000002b74                KLog_U4x_
                0x0000000000002c28                KLog_S1
                0x0000000000002c74                KLog_S1_
                0x0000000000002ccc                KLog_S2
                0x0000000000002d3a                KLog_S2_
                0x0000000000002db0                KLog_S3
                0x0000000000002e3c                KLog_S3_
                0x0000000000002ed0                KLog_S4
                0x0000000000002f78                KLog_S4_
                0x000000000000302a                KLog_S1x
                0x000000000000307e                KLog_S2x
                0x00000000000030f2                KLog_S3x
                0x0000000000003182                KLog_S4x
                0x000000000000322c                KLog_f1
                0x000000000000327c                KLog_f2
                0x00000000000032f2                KLog_f3
                0x000000000000338a                KLog_f4
                0x0000000000003442                KLog_f1x
                0x0000000000003496                KLog_f2x
                0x000000000000350e                KLog_f3x
                0x00000000000035a6                KLog_f4x
                0x000000000000365c                KLog_F1
                0x00000000000036a8                KLog_F2
                0x0000000000003716                KLog_F3
                0x00000000000037a2                KLog_F4
                0x000000000000384a                KLog_F1x
                0x000000000000389a                KLog_F2x
                0x000000000000390a                KLog_F3x
                0x0000000000003996                KLog_F4x
                0x0000000000003a3c                allocateBitmap
                0x0000000000003a9c                allocateBitmapEx
                0x0000000000003ade                allocateTileSet
                0x0000000000003b28                allocateTileSetEx
                0x0000000000003b54                allocateMap
                0x0000000000003b9e                allocateMapEx
                0x0000000000003bc8                allocateImage
                0x0000000000003c86                unpack
                0x0000000000003cbe                unpackBitmap
                0x0000000000003d52                unpackTileSet
                0x0000000000003dc6                unpackMap
                0x0000000000003e3e                unpackImage
                0x0000000000003e96                partition_u8
                0x0000000000003f1a                qsort_u8
                0x0000000000003f6a                partition_s8
                0x0000000000003fee                qsort_s8
                0x000000000000403e                partition_u16
                0x00000000000040d0                qsort_u16
                0x0000000000004120                partition_s16
                0x00000000000041b2                qsort_s16
                0x0000000000004202                partition_u32
                0x00000000000042a6                qsort_u32
                0x00000000000042f6                partition_s32
                0x000000000000439a                qsort_s32
 *fill*         0x00000000000043ea        0x2 
 .text          0x00000000000043ec      0x430 /opt/gendev/sgdk1_3/lib/libmd.a(memory.o)
                0x00000000000043ec                MEM_init
                0x0000000000004414                MEM_getFree
                0x0000000000004442                MEM_getAllocated
                0x0000000000004478                MEM_free
                0x000000000000448a                MEM_alloc
                0x0000000000004560                MEM_dump
                0x0000000000004728                memcpyU16
                0x0000000000004746                memcpyU32
                0x0000000000004766                fastMemset
                0x0000000000004786                fastMemsetU16
                0x00000000000047a6                fastMemsetU32
                0x00000000000047c2                fastMemcpy
                0x00000000000047de                fastMemcpyU16
                0x00000000000047fc                fastMemcpyU32
 .text          0x000000000000481c      0xca2 /opt/gendev/sgdk1_3/lib/libmd.a(vdp_tile.o)
                0x000000000000481c                VDP_loadTileSet
                0x000000000000489e                VDP_loadFontData
                0x00000000000048ce                VDP_loadFont
                0x00000000000048f4                VDP_loadBMPTileDataEx
                0x000000000000494c                VDP_fillTileData
                0x0000000000004998                VDP_setTileMap
                0x00000000000049d6                VDP_setTileMapXY
                0x0000000000004a8c                VDP_fillTileMap
                0x0000000000004b22                VDP_fillTileMapRectByIndex
                0x0000000000004b4c                VDP_fillTileMapRect
                0x0000000000004c56                VDP_clearTileMap
                0x0000000000004c94                VDP_clearTileMapRectByIndex
                0x0000000000004cbe                VDP_clearTileMapRect
                0x0000000000004cf0                VDP_fillTileMapInc
                0x0000000000004db4                VDP_fillTileMapRectIncByIndex
                0x0000000000004dde                VDP_fillTileMapRectInc
                0x0000000000004eee                VDP_setTileMapData
                0x0000000000004fc6                VDP_setTileMapRectByIndex
                0x0000000000004ff4                VDP_setTileMapDataRect
                0x0000000000005116                VDP_setTileMapDataEx
                0x0000000000005202                VDP_setTileMapRectExByIndex
                0x0000000000005234                VDP_setTileMapDataRectEx
                0x0000000000005378                VDP_setTileMapRectEx
                0x00000000000053ba                VDP_setMapEx
                0x000000000000547c                VDP_setMap
 *fill*         0x00000000000054be        0x2 
 .text          0x00000000000054c0      0x620 /opt/gendev/sgdk1_3/lib/libmd.a(z80_ctrl.o)
                0x00000000000054c0                Z80_isBusTaken
                0x00000000000054d2                Z80_requestBus
                0x00000000000054f8                Z80_releaseBus
                0x0000000000005502                Z80_startReset
                0x000000000000550c                Z80_endReset
                0x0000000000005516                Z80_setBank
                0x000000000000552a                Z80_init
                0x0000000000005548                Z80_read
                0x000000000000555a                Z80_write
                0x000000000000556e                Z80_clear
                0x00000000000055e8                Z80_upload
                0x0000000000005660                Z80_download
                0x00000000000056b8                Z80_getLoadedDriver
                0x00000000000056c0                Z80_unloadDriver
                0x00000000000056f4                Z80_loadCustomDriver
                0x0000000000005738                Z80_isDriverReady
                0x000000000000576e                Z80_loadDriver
 .text          0x0000000000005ae0      0x1f0 /opt/gendev/sgdk1_3/lib/libmd.a(ym2612.o)
                0x0000000000005ae0                YM2612_read
                0x0000000000005afa                YM2612_write
                0x0000000000005b20                YM2612_reset
                0x0000000000005c06                YM2612_writeSafe
                0x0000000000005c1e                YM2612_writeReg
                0x0000000000005c70                YM2612_writeRegSafe
                0x0000000000005c92                YM2612_enableDAC
                0x0000000000005cb2                YM2612_disableDAC
 .text          0x0000000000005cd0      0x6c4 /opt/gendev/sgdk1_3/lib/libmd.a(vdp_pal.o)
                0x0000000000005dc8                VDP_getPaletteColor
                0x0000000000005dfc                VDP_setPaletteColor
                0x0000000000005e36                VDP_doStepFading
                0x0000000000005f5c                VDP_initFading
                0x00000000000060ae                VDP_interruptFade
                0x00000000000060c0                VDP_fade
                0x0000000000006124                VDP_fadeTo
                0x000000000000618e                VDP_fadeOut
                0x00000000000061be                VDP_fadeIn
                0x00000000000061f2                VDP_fadePal
                0x000000000000622e                VDP_fadePalTo
                0x0000000000006266                VDP_fadePalOut
                0x00000000000062a0                VDP_fadePalIn
                0x00000000000062de                VDP_fadeAll
                0x0000000000006306                VDP_fadeAllTo
                0x000000000000632a                VDP_fadeOutAll
                0x0000000000006350                VDP_fadeInAll
                0x000000000000637a                VDP_isDoingFade
                0x0000000000006386                VDP_waitFadeCompletion
 .text          0x0000000000006394        0x0 /opt/gendev/sgdk1_3/lib/libmd.a(z80_vgm.o)
 .text          0x0000000000006394      0x4c6 /opt/gendev/sgdk1_3/lib/libmd.a(vdp_spr.o)
                0x0000000000006394                VDP_releaseAllSprites
                0x00000000000063c2                VDP_allocateSprites
                0x000000000000645c                VDP_releaseSprites
                0x00000000000064c4                VDP_getAvailableSprites
                0x00000000000064d4                VDP_refreshHighestAllocatedSpriteIndex
                0x000000000000650c                VDP_clearSprites
                0x000000000000651a                VDP_resetSprites
                0x0000000000006524                VDP_setSpriteFull
                0x0000000000006560                VDP_setSprite
                0x0000000000006596                VDP_setSpritePosition
                0x00000000000065be                VDP_setSpriteSize
                0x00000000000065d4                VDP_setSpriteAttribut
                0x00000000000065ea                VDP_setSpriteLink
                0x0000000000006600                VDP_linkSprites
                0x000000000000664a                VDP_updateSprites
                0x00000000000066ba                logVDPSprite
 *fill*         0x000000000000685a        0x2 
 .text          0x000000000000685c      0xbe8 /opt/gendev/sgdk1_3/lib/libmd.a(sound.o)
                0x000000000000685c                SND_isPlaying_PCM
                0x000000000000689c                SND_startPlay_PCM
                0x000000000000694c                SND_stopPlay_PCM
                0x00000000000069c2                SND_isPlaying_2ADPCM
                0x0000000000006a04                SND_startPlay_2ADPCM
                0x0000000000006ace                SND_stopPlay_2ADPCM
                0x0000000000006b52                SND_isPlaying_4PCM
                0x0000000000006b94                SND_startPlay_4PCM
                0x0000000000006c78                SND_stopPlay_4PCM
                0x0000000000006cfc                SND_setVolume_4PCM
                0x0000000000006d50                SND_getVolume_4PCM
                0x0000000000006d9e                SND_isPlaying_MVS
                0x0000000000006ddc                SND_startPlay_MVS
                0x0000000000006e52                SND_stopPlay_MVS
                0x0000000000006e90                SND_setTempo_MVS
                0x0000000000006ecc                SND_startDAC_MVS
                0x0000000000006f3a                SND_stopDAC_MVS
                0x0000000000006f70                SND_isPlayingPSG_MVS
                0x0000000000006faa                SND_startPSG_MVS
                0x0000000000007002                SND_stopPSG_MVS
                0x0000000000007038                SND_enablePSG_MVS
                0x0000000000007084                SND_disablePSG_MVS
                0x00000000000070d0                SND_startPlay_TFM
                0x0000000000007150                SND_stopPlay_TFM
                0x0000000000007164                SND_stopPlay_VGM
                0x000000000000719c                SND_resumePlay_VGM
                0x00000000000071d4                SND_isPlaying_VGM
                0x0000000000007210                SND_startPlay_VGM
                0x000000000000729a                SND_playSfx_VGM
                0x0000000000007308                SND_isPlaying_XGM
                0x0000000000007310                SND_startPlay_XGM
                0x000000000000731e                SND_stopPlay_XGM
                0x0000000000007326                SND_pausePlay_XGM
                0x000000000000732e                SND_resumePlay_XGM
                0x0000000000007336                SND_isPlayingPCM_XGM
                0x0000000000007348                SND_setPCM_XGM
                0x0000000000007364                SND_setPCMFast_XGM
                0x0000000000007380                SND_startPlayPCM_XGM
                0x00000000000073a4                SND_stopPlayPCM_XGM
                0x00000000000073b6                SND_setLoopNumber_XGM
                0x00000000000073ca                SND_set68KBUSProtection_XGM
                0x00000000000073dc                SND_nextXFrame_XGM
                0x00000000000073ee                SND_getManualSync_XGM
                0x00000000000073f6                SND_setManualSync_XGM
                0x0000000000007408                SND_getForceDelayDMA_XGM
                0x0000000000007410                SND_setForceDelayDMA_XGM
                0x0000000000007422                SND_getMusicTempo_XGM
                0x000000000000742a                SND_setMusicTempo_XGM
                0x000000000000743c                SND_getCPULoad_XGM
 .text          0x0000000000007444      0xa58 /opt/gendev/sgdk1_3/lib/libmd.a(string.o)
                0x0000000000007578                strlen
                0x000000000000758a                strnlen
                0x00000000000075c6                strcmp
                0x00000000000075e6                strclr
                0x00000000000075f0                strcpy
                0x0000000000007602                strncpy
                0x0000000000007638                strcat
                0x0000000000007656                strreplacechar
                0x000000000000767c                intToStr
                0x00000000000076b0                uintToStr
                0x00000000000076ca                uint16ToStr
                0x000000000000778c                intToHex
                0x0000000000007838                fix32ToStr
                0x00000000000078e2                fix16ToStr
                0x000000000000798a                sprintf
 .text          0x0000000000007e9c      0x270 /opt/gendev/sgdk1_3/lib/libmd.a(vdp_dma.o)
                0x0000000000007e9c                VDP_doDMAEx
                0x0000000000007ff6                VDP_doDMA
                0x0000000000008020                VDP_doVRamDMAFill
                0x0000000000008094                VDP_doVRamDMACopy
 .text          0x000000000000810c     0x124e /opt/gendev/sgdk1_3/lib/libmd.a(bmp.o)
                0x00000000000082ec                BMP_end
                0x000000000000836c                BMP_reset
                0x00000000000084dc                BMP_init
                0x0000000000008550                BMP_setBufferCopy
                0x000000000000856a                BMP_hasFlipRequestPending
                0x0000000000008578                BMP_waitWhileFlipRequestPending
                0x0000000000008588                BMP_hasFlipInProgess
                0x0000000000008594                BMP_waitFlipComplete
                0x00000000000085a4                BMP_flip
                0x00000000000085f6                BMP_drawText
                0x000000000000864c                BMP_clearText
                0x00000000000086aa                BMP_clearTextLine
                0x00000000000086f2                BMP_showFPS
                0x00000000000087ba                BMP_clear
                0x00000000000087ca                BMP_getWritePointer
                0x00000000000087e6                BMP_getReadPointer
                0x0000000000008802                BMP_getPixel
                0x000000000000883a                BMP_setPixel
                0x0000000000008872                BMP_setPixels_V2D
                0x00000000000088c2                BMP_setPixels
                0x000000000000891e                BMP_drawBitmapData
                0x00000000000089c6                BMP_drawBitmap
                0x0000000000008a9a                BMP_loadBitmapData
                0x0000000000008acc                BMP_loadBitmap
                0x0000000000008af2                BMP_getBitmapPalette
                0x0000000000008b0e                BMP_scale
                0x0000000000008be0                BMP_drawBitmapScaled
                0x0000000000008cea                BMP_loadAndScaleBitmap
                0x0000000000008d20                BMP_doVBlankProcess
                0x0000000000008d28                BMP_doHBlankProcess
 *fill*         0x000000000000935a        0x2 
 .text          0x000000000000935c      0x1dc /opt/gendev/sgdk1_3/lib/libmd.a(timer.o)
                0x000000000000935c                getSubTick
                0x00000000000093ac                getTick
                0x00000000000093d8                getTime
                0x00000000000093fa                getTimeAsFix32
                0x000000000000940c                startTimer
                0x000000000000942e                getTimer
                0x000000000000946c                waitSubTick
                0x00000000000094ba                waitTick
                0x0000000000009508                waitMs
 .text          0x0000000000009538      0x5dc /opt/gendev/sgdk1_3/lib/libmd.a(tile_cache.o)
                0x00000000000095de                TC_init
                0x0000000000009618                TC_end
                0x0000000000009680                TC_createCacheEx
                0x00000000000096c6                TC_createCache
                0x00000000000096e8                TC_releaseCache
                0x00000000000096fa                TC_clearCache
                0x000000000000970c                TC_flushCache
                0x0000000000009716                TC_reAlloc
                0x0000000000009796                TC_alloc
                0x0000000000009a14                TC_free
                0x0000000000009a82                TC_getTileIndex
                0x0000000000009ac6                TC_uploadAtVBlank
                0x0000000000009afa                TC_doVBlankProcess
 .text          0x0000000000009b14      0x7e6 /opt/gendev/sgdk1_3/lib/libmd.a(vdp_bg.o)
                0x0000000000009b14                VDP_setHorizontalScroll
                0x0000000000009b5a                VDP_setHorizontalScrollTile
                0x0000000000009bf2                VDP_setHorizontalScrollLine
                0x0000000000009c8a                VDP_setVerticalScroll
                0x0000000000009cc4                VDP_setVerticalScrollTile
                0x0000000000009d4e                VDP_clearPlan
                0x0000000000009e00                VDP_getTextPlan
                0x0000000000009e08                VDP_getTextPalette
                0x0000000000009e18                VDP_getTextPriority
                0x0000000000009e24                VDP_setTextPlan
                0x0000000000009e2e                VDP_setTextPalette
                0x0000000000009e50                VDP_setTextPriority
                0x0000000000009e72                VDP_drawTextBG
                0x0000000000009f26                VDP_clearTextBG
                0x0000000000009f56                VDP_clearTextAreaBG
                0x0000000000009f8a                VDP_clearTextLineBG
                0x0000000000009fcc                VDP_drawText
                0x0000000000009ff2                VDP_clearText
                0x000000000000a01c                VDP_clearTextArea
                0x000000000000a04e                VDP_clearTextLine
                0x000000000000a066                VDP_drawBitmapEx
                0x000000000000a158                VDP_drawBitmap
                0x000000000000a1de                VDP_drawImageEx
                0x000000000000a27e                VDP_drawImage
 *fill*         0x000000000000a2fa        0x2 
 .text          0x000000000000a2fc      0x1b8 /opt/gendev/sgdk1_3/lib/libmd.a(memory_a.o)
                0x000000000000a2fc                memset
                0x000000000000a374                memsetU16
                0x000000000000a3d2                memsetU32
                0x000000000000a410                memcpy
 *fill*         0x000000000000a4b4       0x4c 
 .text          0x000000000000a500       0x80 /opt/gendev/sgdk1_3/lib/libmd.a(smp_null_pcm.o)
                0x000000000000a500                smp_null_pcm
 .text          0x000000000000a580      0x102 /opt/gendev/sgdk1_3/lib/libmd.a(vdp_tile_a.o)
                0x000000000000a580                VDP_loadTileData
                0x000000000000a5fc                VDP_loadBMPTileData
 *fill*         0x000000000000a682        0x2 
 .text          0x000000000000a684      0x15c /opt/gendev/sgdk1_3/lib/libmd.a(vdp_pal_a.o)
                0x000000000000a684                VDP_getPaletteColors
                0x000000000000a6ea                VDP_setPaletteColors
                0x000000000000a750                VDP_getPalette
                0x000000000000a798                VDP_setPalette
 .text          0x000000000000a7e0       0x56 /opt/gendev/sgdk1_3/lib/libmd.a(sys_a.o)
                0x000000000000a7e0                SYS_assertReset
                0x000000000000a7e4                SYS_reset
                0x000000000000a7f2                SYS_hardReset
                0x000000000000a800                SYS_getInterruptMaskLevel
                0x000000000000a80a                SYS_setInterruptMaskLevel
                0x000000000000a81c                SYS_getAndSetInterruptMaskLevel
 *fill*         0x000000000000a836        0x2 
 .text          0x000000000000a838       0x88 /opt/gendev/sgdk1_3/lib/libmd.a(kdebug.o)
                0x000000000000a838                KDebug_Halt
                0x000000000000a842                KDebug_Alert
                0x000000000000a85e                KDebug_AlertNumber
                0x000000000000a8ac                KDebug_StartTimer
                0x000000000000a8b6                KDebug_StopTimer
 *fill*         0x000000000000a8c0       0x40 
 .text          0x000000000000a900      0x100 /opt/gendev/sgdk1_3/lib/libmd.a(smp_null.o)
                0x000000000000a900                smp_null
 .text          0x000000000000aa00     0x14dc /opt/gendev/sgdk1_3/lib/libmd.a(bmp_a.o)
                0x000000000000aa00                clearBitmapBuffer
                0x000000000000aa6a                copyBitmapBuffer
                0x000000000000ac28                BMP_clipLine
                0x000000000000ac44                BMP_drawLine
                0x000000000000acb4                BMP_isPolygonCulled
                0x000000000000b5e0                BMP_drawPolygon
 .text          0x000000000000bedc      0xae2 /opt/gendev/sgdk1_3/lib/libmd.a(tools_a.o)
                0x000000000000bedc                qsort
                0x000000000000bf78                aplib_unpack
                0x000000000000bf7e                aplib_decrunch
                0x000000000000c020                lz4w_unpack
                0x000000000000c028                lz4w_unpack_a
 *fill*         0x000000000000c9be        0x2 
 .text          0x000000000000c9c0      0xb2c /opt/gendev/sgdk1_3/lib/libmd.a(z80_drv1.o)
                0x000000000000c9c0                z80_drv1
 .text          0x000000000000d4ec      0x69e /opt/gendev/sgdk1_3/lib/libmd.a(z80_tfm.o)
                0x000000000000d4ec                z80_tfm
 *fill*         0x000000000000db8a        0x2 
 .text          0x000000000000db8c      0xe00 /opt/gendev/sgdk1_3/lib/libmd.a(z80_drv2.o)
                0x000000000000db8c                z80_drv2
 .text          0x000000000000e98c      0xa6a /opt/gendev/sgdk1_3/lib/libmd.a(z80_drv3.o)
                0x000000000000e98c                z80_drv3
 *fill*         0x000000000000f3f6        0x2 
 .text          0x000000000000f3f8     0x1700 /opt/gendev/sgdk1_3/lib/libmd.a(z80_xgm.o)
                0x000000000000f3f8                z80_xgm
 .text          0x0000000000010af8      0xa5c /opt/gendev/sgdk1_3/lib/libmd.a(z80_mvs.o)
                0x0000000000010af8                z80_mvs
 .text          0x0000000000011554        0x0 /opt/gendev/sgdk1_3/lib/libmd.a(libres.o)
 .text          0x0000000000011554        0x0 /opt/gendev/sgdk1_3/lib/libmd.a(tab_vol.o)
 .text          0x0000000000011554     0x1846 /opt/gendev/sgdk1_3/lib/libmd.a(joy.o)
                0x0000000000011fc0                JOY_setEventHandler
                0x0000000000011fca                JOY_setSupport
                0x00000000000123fa                JOY_init
                0x00000000000127b6                JOY_getPortType
                0x00000000000127d6                JOY_getJoypadType
                0x00000000000127f6                JOY_readJoypad
                0x0000000000012846                JOY_readJoypadX
                0x0000000000012868                JOY_readJoypadY
                0x000000000001288a                JOY_update
                0x0000000000012ca8                JOY_waitPressTime
                0x0000000000012d4c                JOY_waitPressBtn
                0x0000000000012d62                JOY_waitPressBtnTime
                0x0000000000012d7e                JOY_waitPress
 *fill*         0x0000000000012d9a        0x2 
 .text          0x0000000000012d9c      0x738 /opt/gendev/sgdk1_3/lib/libmd.a(xgm.o)
                0x0000000000012d9c                XGM_isPlaying
                0x0000000000012ddc                XGM_startPlay
                0x0000000000012ef4                XGM_stopPlay
                0x0000000000012f6a                XGM_pausePlay
                0x0000000000012fa8                XGM_resumePlay
                0x0000000000012fee                XGM_isPlayingPCM
                0x0000000000013030                XGM_setPCMFast
                0x000000000001306e                XGM_setPCM
                0x00000000000130ba                XGM_startPlayPCM
                0x0000000000013126                XGM_stopPlayPCM
                0x0000000000013186                XGM_setLoopNumber
                0x00000000000131c6                XGM_set68KBUSProtection
                0x00000000000131f6                XGM_nextXFrame
                0x000000000001324c                XGM_getManualSync
                0x0000000000013258                XGM_setManualSync
                0x00000000000132a0                XGM_getForceDelayDMA
                0x00000000000132ac                XGM_setForceDelayDMA
                0x00000000000132d4                XGM_getMusicTempo
                0x00000000000132dc                XGM_setMusicTempo
                0x0000000000013304                XGM_getElapsed
                0x000000000001335e                XGM_getCPULoad
                0x000000000001342c                XGM_resetLoadCalculation
                0x0000000000013458                XGM_doVBlankProcess
 .text          0x00000000000134d4        0xc /opt/gendev/sgdk1_3/lib/libmd.a(types.o)
                0x00000000000134d4                getZeroU8
                0x00000000000134d8                getZeroU16
                0x00000000000134dc                getZeroU32
 .text          0x00000000000134e0       0x22 /opt/gendev/lib/gcc/m68k-elf/6.3.0/libgcc.a(_mulsi3.o)
                0x00000000000134e0                __mulsi3
 *fill*         0x0000000000013502        0x2 
 .text          0x0000000000013504       0x5c /opt/gendev/lib/gcc/m68k-elf/6.3.0/libgcc.a(_udivsi3.o)
                0x0000000000013504                __udivsi3
 .text          0x0000000000013560       0x2e /opt/gendev/lib/gcc/m68k-elf/6.3.0/libgcc.a(_divsi3.o)
                0x0000000000013560                __divsi3
 *fill*         0x000000000001358e        0x2 
 .text          0x0000000000013590       0x2e /opt/gendev/lib/gcc/m68k-elf/6.3.0/libgcc.a(_umodsi3.o)
                0x0000000000013590                __umodsi3
 *fill*         0x00000000000135be        0x2 
 .text          0x00000000000135c0      0x20a src/raycast.o
                0x00000000000135c0                gtRaycasterFrame
 *fill*         0x00000000000137ca        0x2 
 .text          0x00000000000137cc      0x158 src/framebuffer.o
                0x00000000000137cc                gtInitFramebuffer
                0x000000000001380a                gtClearFramebuffer
                0x000000000001383c                gtFramebufferUpdate
                0x000000000001385c                gtFramebufferPlot
 .text          0x0000000000013924       0x44 src/goat_debug.o
                0x0000000000013924                gtDebugPrintU32
 .text          0x0000000000013968       0x34 main.o
                0x0000000000013968                main
 .text          0x000000000001399c       0x2e /opt/gendev/sgdk1_3/lib/libgcc.a(_modsi3.o)
                0x000000000001399c                __modsi3
                0x00000000000139cc                . = ALIGN (0x4)
 *fill*         0x00000000000139ca        0x2 
                0x00000000000139cc                __CTOR_LIST__ = .
                0x00000000000139cc                ___CTOR_LIST__ = .
                0x00000000000139cc        0x4 LONG 0x0 (((__CTOR_END__ - __CTOR_LIST__) / 0x4) - 0x2)
 *(.ctors)
                0x00000000000139d0        0x4 LONG 0x0
                0x00000000000139d4                __CTOR_END__ = .
                0x00000000000139d4                __DTOR_LIST__ = .
                0x00000000000139d4                ___DTOR_LIST__ = .
                0x00000000000139d4        0x4 LONG 0x0 (((__DTOR_END__ - __DTOR_LIST__) / 0x4) - 0x2)
 *(.dtors)
                0x00000000000139d8        0x4 LONG 0x0
                0x00000000000139dc                __DTOR_END__ = .
 *(.rodata .rodata.*)
 .rodata.str1.1
                0x00000000000139dc      0x13e /opt/gendev/sgdk1_3/lib/libmd.a(sys.o)
 .rodata.str1.1
                0x0000000000013b1a       0x21 /opt/gendev/sgdk1_3/lib/libmd.a(vdp.o)
                                         0x4c (size before relaxing)
 *fill*         0x0000000000013b3b        0x1 
 .rodata        0x0000000000013b3c        0x6 /opt/gendev/sgdk1_3/lib/libmd.a(vdp.o)
                0x0000000000013b3c                PLAN_WINDOW
                0x0000000000013b3e                PLAN_B
                0x0000000000013b40                PLAN_A
 .rodata.str1.1
                0x0000000000000000        0x2 /opt/gendev/sgdk1_3/lib/libmd.a(tools.o)
 .rodata.str1.1
                0x0000000000013b42       0x41 /opt/gendev/sgdk1_3/lib/libmd.a(memory.o)
                                         0x42 (size before relaxing)
 *fill*         0x0000000000013b83        0x1 
 .rodata        0x0000000000013b84      0x104 /opt/gendev/sgdk1_3/lib/libmd.a(vdp_pal.o)
                0x0000000000013b84                palette_blue
                0x0000000000013ba4                palette_green
                0x0000000000013bc4                palette_red
                0x0000000000013be4                palette_grey
                0x0000000000013c04                palette_black
                0x0000000000013c08                palette_black_all
 .rodata        0x0000000000013c88      0xe40 /opt/gendev/sgdk1_3/lib/libmd.a(z80_vgm.o)
                0x0000000000013c88                z80_vgm
 .rodata.str1.1
                0x0000000000014ac8        0x7 /opt/gendev/sgdk1_3/lib/libmd.a(string.o)
 .rodata        0x0000000000014acf       0xeb /opt/gendev/sgdk1_3/lib/libmd.a(string.o)
 .rodata        0x0000000000014bba      0xcec /opt/gendev/sgdk1_3/lib/libmd.a(libres.o)
                0x0000000000015560                logo_lib
                0x00000000000157ca                font_lib
                0x00000000000157f2                font_pal_lib
                0x00000000000157fa                stop_xgm
 .rodata        0x00000000000158a6     0x1000 /opt/gendev/sgdk1_3/lib/libmd.a(tab_vol.o)
                0x00000000000158a6                tab_vol
 .rodata        0x00000000000168a6       0x18 /opt/gendev/sgdk1_3/lib/libmd.a(joy.o)
 .rodata        0x00000000000168be     0x1320 src/raycast.o
                0x00000000000168be                sinLookup
                0x0000000000016e5e                cosLookup
                0x00000000000173fe                tanLookup
                0x000000000001799e                worldMap
 .rodata        0x0000000000017bde       0x20 src/framebuffer.o
                0x0000000000017bde                stdPalette
 .rodata        0x0000000000017bfe        0xb main.o
 *(.gcc_except_table .gcc_except_table.*)
                0x0000000000017c0c                . = ALIGN (0x4)
 *fill*         0x0000000000017c09        0x3 
                0x0000000000017c0c                __INIT_SECTION__ = .
 *(.init)
                0x0000000000017c0c        0x2 SHORT 0x4e75
                0x0000000000017c0e                __FINI_SECTION__ = .
 *(.fini)
                0x0000000000017c0e        0x2 SHORT 0x4e75
                0x0000000000017c10                _etext = .
 *(.lit)
                0x0000000000017c10                . = ALIGN (0x4)
                0x0000000000017c10                _stext = SIZEOF (.text)

.data           0x0000000000ff0000        0x4 load address 0x0000000000017c10
 *(.got.plt)
 *(.got)
 *(.shdata)
 *(.data .data.*)
 .data          0x0000000000ff0000        0x0 boot/sega.o
 .data          0x0000000000ff0000        0x0 /opt/gendev/sgdk1_3/lib/libmd.a(sys.o)
 .data          0x0000000000ff0000        0x0 /opt/gendev/sgdk1_3/lib/libmd.a(vdp.o)
 .data          0x0000000000ff0000        0x0 /opt/gendev/sgdk1_3/lib/libmd.a(dma.o)
 .data          0x0000000000ff0000        0x0 /opt/gendev/sgdk1_3/lib/libmd.a(psg.o)
 .data          0x0000000000ff0000        0x0 /opt/gendev/sgdk1_3/lib/libmd.a(tools.o)
 .data          0x0000000000ff0000        0x0 /opt/gendev/sgdk1_3/lib/libmd.a(memory.o)
 .data          0x0000000000ff0000        0x0 /opt/gendev/sgdk1_3/lib/libmd.a(vdp_tile.o)
 .data          0x0000000000ff0000        0x0 /opt/gendev/sgdk1_3/lib/libmd.a(z80_ctrl.o)
 .data          0x0000000000ff0000        0x0 /opt/gendev/sgdk1_3/lib/libmd.a(ym2612.o)
 .data          0x0000000000ff0000        0x0 /opt/gendev/sgdk1_3/lib/libmd.a(vdp_pal.o)
 .data          0x0000000000ff0000        0x0 /opt/gendev/sgdk1_3/lib/libmd.a(z80_vgm.o)
 .data          0x0000000000ff0000        0x0 /opt/gendev/sgdk1_3/lib/libmd.a(vdp_spr.o)
 .data          0x0000000000ff0000        0x0 /opt/gendev/sgdk1_3/lib/libmd.a(sound.o)
 .data          0x0000000000ff0000        0x0 /opt/gendev/sgdk1_3/lib/libmd.a(string.o)
 .data          0x0000000000ff0000        0x0 /opt/gendev/sgdk1_3/lib/libmd.a(vdp_dma.o)
 .data          0x0000000000ff0000        0x0 /opt/gendev/sgdk1_3/lib/libmd.a(bmp.o)
 .data          0x0000000000ff0000        0x0 /opt/gendev/sgdk1_3/lib/libmd.a(timer.o)
 .data          0x0000000000ff0000        0x0 /opt/gendev/sgdk1_3/lib/libmd.a(tile_cache.o)
 .data          0x0000000000ff0000        0x0 /opt/gendev/sgdk1_3/lib/libmd.a(vdp_bg.o)
 .data          0x0000000000ff0000        0x0 /opt/gendev/sgdk1_3/lib/libmd.a(memory_a.o)
 .data          0x0000000000ff0000        0x0 /opt/gendev/sgdk1_3/lib/libmd.a(smp_null_pcm.o)
 .data          0x0000000000ff0000        0x0 /opt/gendev/sgdk1_3/lib/libmd.a(vdp_tile_a.o)
 .data          0x0000000000ff0000        0x0 /opt/gendev/sgdk1_3/lib/libmd.a(vdp_pal_a.o)
 .data          0x0000000000ff0000        0x0 /opt/gendev/sgdk1_3/lib/libmd.a(sys_a.o)
 .data          0x0000000000ff0000        0x0 /opt/gendev/sgdk1_3/lib/libmd.a(kdebug.o)
 .data          0x0000000000ff0000        0x0 /opt/gendev/sgdk1_3/lib/libmd.a(smp_null.o)
 .data          0x0000000000ff0000        0x0 /opt/gendev/sgdk1_3/lib/libmd.a(bmp_a.o)
 .data          0x0000000000ff0000        0x0 /opt/gendev/sgdk1_3/lib/libmd.a(tools_a.o)
 .data          0x0000000000ff0000        0x0 /opt/gendev/sgdk1_3/lib/libmd.a(z80_drv1.o)
 .data          0x0000000000ff0000        0x0 /opt/gendev/sgdk1_3/lib/libmd.a(z80_tfm.o)
 .data          0x0000000000ff0000        0x0 /opt/gendev/sgdk1_3/lib/libmd.a(z80_drv2.o)
 .data          0x0000000000ff0000        0x0 /opt/gendev/sgdk1_3/lib/libmd.a(z80_drv3.o)
 .data          0x0000000000ff0000        0x0 /opt/gendev/sgdk1_3/lib/libmd.a(z80_xgm.o)
 .data          0x0000000000ff0000        0x0 /opt/gendev/sgdk1_3/lib/libmd.a(z80_mvs.o)
 .data          0x0000000000ff0000        0x0 /opt/gendev/sgdk1_3/lib/libmd.a(libres.o)
 .data          0x0000000000ff0000        0x0 /opt/gendev/sgdk1_3/lib/libmd.a(tab_vol.o)
 .data          0x0000000000ff0000        0x0 /opt/gendev/sgdk1_3/lib/libmd.a(joy.o)
 .data          0x0000000000ff0000        0x0 /opt/gendev/sgdk1_3/lib/libmd.a(xgm.o)
 .data          0x0000000000ff0000        0x0 /opt/gendev/sgdk1_3/lib/libmd.a(types.o)
 .data          0x0000000000ff0000        0x0 /opt/gendev/lib/gcc/m68k-elf/6.3.0/libgcc.a(_mulsi3.o)
 .data          0x0000000000ff0000        0x0 /opt/gendev/lib/gcc/m68k-elf/6.3.0/libgcc.a(_udivsi3.o)
 .data          0x0000000000ff0000        0x0 /opt/gendev/lib/gcc/m68k-elf/6.3.0/libgcc.a(_divsi3.o)
 .data          0x0000000000ff0000        0x0 /opt/gendev/lib/gcc/m68k-elf/6.3.0/libgcc.a(_umodsi3.o)
 .data          0x0000000000ff0000        0x4 src/raycast.o
 .data          0x0000000000ff0004        0x0 src/framebuffer.o
 .data          0x0000000000ff0004        0x0 src/goat_debug.o
 .data          0x0000000000ff0004        0x0 main.o
 .data          0x0000000000ff0004        0x0 /opt/gendev/sgdk1_3/lib/libgcc.a(_modsi3.o)
                0x0000000000ff0004                _edata = .
                0x0000000000ff0004                . = ALIGN (0x4)
                0x0000000000000004                _sdata = SIZEOF (.data)

.bss            0x0000000000ff0004     0x95b0 load address 0x0000000000017c14
                0x0000000000ff0004                __bss_start = .
 *(.shbss)
 *(.bss .bss.*)
 .bss           0x0000000000ff0004        0x0 boot/sega.o
 .bss           0x0000000000ff0004       0x14 /opt/gendev/sgdk1_3/lib/libmd.a(sys.o)
 .bss           0x0000000000ff0018       0x13 /opt/gendev/sgdk1_3/lib/libmd.a(vdp.o)
 *fill*         0x0000000000ff002b        0x1 
 .bss           0x0000000000ff002c       0x16 /opt/gendev/sgdk1_3/lib/libmd.a(dma.o)
                0x0000000000ff002c                dmaQueues
 *fill*         0x0000000000ff0042        0x2 
 .bss           0x0000000000ff0044        0x0 /opt/gendev/sgdk1_3/lib/libmd.a(psg.o)
 .bss           0x0000000000ff0044       0x10 /opt/gendev/sgdk1_3/lib/libmd.a(tools.o)
 .bss           0x0000000000ff0054        0x8 /opt/gendev/sgdk1_3/lib/libmd.a(memory.o)
 .bss           0x0000000000ff005c        0x0 /opt/gendev/sgdk1_3/lib/libmd.a(vdp_tile.o)
 .bss           0x0000000000ff005c        0x0 /opt/gendev/sgdk1_3/lib/libmd.a(z80_ctrl.o)
 .bss           0x0000000000ff005c        0x0 /opt/gendev/sgdk1_3/lib/libmd.a(ym2612.o)
 .bss           0x0000000000ff005c      0x386 /opt/gendev/sgdk1_3/lib/libmd.a(vdp_pal.o)
 *fill*         0x0000000000ff03e2        0x2 
 .bss           0x0000000000ff03e4        0x0 /opt/gendev/sgdk1_3/lib/libmd.a(z80_vgm.o)
 .bss           0x0000000000ff03e4      0x144 /opt/gendev/sgdk1_3/lib/libmd.a(vdp_spr.o)
 .bss           0x0000000000ff0528        0x0 /opt/gendev/sgdk1_3/lib/libmd.a(sound.o)
 .bss           0x0000000000ff0528        0x0 /opt/gendev/sgdk1_3/lib/libmd.a(string.o)
 .bss           0x0000000000ff0528        0x0 /opt/gendev/sgdk1_3/lib/libmd.a(vdp_dma.o)
 .bss           0x0000000000ff0528       0x14 /opt/gendev/sgdk1_3/lib/libmd.a(bmp.o)
 .bss           0x0000000000ff053c       0x40 /opt/gendev/sgdk1_3/lib/libmd.a(timer.o)
 .bss           0x0000000000ff057c        0x4 /opt/gendev/sgdk1_3/lib/libmd.a(tile_cache.o)
 .bss           0x0000000000ff0580        0x4 /opt/gendev/sgdk1_3/lib/libmd.a(vdp_bg.o)
 .bss           0x0000000000ff0584        0x0 /opt/gendev/sgdk1_3/lib/libmd.a(memory_a.o)
 .bss           0x0000000000ff0584        0x0 /opt/gendev/sgdk1_3/lib/libmd.a(smp_null_pcm.o)
 .bss           0x0000000000ff0584        0x0 /opt/gendev/sgdk1_3/lib/libmd.a(vdp_tile_a.o)
 .bss           0x0000000000ff0584        0x0 /opt/gendev/sgdk1_3/lib/libmd.a(vdp_pal_a.o)
 .bss           0x0000000000ff0584        0x0 /opt/gendev/sgdk1_3/lib/libmd.a(sys_a.o)
 .bss           0x0000000000ff0584        0x0 /opt/gendev/sgdk1_3/lib/libmd.a(kdebug.o)
 .bss           0x0000000000ff0584        0x0 /opt/gendev/sgdk1_3/lib/libmd.a(smp_null.o)
 .bss           0x0000000000ff0584        0x0 /opt/gendev/sgdk1_3/lib/libmd.a(bmp_a.o)
 .bss           0x0000000000ff0584        0x0 /opt/gendev/sgdk1_3/lib/libmd.a(tools_a.o)
 .bss           0x0000000000ff0584        0x0 /opt/gendev/sgdk1_3/lib/libmd.a(z80_drv1.o)
 .bss           0x0000000000ff0584        0x0 /opt/gendev/sgdk1_3/lib/libmd.a(z80_tfm.o)
 .bss           0x0000000000ff0584        0x0 /opt/gendev/sgdk1_3/lib/libmd.a(z80_drv2.o)
 .bss           0x0000000000ff0584        0x0 /opt/gendev/sgdk1_3/lib/libmd.a(z80_drv3.o)
 .bss           0x0000000000ff0584        0x0 /opt/gendev/sgdk1_3/lib/libmd.a(z80_xgm.o)
 .bss           0x0000000000ff0584        0x0 /opt/gendev/sgdk1_3/lib/libmd.a(z80_mvs.o)
 .bss           0x0000000000ff0584        0x0 /opt/gendev/sgdk1_3/lib/libmd.a(libres.o)
 .bss           0x0000000000ff0584        0x0 /opt/gendev/sgdk1_3/lib/libmd.a(tab_vol.o)
 .bss           0x0000000000ff0584       0x46 /opt/gendev/sgdk1_3/lib/libmd.a(joy.o)
 *fill*         0x0000000000ff05ca        0x2 
 .bss           0x0000000000ff05cc       0x8c /opt/gendev/sgdk1_3/lib/libmd.a(xgm.o)
                0x0000000000ff05cc                xgmTempoCnt
 .bss           0x0000000000ff0658        0x0 /opt/gendev/sgdk1_3/lib/libmd.a(types.o)
 .bss           0x0000000000ff0658        0x0 /opt/gendev/lib/gcc/m68k-elf/6.3.0/libgcc.a(_mulsi3.o)
 .bss           0x0000000000ff0658        0x0 /opt/gendev/lib/gcc/m68k-elf/6.3.0/libgcc.a(_udivsi3.o)
 .bss           0x0000000000ff0658        0x0 /opt/gendev/lib/gcc/m68k-elf/6.3.0/libgcc.a(_divsi3.o)
 .bss           0x0000000000ff0658        0x0 /opt/gendev/lib/gcc/m68k-elf/6.3.0/libgcc.a(_umodsi3.o)
 .bss           0x0000000000ff0658        0x4 src/raycast.o
 .bss           0x0000000000ff065c     0x8c01 src/framebuffer.o
 *fill*         0x0000000000ff925d        0x3 
 .bss           0x0000000000ff9260        0x0 src/goat_debug.o
 .bss           0x0000000000ff9260        0x0 main.o
 .bss           0x0000000000ff9260        0x0 /opt/gendev/sgdk1_3/lib/libgcc.a(_modsi3.o)
 *(COMMON)
 COMMON         0x0000000000ff9260       0x94 /opt/gendev/sgdk1_3/lib/libmd.a(sys.o)
                0x0000000000ff9260                illegalInstCB
                0x0000000000ff9264                errorExceptionCB
                0x0000000000ff9268                trapvInstCB
                0x0000000000ff926c                chkInstCB
                0x0000000000ff9270                registerState
                0x0000000000ff92b0                srState
                0x0000000000ff92b2                line1x1xCB
                0x0000000000ff92b6                ext2State
                0x0000000000ff92b8                traceCB
                0x0000000000ff92bc                intTrace
                0x0000000000ff92be                zeroDivideCB
                0x0000000000ff92c2                internalExtIntCB
                0x0000000000ff92c6                internalVIntCB
                0x0000000000ff92ca                intCB
                0x0000000000ff92ce                addressErrorCB
                0x0000000000ff92d2                VIntProcess
                0x0000000000ff92d6                ExtIntProcess
                0x0000000000ff92da                HIntProcess
                0x0000000000ff92de                privilegeViolationCB
                0x0000000000ff92e2                pcState
                0x0000000000ff92e6                ext1State
                0x0000000000ff92e8                busErrorCB
                0x0000000000ff92ec                internalHIntCB
                0x0000000000ff92f0                addrState
 COMMON         0x0000000000ff92f4       0x1c /opt/gendev/sgdk1_3/lib/libmd.a(vdp.o)
                0x0000000000ff92f4                window_addr
                0x0000000000ff92f6                hscrl_addr
                0x0000000000ff92f8                planHeightSft
                0x0000000000ff92fa                windowWidth
                0x0000000000ff92fc                planWidth
                0x0000000000ff92fe                slist_addr
                0x0000000000ff9300                windowWidthSft
                0x0000000000ff9302                screenHeight
                0x0000000000ff9304                screenWidth
                0x0000000000ff9306                maps_addr
                0x0000000000ff9308                planWidthSft
                0x0000000000ff930a                planHeight
                0x0000000000ff930c                aplan_addr
                0x0000000000ff930e                bplan_addr
 COMMON         0x0000000000ff9310        0x2 /opt/gendev/sgdk1_3/lib/libmd.a(tools.o)
                0x0000000000ff9310                randbase
 COMMON         0x0000000000ff9312        0x4 /opt/gendev/sgdk1_3/lib/libmd.a(z80_ctrl.o)
                0x0000000000ff9312                driverFlags
                0x0000000000ff9314                currentDriver
 COMMON         0x0000000000ff9316      0x286 /opt/gendev/sgdk1_3/lib/libmd.a(vdp_spr.o)
                0x0000000000ff9316                lastAllocatedVDPSprite
                0x0000000000ff931a                vdpSpriteCache
                0x0000000000ff959a                highestVDPSpriteIndex
 COMMON         0x0000000000ff959c        0xe /opt/gendev/sgdk1_3/lib/libmd.a(bmp.o)
                0x0000000000ff959c                bmp_buffer_write
                0x0000000000ff95a0                bmp_buffer_read
                0x0000000000ff95a4                bmp_plan
                0x0000000000ff95a6                bmp_plan_adr
 COMMON         0x0000000000ff95aa        0x4 /opt/gendev/sgdk1_3/lib/libmd.a(timer.o)
                0x0000000000ff95aa                vtimer
 COMMON         0x0000000000ff95ae        0x4 /opt/gendev/sgdk1_3/lib/libmd.a(tile_cache.o)
                0x0000000000ff95ae                uploads
 COMMON         0x0000000000ff95b2        0x2 /opt/gendev/sgdk1_3/lib/libmd.a(vdp_bg.o)
                0x0000000000ff95b2                curTileInd
                0x0000000000ff95b8                _end = ALIGN (0x8)
                0x0000000000ff95b8                __end = _end
                0x0000000000ff95b8                end = _end

.stab
 *(.stab)

.stabstr
 *(.stabstr)

.eh_frame
 *(.eh_frame)
LOAD boot/sega.o
LOAD /opt/gendev/sgdk1_3/lib/libmd.a
LOAD /opt/gendev/lib/gcc/m68k-elf/6.3.0/libgcc.a
LOAD src/raycast.o
LOAD src/framebuffer.o
LOAD src/goat_debug.o
LOAD main.o
LOAD /opt/gendev/m68k-elf/lib/libm.a
LOAD /opt/gendev/m68k-elf/lib/libc.a
LOAD /opt/gendev/sgdk1_3/lib/libgcc.a
LOAD /opt/gendev/sgdk1_3/lib/libmd.a
LOAD /opt/gendev/m68k-elf/lib/libnosys.a
OUTPUT(out.elf elf32-m68k)

.comment        0x0000000000000000       0x11
 .comment       0x0000000000000000       0x11 /opt/gendev/sgdk1_3/lib/libmd.a(sys.o)
                                         0x12 (size before relaxing)
 .comment       0x0000000000000000       0x12 /opt/gendev/sgdk1_3/lib/libmd.a(vdp.o)
 .comment       0x0000000000000000       0x12 /opt/gendev/sgdk1_3/lib/libmd.a(dma.o)
 .comment       0x0000000000000000       0x12 /opt/gendev/sgdk1_3/lib/libmd.a(psg.o)
 .comment       0x0000000000000000       0x12 /opt/gendev/sgdk1_3/lib/libmd.a(tools.o)
 .comment       0x0000000000000000       0x12 /opt/gendev/sgdk1_3/lib/libmd.a(memory.o)
 .comment       0x0000000000000000       0x12 /opt/gendev/sgdk1_3/lib/libmd.a(vdp_tile.o)
 .comment       0x0000000000000000       0x12 /opt/gendev/sgdk1_3/lib/libmd.a(z80_ctrl.o)
 .comment       0x0000000000000000       0x12 /opt/gendev/sgdk1_3/lib/libmd.a(ym2612.o)
 .comment       0x0000000000000000       0x12 /opt/gendev/sgdk1_3/lib/libmd.a(vdp_pal.o)
 .comment       0x0000000000000000       0x12 /opt/gendev/sgdk1_3/lib/libmd.a(z80_vgm.o)
 .comment       0x0000000000000000       0x12 /opt/gendev/sgdk1_3/lib/libmd.a(vdp_spr.o)
 .comment       0x0000000000000000       0x12 /opt/gendev/sgdk1_3/lib/libmd.a(sound.o)
 .comment       0x0000000000000000       0x12 /opt/gendev/sgdk1_3/lib/libmd.a(string.o)
 .comment       0x0000000000000000       0x12 /opt/gendev/sgdk1_3/lib/libmd.a(vdp_dma.o)
 .comment       0x0000000000000000       0x12 /opt/gendev/sgdk1_3/lib/libmd.a(bmp.o)
 .comment       0x0000000000000000       0x12 /opt/gendev/sgdk1_3/lib/libmd.a(timer.o)
 .comment       0x0000000000000000       0x12 /opt/gendev/sgdk1_3/lib/libmd.a(tile_cache.o)
 .comment       0x0000000000000000       0x12 /opt/gendev/sgdk1_3/lib/libmd.a(vdp_bg.o)
 .comment       0x0000000000000000       0x12 /opt/gendev/sgdk1_3/lib/libmd.a(tab_vol.o)
 .comment       0x0000000000000000       0x12 /opt/gendev/sgdk1_3/lib/libmd.a(joy.o)
 .comment       0x0000000000000000       0x12 /opt/gendev/sgdk1_3/lib/libmd.a(xgm.o)
 .comment       0x0000000000000000       0x12 /opt/gendev/sgdk1_3/lib/libmd.a(types.o)
 .comment       0x0000000000000000       0x12 src/raycast.o
 .comment       0x0000000000000000       0x12 src/framebuffer.o
 .comment       0x0000000000000000       0x12 src/goat_debug.o
 .comment       0x0000000000000000       0x12 main.o

.debug_line     0x0000000000000000      0x23b
 .debug_line    0x0000000000000000       0x6a /opt/gendev/lib/gcc/m68k-elf/6.3.0/libgcc.a(_mulsi3.o)
 .debug_line    0x000000000000006a       0x83 /opt/gendev/lib/gcc/m68k-elf/6.3.0/libgcc.a(_udivsi3.o)
 .debug_line    0x00000000000000ed       0x72 /opt/gendev/lib/gcc/m68k-elf/6.3.0/libgcc.a(_divsi3.o)
 .debug_line    0x000000000000015f       0x6e /opt/gendev/lib/gcc/m68k-elf/6.3.0/libgcc.a(_umodsi3.o)
 .debug_line    0x00000000000001cd       0x6e /opt/gendev/sgdk1_3/lib/libgcc.a(_modsi3.o)

.debug_info     0x0000000000000000      0x30c
 .debug_info    0x0000000000000000       0x9c /opt/gendev/lib/gcc/m68k-elf/6.3.0/libgcc.a(_mulsi3.o)
 .debug_info    0x000000000000009c       0x9c /opt/gendev/lib/gcc/m68k-elf/6.3.0/libgcc.a(_udivsi3.o)
 .debug_info    0x0000000000000138       0x9c /opt/gendev/lib/gcc/m68k-elf/6.3.0/libgcc.a(_divsi3.o)
 .debug_info    0x00000000000001d4       0x9c /opt/gendev/lib/gcc/m68k-elf/6.3.0/libgcc.a(_umodsi3.o)
 .debug_info    0x0000000000000270       0x9c /opt/gendev/sgdk1_3/lib/libgcc.a(_modsi3.o)

.debug_abbrev   0x0000000000000000       0x64
 .debug_abbrev  0x0000000000000000       0x14 /opt/gendev/lib/gcc/m68k-elf/6.3.0/libgcc.a(_mulsi3.o)
 .debug_abbrev  0x0000000000000014       0x14 /opt/gendev/lib/gcc/m68k-elf/6.3.0/libgcc.a(_udivsi3.o)
 .debug_abbrev  0x0000000000000028       0x14 /opt/gendev/lib/gcc/m68k-elf/6.3.0/libgcc.a(_divsi3.o)
 .debug_abbrev  0x000000000000003c       0x14 /opt/gendev/lib/gcc/m68k-elf/6.3.0/libgcc.a(_umodsi3.o)
 .debug_abbrev  0x0000000000000050       0x14 /opt/gendev/sgdk1_3/lib/libgcc.a(_modsi3.o)

.debug_aranges  0x0000000000000000       0xa0
 .debug_aranges
                0x0000000000000000       0x20 /opt/gendev/lib/gcc/m68k-elf/6.3.0/libgcc.a(_mulsi3.o)
 .debug_aranges
                0x0000000000000020       0x20 /opt/gendev/lib/gcc/m68k-elf/6.3.0/libgcc.a(_udivsi3.o)
 .debug_aranges
                0x0000000000000040       0x20 /opt/gendev/lib/gcc/m68k-elf/6.3.0/libgcc.a(_divsi3.o)
 .debug_aranges
                0x0000000000000060       0x20 /opt/gendev/lib/gcc/m68k-elf/6.3.0/libgcc.a(_umodsi3.o)
 .debug_aranges
                0x0000000000000080       0x20 /opt/gendev/sgdk1_3/lib/libgcc.a(_modsi3.o)
