Archive member included because of file (symbol)

/opt/gendev/sgdk1_3/lib/libmd.a(sys.o)
                              boot/sega.o (registerState)
/opt/gendev/sgdk1_3/lib/libmd.a(vdp.o)
                              /opt/gendev/sgdk1_3/lib/libmd.a(sys.o) (VDP_init)
/opt/gendev/sgdk1_3/lib/libmd.a(dma.o)
                              /opt/gendev/sgdk1_3/lib/libmd.a(sys.o) (DMA_init)
/opt/gendev/sgdk1_3/lib/libmd.a(tools.o)
                              /opt/gendev/sgdk1_3/lib/libmd.a(sys.o) (setRandomSeed)
/opt/gendev/sgdk1_3/lib/libmd.a(memory.o)
                              /opt/gendev/sgdk1_3/lib/libmd.a(sys.o) (MEM_init)
/opt/gendev/sgdk1_3/lib/libmd.a(vdp_tile.o)
                              /opt/gendev/sgdk1_3/lib/libmd.a(vdp.o) (VDP_loadFont)
/opt/gendev/sgdk1_3/lib/libmd.a(z80_ctrl.o)
                              /opt/gendev/sgdk1_3/lib/libmd.a(sys.o) (Z80_init)
/opt/gendev/sgdk1_3/lib/libmd.a(ym2612.o)
                              /opt/gendev/sgdk1_3/lib/libmd.a(z80_ctrl.o) (YM2612_reset)
/opt/gendev/sgdk1_3/lib/libmd.a(vdp_pal.o)
                              /opt/gendev/sgdk1_3/lib/libmd.a(sys.o) (VDP_doStepFading)
/opt/gendev/sgdk1_3/lib/libmd.a(psg.o)
                              /opt/gendev/sgdk1_3/lib/libmd.a(sys.o) (PSG_init)
/opt/gendev/sgdk1_3/lib/libmd.a(z80_vgm.o)
                              /opt/gendev/sgdk1_3/lib/libmd.a(z80_ctrl.o) (z80_vgm)
/opt/gendev/sgdk1_3/lib/libmd.a(vdp_spr.o)
                              /opt/gendev/sgdk1_3/lib/libmd.a(vdp.o) (VDP_resetSprites)
/opt/gendev/sgdk1_3/lib/libmd.a(sound.o)
                              /opt/gendev/sgdk1_3/lib/libmd.a(sys.o) (SND_getForceDelayDMA_XGM)
/opt/gendev/sgdk1_3/lib/libmd.a(string.o)
                              /opt/gendev/sgdk1_3/lib/libmd.a(sys.o) (strlen)
/opt/gendev/sgdk1_3/lib/libmd.a(vdp_dma.o)
                              /opt/gendev/sgdk1_3/lib/libmd.a(vdp_tile.o) (VDP_doDMA)
/opt/gendev/sgdk1_3/lib/libmd.a(bmp.o)
                              /opt/gendev/sgdk1_3/lib/libmd.a(sys.o) (BMP_doVBlankProcess)
/opt/gendev/sgdk1_3/lib/libmd.a(timer.o)
                              /opt/gendev/sgdk1_3/lib/libmd.a(tools.o) (getSubTick)
/opt/gendev/sgdk1_3/lib/libmd.a(tile_cache.o)
                              /opt/gendev/sgdk1_3/lib/libmd.a(sys.o) (uploads)
/opt/gendev/sgdk1_3/lib/libmd.a(vdp_bg.o)
                              /opt/gendev/sgdk1_3/lib/libmd.a(vdp.o) (VDP_setHorizontalScroll)
/opt/gendev/sgdk1_3/lib/libmd.a(memory_a.o)
                              /opt/gendev/sgdk1_3/lib/libmd.a(memory.o) (memset)
/opt/gendev/sgdk1_3/lib/libmd.a(smp_null_pcm.o)
                              /opt/gendev/sgdk1_3/lib/libmd.a(z80_ctrl.o) (smp_null_pcm)
/opt/gendev/sgdk1_3/lib/libmd.a(vdp_tile_a.o)
                              /opt/gendev/sgdk1_3/lib/libmd.a(vdp_tile.o) (VDP_loadTileData)
/opt/gendev/sgdk1_3/lib/libmd.a(vdp_pal_a.o)
                              /opt/gendev/sgdk1_3/lib/libmd.a(vdp_pal.o) (VDP_getPaletteColors)
/opt/gendev/sgdk1_3/lib/libmd.a(sys_a.o)
                              /opt/gendev/sgdk1_3/lib/libmd.a(timer.o) (SYS_getInterruptMaskLevel)
/opt/gendev/sgdk1_3/lib/libmd.a(kdebug.o)
                              /opt/gendev/sgdk1_3/lib/libmd.a(tools.o) (KDebug_Alert)
/opt/gendev/sgdk1_3/lib/libmd.a(smp_null.o)
                              /opt/gendev/sgdk1_3/lib/libmd.a(z80_ctrl.o) (smp_null)
/opt/gendev/sgdk1_3/lib/libmd.a(bmp_a.o)
                              /opt/gendev/sgdk1_3/lib/libmd.a(bmp.o) (clearBitmapBuffer)
/opt/gendev/sgdk1_3/lib/libmd.a(tools_a.o)
                              /opt/gendev/sgdk1_3/lib/libmd.a(tools.o) (aplib_unpack)
/opt/gendev/sgdk1_3/lib/libmd.a(z80_drv1.o)
                              /opt/gendev/sgdk1_3/lib/libmd.a(z80_ctrl.o) (z80_drv1)
/opt/gendev/sgdk1_3/lib/libmd.a(z80_tfm.o)
                              /opt/gendev/sgdk1_3/lib/libmd.a(z80_ctrl.o) (z80_tfm)
/opt/gendev/sgdk1_3/lib/libmd.a(z80_drv2.o)
                              /opt/gendev/sgdk1_3/lib/libmd.a(z80_ctrl.o) (z80_drv2)
/opt/gendev/sgdk1_3/lib/libmd.a(z80_drv3.o)
                              /opt/gendev/sgdk1_3/lib/libmd.a(z80_ctrl.o) (z80_drv3)
/opt/gendev/sgdk1_3/lib/libmd.a(z80_xgm.o)
                              /opt/gendev/sgdk1_3/lib/libmd.a(z80_ctrl.o) (z80_xgm)
/opt/gendev/sgdk1_3/lib/libmd.a(z80_mvs.o)
                              /opt/gendev/sgdk1_3/lib/libmd.a(z80_ctrl.o) (z80_mvs)
/opt/gendev/sgdk1_3/lib/libmd.a(libres.o)
                              /opt/gendev/sgdk1_3/lib/libmd.a(vdp.o) (font_lib)
/opt/gendev/sgdk1_3/lib/libmd.a(tab_vol.o)
                              /opt/gendev/sgdk1_3/lib/libmd.a(z80_ctrl.o) (tab_vol)
/opt/gendev/sgdk1_3/lib/libmd.a(joy.o)
                              /opt/gendev/sgdk1_3/lib/libmd.a(sys.o) (JOY_init)
/opt/gendev/sgdk1_3/lib/libmd.a(xgm.o)
                              /opt/gendev/sgdk1_3/lib/libmd.a(sound.o) (XGM_isPlaying)
/opt/gendev/sgdk1_3/lib/libmd.a(types.o)
                              /opt/gendev/sgdk1_3/lib/libmd.a(z80_ctrl.o) (getZeroU8)
/opt/gendev/lib/gcc/m68k-elf/6.3.0/libgcc.a(_mulsi3.o)
                              /opt/gendev/sgdk1_3/lib/libmd.a(tools.o) (__mulsi3)
/opt/gendev/lib/gcc/m68k-elf/6.3.0/libgcc.a(_udivsi3.o)
                              /opt/gendev/sgdk1_3/lib/libmd.a(tools.o) (__udivsi3)
/opt/gendev/lib/gcc/m68k-elf/6.3.0/libgcc.a(_divsi3.o)
                              /opt/gendev/sgdk1_3/lib/libmd.a(vdp_pal.o) (__divsi3)
/opt/gendev/lib/gcc/m68k-elf/6.3.0/libgcc.a(_umodsi3.o)
                              /opt/gendev/sgdk1_3/lib/libmd.a(string.o) (__umodsi3)

Allocating common symbols
Common symbol       size              file

illegalInstCB       0x4               /opt/gendev/sgdk1_3/lib/libmd.a(sys.o)
window_addr         0x2               /opt/gendev/sgdk1_3/lib/libmd.a(vdp.o)
errorExceptionCB    0x4               /opt/gendev/sgdk1_3/lib/libmd.a(sys.o)
trapvInstCB         0x4               /opt/gendev/sgdk1_3/lib/libmd.a(sys.o)
hscrl_addr          0x2               /opt/gendev/sgdk1_3/lib/libmd.a(vdp.o)
vtimer              0x4               /opt/gendev/sgdk1_3/lib/libmd.a(timer.o)
driverFlags         0x2               /opt/gendev/sgdk1_3/lib/libmd.a(z80_ctrl.o)
chkInstCB           0x4               /opt/gendev/sgdk1_3/lib/libmd.a(sys.o)
registerState       0x40              /opt/gendev/sgdk1_3/lib/libmd.a(sys.o)
planHeightSft       0x2               /opt/gendev/sgdk1_3/lib/libmd.a(vdp.o)
windowWidth         0x2               /opt/gendev/sgdk1_3/lib/libmd.a(vdp.o)
planWidth           0x2               /opt/gendev/sgdk1_3/lib/libmd.a(vdp.o)
bmp_buffer_write    0x4               /opt/gendev/sgdk1_3/lib/libmd.a(bmp.o)
srState             0x2               /opt/gendev/sgdk1_3/lib/libmd.a(sys.o)
slist_addr          0x2               /opt/gendev/sgdk1_3/lib/libmd.a(vdp.o)
lastAllocatedVDPSprite
                    0x4               /opt/gendev/sgdk1_3/lib/libmd.a(vdp_spr.o)
line1x1xCB          0x4               /opt/gendev/sgdk1_3/lib/libmd.a(sys.o)
randbase            0x2               /opt/gendev/sgdk1_3/lib/libmd.a(tools.o)
windowWidthSft      0x2               /opt/gendev/sgdk1_3/lib/libmd.a(vdp.o)
ext2State           0x2               /opt/gendev/sgdk1_3/lib/libmd.a(sys.o)
traceCB             0x4               /opt/gendev/sgdk1_3/lib/libmd.a(sys.o)
intTrace            0x2               /opt/gendev/sgdk1_3/lib/libmd.a(sys.o)
zeroDivideCB        0x4               /opt/gendev/sgdk1_3/lib/libmd.a(sys.o)
curTileInd          0x2               /opt/gendev/sgdk1_3/lib/libmd.a(vdp_bg.o)
internalExtIntCB    0x4               /opt/gendev/sgdk1_3/lib/libmd.a(sys.o)
screenHeight        0x2               /opt/gendev/sgdk1_3/lib/libmd.a(vdp.o)
internalVIntCB      0x4               /opt/gendev/sgdk1_3/lib/libmd.a(sys.o)
intCB               0x4               /opt/gendev/sgdk1_3/lib/libmd.a(sys.o)
screenWidth         0x2               /opt/gendev/sgdk1_3/lib/libmd.a(vdp.o)
maps_addr           0x2               /opt/gendev/sgdk1_3/lib/libmd.a(vdp.o)
addressErrorCB      0x4               /opt/gendev/sgdk1_3/lib/libmd.a(sys.o)
bmp_buffer_read     0x4               /opt/gendev/sgdk1_3/lib/libmd.a(bmp.o)
VIntProcess         0x4               /opt/gendev/sgdk1_3/lib/libmd.a(sys.o)
currentDriver       0x2               /opt/gendev/sgdk1_3/lib/libmd.a(z80_ctrl.o)
vdpSpriteCache      0x280             /opt/gendev/sgdk1_3/lib/libmd.a(vdp_spr.o)
planWidthSft        0x2               /opt/gendev/sgdk1_3/lib/libmd.a(vdp.o)
uploads             0x4               /opt/gendev/sgdk1_3/lib/libmd.a(tile_cache.o)
ExtIntProcess       0x4               /opt/gendev/sgdk1_3/lib/libmd.a(sys.o)
HIntProcess         0x4               /opt/gendev/sgdk1_3/lib/libmd.a(sys.o)
bmp_plan            0x2               /opt/gendev/sgdk1_3/lib/libmd.a(bmp.o)
privilegeViolationCB
                    0x4               /opt/gendev/sgdk1_3/lib/libmd.a(sys.o)
pcState             0x4               /opt/gendev/sgdk1_3/lib/libmd.a(sys.o)
ext1State           0x2               /opt/gendev/sgdk1_3/lib/libmd.a(sys.o)
busErrorCB          0x4               /opt/gendev/sgdk1_3/lib/libmd.a(sys.o)
highestVDPSpriteIndex
                    0x2               /opt/gendev/sgdk1_3/lib/libmd.a(vdp_spr.o)
internalHIntCB      0x4               /opt/gendev/sgdk1_3/lib/libmd.a(sys.o)
planHeight          0x2               /opt/gendev/sgdk1_3/lib/libmd.a(vdp.o)
aplan_addr          0x2               /opt/gendev/sgdk1_3/lib/libmd.a(vdp.o)
bplan_addr          0x2               /opt/gendev/sgdk1_3/lib/libmd.a(vdp.o)
bmp_plan_adr        0x4               /opt/gendev/sgdk1_3/lib/libmd.a(bmp.o)
addrState           0x4               /opt/gendev/sgdk1_3/lib/libmd.a(sys.o)

Memory Configuration

Name             Origin             Length             Attributes
rom              0x0000000000000000 0x0000000000a00000
ram              0x0000000000ff0000 0x0000000000010000
*default*        0x0000000000000000 0xffffffffffffffff

Linker script and memory map

                0x0000000000000000                __DYNAMIC = 0x0
                0x0000000001000000                PROVIDE (__stack, 0x1000000)

.text           0x0000000000000000    0x162f8
 *(.text.keepboot)
 .text.keepboot
                0x0000000000000000      0x5ec boot/sega.o
                0x0000000000000262                _hard_reset
 *(.text.*)
 .text.startup  0x00000000000005ec       0x16 main.o
                0x00000000000005ec                main
 *(.text)
 *fill*         0x0000000000000602        0x2 
 .text          0x0000000000000604        0x0 boot/sega.o
 .text          0x0000000000000604      0xa08 /opt/gendev/sgdk1_3/lib/libmd.a(sys.o)
                0x0000000000000604                _trace_callback
                0x0000000000000606                _line1x1x_callback
                0x0000000000000608                _int_callback
                0x000000000000060a                _extint_callback
                0x00000000000009fc                _buserror_callback
                0x0000000000000a24                _addresserror_callback
                0x0000000000000ad8                _illegalinst_callback
                0x0000000000000b00                _chkinst_callback
                0x0000000000000b28                _trapvinst_callback
                0x0000000000000b50                _vint_callback
                0x0000000000000c6e                _hint_callback
                0x0000000000000db2                _zerodivide_callback
                0x0000000000000dda                _privilegeviolation_callback
                0x0000000000000e02                _errorexception_callback
                0x0000000000000e2a                _start_entry
                0x0000000000000edc                _reset_entry
                0x0000000000000eec                SYS_disableInts
                0x0000000000000f1e                SYS_enableInts
                0x0000000000000f4c                SYS_setVIntPreCallback
                0x0000000000000f56                SYS_setVIntCallback
                0x0000000000000f60                SYS_setHIntCallback
                0x0000000000000f6a                SYS_setExtIntCallback
                0x0000000000000f74                SYS_isInVIntCallback
                0x0000000000000f80                SYS_isInHIntCallback
                0x0000000000000f8c                SYS_isInExtIntCallback
                0x0000000000000f98                SYS_isInInterrupt
                0x0000000000000fa0                SYS_isNTSC
                0x0000000000000fb0                SYS_isPAL
                0x0000000000000fbc                SYS_die
 .text          0x000000000000100c      0xb26 /opt/gendev/sgdk1_3/lib/libmd.a(vdp.o)
                0x0000000000001064                VDP_getReg
                0x0000000000001084                VDP_setReg
                0x00000000000012a2                VDP_getEnable
                0x00000000000012ae                VDP_setEnable
                0x00000000000012da                VDP_getScanlineNumber
                0x00000000000012f0                VDP_getScreenHeight
                0x00000000000012f8                VDP_setScreenHeight224
                0x0000000000001320                VDP_setScreenHeight240
                0x0000000000001354                VDP_getScreenWidth
                0x000000000000135c                VDP_setScreenWidth256
                0x0000000000001394                VDP_setScreenWidth320
                0x00000000000013cc                VDP_getPlanWidth
                0x00000000000013d4                VDP_getPlanHeight
                0x00000000000013dc                VDP_setPlanSize
                0x0000000000001484                VDP_getVerticalScrollingMode
                0x0000000000001492                VDP_getHorizontalScrollingMode
                0x000000000000149e                VDP_setScrollingMode
                0x00000000000014cc                VDP_getBackgroundColor
                0x00000000000014d4                VDP_setBackgroundColor
                0x00000000000014f2                VDP_getAutoInc
                0x00000000000014fa                VDP_setAutoInc
                0x0000000000001514                VDP_setHInterrupt
                0x0000000000001540                VDP_setHilightShadow
                0x000000000000156c                VDP_getHIntCounter
                0x0000000000001574                VDP_setHIntCounter
                0x000000000000158e                VDP_getAPlanAddress
                0x0000000000001596                VDP_getBPlanAddress
                0x000000000000159e                VDP_getWindowAddress
                0x00000000000015a6                VDP_getWindowPlanAddress
                0x00000000000015ae                VDP_getSpriteListAddress
                0x00000000000015b6                VDP_getHScrollTableAddress
                0x00000000000015be                VDP_setAPlanAddress
                0x00000000000015ec                VDP_setWindowAddress
                0x0000000000001632                VDP_setWindowPlanAddress
                0x0000000000001642                VDP_setBPlanAddress
                0x0000000000001670                VDP_setSpriteListAddress
                0x00000000000016b6                VDP_setHScrollTableAddress
                0x00000000000016e4                VDP_setScanMode
                0x000000000000172c                VDP_setWindowHPos
                0x0000000000001750                VDP_setWindowVPos
                0x0000000000001774                VDP_waitDMACompletion
                0x0000000000001782                VDP_init
                0x00000000000019ce                VDP_waitFIFOEmpty
                0x00000000000019dc                VDP_waitVSync
                0x00000000000019f6                VDP_resetScreen
                0x0000000000001ab4                VDP_showFPS
 *fill*         0x0000000000001b32        0x2 
 .text          0x0000000000001b34      0x680 /opt/gendev/sgdk1_3/lib/libmd.a(dma.o)
                0x0000000000001b34                DMA_getAutoFlush
                0x0000000000001b40                DMA_setAutoFlush
                0x0000000000001b72                DMA_getIgnoreOverCapacity
                0x0000000000001b80                DMA_setIgnoreOverCapacity
                0x0000000000001b9a                DMA_getMaxTransferSize
                0x0000000000001ba2                DMA_setMaxTransferSize
                0x0000000000001bac                DMA_clearQueue
                0x0000000000001bc6                DMA_init
                0x0000000000001c28                DMA_flushQueue
                0x0000000000001d1a                DMA_getQueueSize
                0x0000000000001d22                DMA_getQueueTransferSize
                0x0000000000001d2a                DMA_queueDma
                0x0000000000001f1a                DMA_waitCompletion
                0x0000000000001f28                DMA_doDma
                0x0000000000002082                DMA_doVRamFill
                0x000000000000212e                DMA_doVRamCopy
 .text          0x00000000000021b4     0x2102 /opt/gendev/sgdk1_3/lib/libmd.a(tools.o)
                0x00000000000021b4                setRandomSeed
                0x00000000000021c4                random
                0x00000000000021ea                getFPS
                0x0000000000002252                getFPS_f
                0x00000000000022d4                KLog
                0x00000000000022f8                KLog_U1
                0x0000000000002344                KLog_U1_
                0x000000000000239c                KLog_U2
                0x000000000000240a                KLog_U2_
                0x0000000000002480                KLog_U3
                0x000000000000250c                KLog_U3_
                0x00000000000025a0                KLog_U4
                0x0000000000002648                KLog_U4_
                0x00000000000026fa                KLog_U1x
                0x000000000000274a                KLog_U1x_
                0x00000000000027a6                KLog_U2x
                0x0000000000002816                KLog_U2x_
                0x000000000000288e                KLog_U3x
                0x000000000000291a                KLog_U3x_
                0x00000000000029ae                KLog_U4x
                0x0000000000002a54                KLog_U4x_
                0x0000000000002b04                KLog_S1
                0x0000000000002b50                KLog_S1_
                0x0000000000002ba8                KLog_S2
                0x0000000000002c16                KLog_S2_
                0x0000000000002c8c                KLog_S3
                0x0000000000002d18                KLog_S3_
                0x0000000000002dac                KLog_S4
                0x0000000000002e54                KLog_S4_
                0x0000000000002f06                KLog_S1x
                0x0000000000002f56                KLog_S2x
                0x0000000000002fc6                KLog_S3x
                0x0000000000003052                KLog_S4x
                0x00000000000030f8                KLog_f1
                0x0000000000003148                KLog_f2
                0x00000000000031be                KLog_f3
                0x0000000000003256                KLog_f4
                0x000000000000330e                KLog_f1x
                0x0000000000003362                KLog_f2x
                0x00000000000033da                KLog_f3x
                0x0000000000003472                KLog_f4x
                0x0000000000003528                KLog_F1
                0x0000000000003574                KLog_F2
                0x00000000000035e2                KLog_F3
                0x000000000000366e                KLog_F4
                0x0000000000003716                KLog_F1x
                0x0000000000003766                KLog_F2x
                0x00000000000037d6                KLog_F3x
                0x0000000000003862                KLog_F4x
                0x0000000000003908                allocateBitmap
                0x0000000000003968                allocateBitmapEx
                0x00000000000039aa                allocateTileSet
                0x00000000000039f4                allocateTileSetEx
                0x0000000000003a20                allocateMap
                0x0000000000003a6a                allocateMapEx
                0x0000000000003a94                allocateImage
                0x0000000000003b52                unpack
                0x0000000000003b8a                unpackBitmap
                0x0000000000003c1e                unpackTileSet
                0x0000000000003c92                unpackMap
                0x0000000000003d0a                unpackImage
                0x0000000000003d62                partition_u8
                0x0000000000003de6                qsort_u8
                0x0000000000003e36                partition_s8
                0x0000000000003eba                qsort_s8
                0x0000000000003f0a                partition_u16
                0x0000000000003f9c                qsort_u16
                0x0000000000003fec                partition_s16
                0x000000000000407e                qsort_s16
                0x00000000000040ce                partition_u32
                0x0000000000004172                qsort_u32
                0x00000000000041c2                partition_s32
                0x0000000000004266                qsort_s32
 *fill*         0x00000000000042b6        0x2 
 .text          0x00000000000042b8      0x430 /opt/gendev/sgdk1_3/lib/libmd.a(memory.o)
                0x00000000000042b8                MEM_init
                0x00000000000042e0                MEM_getFree
                0x000000000000430e                MEM_getAllocated
                0x0000000000004344                MEM_free
                0x0000000000004356                MEM_alloc
                0x000000000000442c                MEM_dump
                0x00000000000045f4                memcpyU16
                0x0000000000004612                memcpyU32
                0x0000000000004632                fastMemset
                0x0000000000004652                fastMemsetU16
                0x0000000000004672                fastMemsetU32
                0x000000000000468e                fastMemcpy
                0x00000000000046aa                fastMemcpyU16
                0x00000000000046c8                fastMemcpyU32
 .text          0x00000000000046e8      0xca2 /opt/gendev/sgdk1_3/lib/libmd.a(vdp_tile.o)
                0x00000000000046e8                VDP_loadTileSet
                0x000000000000476a                VDP_loadFontData
                0x000000000000479a                VDP_loadFont
                0x00000000000047c0                VDP_loadBMPTileDataEx
                0x0000000000004818                VDP_fillTileData
                0x0000000000004864                VDP_setTileMap
                0x00000000000048a2                VDP_setTileMapXY
                0x0000000000004958                VDP_fillTileMap
                0x00000000000049ee                VDP_fillTileMapRectByIndex
                0x0000000000004a18                VDP_fillTileMapRect
                0x0000000000004b22                VDP_clearTileMap
                0x0000000000004b60                VDP_clearTileMapRectByIndex
                0x0000000000004b8a                VDP_clearTileMapRect
                0x0000000000004bbc                VDP_fillTileMapInc
                0x0000000000004c80                VDP_fillTileMapRectIncByIndex
                0x0000000000004caa                VDP_fillTileMapRectInc
                0x0000000000004dba                VDP_setTileMapData
                0x0000000000004e92                VDP_setTileMapRectByIndex
                0x0000000000004ec0                VDP_setTileMapDataRect
                0x0000000000004fe2                VDP_setTileMapDataEx
                0x00000000000050ce                VDP_setTileMapRectExByIndex
                0x0000000000005100                VDP_setTileMapDataRectEx
                0x0000000000005244                VDP_setTileMapRectEx
                0x0000000000005286                VDP_setMapEx
                0x0000000000005348                VDP_setMap
 *fill*         0x000000000000538a        0x2 
 .text          0x000000000000538c      0x620 /opt/gendev/sgdk1_3/lib/libmd.a(z80_ctrl.o)
                0x000000000000538c                Z80_isBusTaken
                0x000000000000539e                Z80_requestBus
                0x00000000000053c4                Z80_releaseBus
                0x00000000000053ce                Z80_startReset
                0x00000000000053d8                Z80_endReset
                0x00000000000053e2                Z80_setBank
                0x00000000000053f6                Z80_init
                0x0000000000005414                Z80_read
                0x0000000000005426                Z80_write
                0x000000000000543a                Z80_clear
                0x00000000000054b4                Z80_upload
                0x000000000000552c                Z80_download
                0x0000000000005584                Z80_getLoadedDriver
                0x000000000000558c                Z80_unloadDriver
                0x00000000000055c0                Z80_loadCustomDriver
                0x0000000000005604                Z80_isDriverReady
                0x000000000000563a                Z80_loadDriver
 .text          0x00000000000059ac      0x1f0 /opt/gendev/sgdk1_3/lib/libmd.a(ym2612.o)
                0x00000000000059ac                YM2612_read
                0x00000000000059c6                YM2612_write
                0x00000000000059ec                YM2612_reset
                0x0000000000005ad2                YM2612_writeSafe
                0x0000000000005aea                YM2612_writeReg
                0x0000000000005b3c                YM2612_writeRegSafe
                0x0000000000005b5e                YM2612_enableDAC
                0x0000000000005b7e                YM2612_disableDAC
 .text          0x0000000000005b9c      0x6c4 /opt/gendev/sgdk1_3/lib/libmd.a(vdp_pal.o)
                0x0000000000005c94                VDP_getPaletteColor
                0x0000000000005cc8                VDP_setPaletteColor
                0x0000000000005d02                VDP_doStepFading
                0x0000000000005e28                VDP_initFading
                0x0000000000005f7a                VDP_interruptFade
                0x0000000000005f8c                VDP_fade
                0x0000000000005ff0                VDP_fadeTo
                0x000000000000605a                VDP_fadeOut
                0x000000000000608a                VDP_fadeIn
                0x00000000000060be                VDP_fadePal
                0x00000000000060fa                VDP_fadePalTo
                0x0000000000006132                VDP_fadePalOut
                0x000000000000616c                VDP_fadePalIn
                0x00000000000061aa                VDP_fadeAll
                0x00000000000061d2                VDP_fadeAllTo
                0x00000000000061f6                VDP_fadeOutAll
                0x000000000000621c                VDP_fadeInAll
                0x0000000000006246                VDP_isDoingFade
                0x0000000000006252                VDP_waitFadeCompletion
 .text          0x0000000000006260      0x11c /opt/gendev/sgdk1_3/lib/libmd.a(psg.o)
                0x0000000000006260                PSG_init
                0x0000000000006298                PSG_write
                0x00000000000062a2                PSG_setEnvelope
                0x00000000000062c4                PSG_setTone
                0x00000000000062f6                PSG_setFrequency
                0x0000000000006358                PSG_setNoise
 .text          0x000000000000637c        0x0 /opt/gendev/sgdk1_3/lib/libmd.a(z80_vgm.o)
 .text          0x000000000000637c      0x4c6 /opt/gendev/sgdk1_3/lib/libmd.a(vdp_spr.o)
                0x000000000000637c                VDP_releaseAllSprites
                0x00000000000063aa                VDP_allocateSprites
                0x0000000000006444                VDP_releaseSprites
                0x00000000000064ac                VDP_getAvailableSprites
                0x00000000000064bc                VDP_refreshHighestAllocatedSpriteIndex
                0x00000000000064f4                VDP_clearSprites
                0x0000000000006502                VDP_resetSprites
                0x000000000000650c                VDP_setSpriteFull
                0x0000000000006548                VDP_setSprite
                0x000000000000657e                VDP_setSpritePosition
                0x00000000000065a6                VDP_setSpriteSize
                0x00000000000065bc                VDP_setSpriteAttribut
                0x00000000000065d2                VDP_setSpriteLink
                0x00000000000065e8                VDP_linkSprites
                0x0000000000006632                VDP_updateSprites
                0x00000000000066a2                logVDPSprite
 *fill*         0x0000000000006842        0x2 
 .text          0x0000000000006844      0xbe8 /opt/gendev/sgdk1_3/lib/libmd.a(sound.o)
                0x0000000000006844                SND_isPlaying_PCM
                0x0000000000006884                SND_startPlay_PCM
                0x0000000000006934                SND_stopPlay_PCM
                0x00000000000069aa                SND_isPlaying_2ADPCM
                0x00000000000069ec                SND_startPlay_2ADPCM
                0x0000000000006ab6                SND_stopPlay_2ADPCM
                0x0000000000006b3a                SND_isPlaying_4PCM
                0x0000000000006b7c                SND_startPlay_4PCM
                0x0000000000006c60                SND_stopPlay_4PCM
                0x0000000000006ce4                SND_setVolume_4PCM
                0x0000000000006d38                SND_getVolume_4PCM
                0x0000000000006d86                SND_isPlaying_MVS
                0x0000000000006dc4                SND_startPlay_MVS
                0x0000000000006e3a                SND_stopPlay_MVS
                0x0000000000006e78                SND_setTempo_MVS
                0x0000000000006eb4                SND_startDAC_MVS
                0x0000000000006f22                SND_stopDAC_MVS
                0x0000000000006f58                SND_isPlayingPSG_MVS
                0x0000000000006f92                SND_startPSG_MVS
                0x0000000000006fea                SND_stopPSG_MVS
                0x0000000000007020                SND_enablePSG_MVS
                0x000000000000706c                SND_disablePSG_MVS
                0x00000000000070b8                SND_startPlay_TFM
                0x0000000000007138                SND_stopPlay_TFM
                0x000000000000714c                SND_stopPlay_VGM
                0x0000000000007184                SND_resumePlay_VGM
                0x00000000000071bc                SND_isPlaying_VGM
                0x00000000000071f8                SND_startPlay_VGM
                0x0000000000007282                SND_playSfx_VGM
                0x00000000000072f0                SND_isPlaying_XGM
                0x00000000000072f8                SND_startPlay_XGM
                0x0000000000007306                SND_stopPlay_XGM
                0x000000000000730e                SND_pausePlay_XGM
                0x0000000000007316                SND_resumePlay_XGM
                0x000000000000731e                SND_isPlayingPCM_XGM
                0x0000000000007330                SND_setPCM_XGM
                0x000000000000734c                SND_setPCMFast_XGM
                0x0000000000007368                SND_startPlayPCM_XGM
                0x000000000000738c                SND_stopPlayPCM_XGM
                0x000000000000739e                SND_setLoopNumber_XGM
                0x00000000000073b2                SND_set68KBUSProtection_XGM
                0x00000000000073c4                SND_nextXFrame_XGM
                0x00000000000073d6                SND_getManualSync_XGM
                0x00000000000073de                SND_setManualSync_XGM
                0x00000000000073f0                SND_getForceDelayDMA_XGM
                0x00000000000073f8                SND_setForceDelayDMA_XGM
                0x000000000000740a                SND_getMusicTempo_XGM
                0x0000000000007412                SND_setMusicTempo_XGM
                0x0000000000007424                SND_getCPULoad_XGM
 .text          0x000000000000742c      0x924 /opt/gendev/sgdk1_3/lib/libmd.a(string.o)
                0x000000000000742c                strlen
                0x0000000000007506                strnlen
                0x0000000000007542                strcmp
                0x0000000000007562                strclr
                0x000000000000756c                strcpy
                0x000000000000757e                strncpy
                0x00000000000075b4                strcat
                0x00000000000075d2                strreplacechar
                0x00000000000075f8                intToStr
                0x0000000000007628                uintToStr
                0x0000000000007644                intToHex
                0x00000000000076f0                fix32ToStr
                0x0000000000007798                fix16ToStr
                0x000000000000783e                sprintf
 .text          0x0000000000007d50      0x270 /opt/gendev/sgdk1_3/lib/libmd.a(vdp_dma.o)
                0x0000000000007d50                VDP_doDMAEx
                0x0000000000007eaa                VDP_doDMA
                0x0000000000007ed4                VDP_doVRamDMAFill
                0x0000000000007f48                VDP_doVRamDMACopy
 .text          0x0000000000007fc0     0x124e /opt/gendev/sgdk1_3/lib/libmd.a(bmp.o)
                0x00000000000081a0                BMP_end
                0x0000000000008220                BMP_reset
                0x0000000000008390                BMP_init
                0x0000000000008404                BMP_setBufferCopy
                0x000000000000841e                BMP_hasFlipRequestPending
                0x000000000000842c                BMP_waitWhileFlipRequestPending
                0x000000000000843c                BMP_hasFlipInProgess
                0x0000000000008448                BMP_waitFlipComplete
                0x0000000000008458                BMP_flip
                0x00000000000084aa                BMP_drawText
                0x0000000000008500                BMP_clearText
                0x000000000000855e                BMP_clearTextLine
                0x00000000000085a6                BMP_showFPS
                0x000000000000866e                BMP_clear
                0x000000000000867e                BMP_getWritePointer
                0x000000000000869a                BMP_getReadPointer
                0x00000000000086b6                BMP_getPixel
                0x00000000000086ee                BMP_setPixel
                0x0000000000008726                BMP_setPixels_V2D
                0x0000000000008776                BMP_setPixels
                0x00000000000087d2                BMP_drawBitmapData
                0x000000000000887a                BMP_drawBitmap
                0x000000000000894e                BMP_loadBitmapData
                0x0000000000008980                BMP_loadBitmap
                0x00000000000089a6                BMP_getBitmapPalette
                0x00000000000089c2                BMP_scale
                0x0000000000008a94                BMP_drawBitmapScaled
                0x0000000000008b9e                BMP_loadAndScaleBitmap
                0x0000000000008bd4                BMP_doVBlankProcess
                0x0000000000008bdc                BMP_doHBlankProcess
 *fill*         0x000000000000920e        0x2 
 .text          0x0000000000009210      0x1dc /opt/gendev/sgdk1_3/lib/libmd.a(timer.o)
                0x0000000000009210                getSubTick
                0x0000000000009260                getTick
                0x000000000000928c                getTime
                0x00000000000092ae                getTimeAsFix32
                0x00000000000092c0                startTimer
                0x00000000000092e2                getTimer
                0x0000000000009320                waitSubTick
                0x000000000000936e                waitTick
                0x00000000000093bc                waitMs
 .text          0x00000000000093ec      0x5dc /opt/gendev/sgdk1_3/lib/libmd.a(tile_cache.o)
                0x0000000000009492                TC_init
                0x00000000000094cc                TC_end
                0x0000000000009534                TC_createCacheEx
                0x000000000000957a                TC_createCache
                0x000000000000959c                TC_releaseCache
                0x00000000000095ae                TC_clearCache
                0x00000000000095c0                TC_flushCache
                0x00000000000095ca                TC_reAlloc
                0x000000000000964a                TC_alloc
                0x00000000000098c8                TC_free
                0x0000000000009936                TC_getTileIndex
                0x000000000000997a                TC_uploadAtVBlank
                0x00000000000099ae                TC_doVBlankProcess
 .text          0x00000000000099c8      0x7e6 /opt/gendev/sgdk1_3/lib/libmd.a(vdp_bg.o)
                0x00000000000099c8                VDP_setHorizontalScroll
                0x0000000000009a0e                VDP_setHorizontalScrollTile
                0x0000000000009aa6                VDP_setHorizontalScrollLine
                0x0000000000009b3e                VDP_setVerticalScroll
                0x0000000000009b78                VDP_setVerticalScrollTile
                0x0000000000009c02                VDP_clearPlan
                0x0000000000009cb4                VDP_getTextPlan
                0x0000000000009cbc                VDP_getTextPalette
                0x0000000000009ccc                VDP_getTextPriority
                0x0000000000009cd8                VDP_setTextPlan
                0x0000000000009ce2                VDP_setTextPalette
                0x0000000000009d04                VDP_setTextPriority
                0x0000000000009d26                VDP_drawTextBG
                0x0000000000009dda                VDP_clearTextBG
                0x0000000000009e0a                VDP_clearTextAreaBG
                0x0000000000009e3e                VDP_clearTextLineBG
                0x0000000000009e80                VDP_drawText
                0x0000000000009ea6                VDP_clearText
                0x0000000000009ed0                VDP_clearTextArea
                0x0000000000009f02                VDP_clearTextLine
                0x0000000000009f1a                VDP_drawBitmapEx
                0x000000000000a00c                VDP_drawBitmap
                0x000000000000a092                VDP_drawImageEx
                0x000000000000a132                VDP_drawImage
 *fill*         0x000000000000a1ae        0x2 
 .text          0x000000000000a1b0      0x1b8 /opt/gendev/sgdk1_3/lib/libmd.a(memory_a.o)
                0x000000000000a1b0                memset
                0x000000000000a228                memsetU16
                0x000000000000a286                memsetU32
                0x000000000000a2c4                memcpy
 *fill*         0x000000000000a368       0x98 
 .text          0x000000000000a400       0x80 /opt/gendev/sgdk1_3/lib/libmd.a(smp_null_pcm.o)
                0x000000000000a400                smp_null_pcm
 .text          0x000000000000a480      0x102 /opt/gendev/sgdk1_3/lib/libmd.a(vdp_tile_a.o)
                0x000000000000a480                VDP_loadTileData
                0x000000000000a4fc                VDP_loadBMPTileData
 *fill*         0x000000000000a582        0x2 
 .text          0x000000000000a584      0x15c /opt/gendev/sgdk1_3/lib/libmd.a(vdp_pal_a.o)
                0x000000000000a584                VDP_getPaletteColors
                0x000000000000a5ea                VDP_setPaletteColors
                0x000000000000a650                VDP_getPalette
                0x000000000000a698                VDP_setPalette
 .text          0x000000000000a6e0       0x56 /opt/gendev/sgdk1_3/lib/libmd.a(sys_a.o)
                0x000000000000a6e0                SYS_assertReset
                0x000000000000a6e4                SYS_reset
                0x000000000000a6f2                SYS_hardReset
                0x000000000000a700                SYS_getInterruptMaskLevel
                0x000000000000a70a                SYS_setInterruptMaskLevel
                0x000000000000a71c                SYS_getAndSetInterruptMaskLevel
 *fill*         0x000000000000a736        0x2 
 .text          0x000000000000a738       0x88 /opt/gendev/sgdk1_3/lib/libmd.a(kdebug.o)
                0x000000000000a738                KDebug_Halt
                0x000000000000a742                KDebug_Alert
                0x000000000000a75e                KDebug_AlertNumber
                0x000000000000a7ac                KDebug_StartTimer
                0x000000000000a7b6                KDebug_StopTimer
 *fill*         0x000000000000a7c0       0x40 
 .text          0x000000000000a800      0x100 /opt/gendev/sgdk1_3/lib/libmd.a(smp_null.o)
                0x000000000000a800                smp_null
 .text          0x000000000000a900     0x14dc /opt/gendev/sgdk1_3/lib/libmd.a(bmp_a.o)
                0x000000000000a900                clearBitmapBuffer
                0x000000000000a96a                copyBitmapBuffer
                0x000000000000ab28                BMP_clipLine
                0x000000000000ab44                BMP_drawLine
                0x000000000000abb4                BMP_isPolygonCulled
                0x000000000000b4e0                BMP_drawPolygon
 .text          0x000000000000bddc      0xae2 /opt/gendev/sgdk1_3/lib/libmd.a(tools_a.o)
                0x000000000000bddc                qsort
                0x000000000000be78                aplib_unpack
                0x000000000000be7e                aplib_decrunch
                0x000000000000bf20                lz4w_unpack
                0x000000000000bf28                lz4w_unpack_a
 *fill*         0x000000000000c8be        0x2 
 .text          0x000000000000c8c0      0xb2c /opt/gendev/sgdk1_3/lib/libmd.a(z80_drv1.o)
                0x000000000000c8c0                z80_drv1
 .text          0x000000000000d3ec      0x69e /opt/gendev/sgdk1_3/lib/libmd.a(z80_tfm.o)
                0x000000000000d3ec                z80_tfm
 *fill*         0x000000000000da8a        0x2 
 .text          0x000000000000da8c      0xe00 /opt/gendev/sgdk1_3/lib/libmd.a(z80_drv2.o)
                0x000000000000da8c                z80_drv2
 .text          0x000000000000e88c      0xa6a /opt/gendev/sgdk1_3/lib/libmd.a(z80_drv3.o)
                0x000000000000e88c                z80_drv3
 *fill*         0x000000000000f2f6        0x2 
 .text          0x000000000000f2f8     0x1700 /opt/gendev/sgdk1_3/lib/libmd.a(z80_xgm.o)
                0x000000000000f2f8                z80_xgm
 .text          0x00000000000109f8      0xa5c /opt/gendev/sgdk1_3/lib/libmd.a(z80_mvs.o)
                0x00000000000109f8                z80_mvs
 .text          0x0000000000011454        0x0 /opt/gendev/sgdk1_3/lib/libmd.a(libres.o)
 .text          0x0000000000011454        0x0 /opt/gendev/sgdk1_3/lib/libmd.a(tab_vol.o)
 .text          0x0000000000011454     0x1846 /opt/gendev/sgdk1_3/lib/libmd.a(joy.o)
                0x0000000000011ec0                JOY_setEventHandler
                0x0000000000011eca                JOY_setSupport
                0x00000000000122fa                JOY_init
                0x00000000000126b6                JOY_getPortType
                0x00000000000126d6                JOY_getJoypadType
                0x00000000000126f6                JOY_readJoypad
                0x0000000000012746                JOY_readJoypadX
                0x0000000000012768                JOY_readJoypadY
                0x000000000001278a                JOY_update
                0x0000000000012ba8                JOY_waitPressTime
                0x0000000000012c4c                JOY_waitPressBtn
                0x0000000000012c62                JOY_waitPressBtnTime
                0x0000000000012c7e                JOY_waitPress
 *fill*         0x0000000000012c9a        0x2 
 .text          0x0000000000012c9c      0x738 /opt/gendev/sgdk1_3/lib/libmd.a(xgm.o)
                0x0000000000012c9c                XGM_isPlaying
                0x0000000000012cdc                XGM_startPlay
                0x0000000000012df4                XGM_stopPlay
                0x0000000000012e6a                XGM_pausePlay
                0x0000000000012ea8                XGM_resumePlay
                0x0000000000012eee                XGM_isPlayingPCM
                0x0000000000012f30                XGM_setPCMFast
                0x0000000000012f6e                XGM_setPCM
                0x0000000000012fba                XGM_startPlayPCM
                0x0000000000013026                XGM_stopPlayPCM
                0x0000000000013086                XGM_setLoopNumber
                0x00000000000130c6                XGM_set68KBUSProtection
                0x00000000000130f6                XGM_nextXFrame
                0x000000000001314c                XGM_getManualSync
                0x0000000000013158                XGM_setManualSync
                0x00000000000131a0                XGM_getForceDelayDMA
                0x00000000000131ac                XGM_setForceDelayDMA
                0x00000000000131d4                XGM_getMusicTempo
                0x00000000000131dc                XGM_setMusicTempo
                0x0000000000013204                XGM_getElapsed
                0x000000000001325e                XGM_getCPULoad
                0x000000000001332c                XGM_resetLoadCalculation
                0x0000000000013358                XGM_doVBlankProcess
 .text          0x00000000000133d4        0xc /opt/gendev/sgdk1_3/lib/libmd.a(types.o)
                0x00000000000133d4                getZeroU8
                0x00000000000133d8                getZeroU16
                0x00000000000133dc                getZeroU32
 .text          0x00000000000133e0       0x22 /opt/gendev/lib/gcc/m68k-elf/6.3.0/libgcc.a(_mulsi3.o)
                0x00000000000133e0                __mulsi3
 *fill*         0x0000000000013402        0x2 
 .text          0x0000000000013404       0x5c /opt/gendev/lib/gcc/m68k-elf/6.3.0/libgcc.a(_udivsi3.o)
                0x0000000000013404                __udivsi3
 .text          0x0000000000013460       0x2e /opt/gendev/lib/gcc/m68k-elf/6.3.0/libgcc.a(_divsi3.o)
                0x0000000000013460                __divsi3
 *fill*         0x000000000001348e        0x2 
 .text          0x0000000000013490       0x2e /opt/gendev/lib/gcc/m68k-elf/6.3.0/libgcc.a(_umodsi3.o)
                0x0000000000013490                __umodsi3
 *fill*         0x00000000000134be        0x2 
 .text          0x00000000000134c0        0x0 main.o
                0x00000000000134c0                . = ALIGN (0x4)
                0x00000000000134c0                __CTOR_LIST__ = .
                0x00000000000134c0        0x4 LONG 0x0 (((__CTOR_END__ - __CTOR_LIST__) / 0x4) - 0x2)
 *(.ctors)
                0x00000000000134c4        0x4 LONG 0x0
                0x00000000000134c8                __CTOR_END__ = .
                0x00000000000134c8                __DTOR_LIST__ = .
                0x00000000000134c8        0x4 LONG 0x0 (((__DTOR_END__ - __DTOR_LIST__) / 0x4) - 0x2)
 *(.dtors)
                0x00000000000134cc        0x4 LONG 0x0
                0x00000000000134d0                __DTOR_END__ = .
 *(.rodata .rodata.*)
 .rodata.str1.1
                0x00000000000134d0      0x13e /opt/gendev/sgdk1_3/lib/libmd.a(sys.o)
 .rodata.str1.1
                0x000000000001360e       0x21 /opt/gendev/sgdk1_3/lib/libmd.a(vdp.o)
                                         0x4c (size before relaxing)
 *fill*         0x000000000001362f        0x1 
 .rodata        0x0000000000013630        0x6 /opt/gendev/sgdk1_3/lib/libmd.a(vdp.o)
                0x0000000000013630                PLAN_WINDOW
                0x0000000000013632                PLAN_B
                0x0000000000013634                PLAN_A
 .rodata.str1.1
                0x0000000000000000        0x2 /opt/gendev/sgdk1_3/lib/libmd.a(tools.o)
 .rodata.str1.1
                0x0000000000013636       0x41 /opt/gendev/sgdk1_3/lib/libmd.a(memory.o)
                                         0x42 (size before relaxing)
 *fill*         0x0000000000013677        0x1 
 .rodata        0x0000000000013678      0x104 /opt/gendev/sgdk1_3/lib/libmd.a(vdp_pal.o)
                0x0000000000013678                palette_blue
                0x0000000000013698                palette_green
                0x00000000000136b8                palette_red
                0x00000000000136d8                palette_grey
                0x00000000000136f8                palette_black
                0x00000000000136fc                palette_black_all
 .rodata        0x000000000001377c      0xe40 /opt/gendev/sgdk1_3/lib/libmd.a(z80_vgm.o)
                0x000000000001377c                z80_vgm
 .rodata.str1.1
                0x00000000000145bc        0x7 /opt/gendev/sgdk1_3/lib/libmd.a(string.o)
 .rodata        0x00000000000145c3       0x22 /opt/gendev/sgdk1_3/lib/libmd.a(string.o)
 *fill*         0x00000000000145e5        0x1 
 .rodata        0x00000000000145e6      0xcec /opt/gendev/sgdk1_3/lib/libmd.a(libres.o)
                0x0000000000014f8c                logo_lib
                0x00000000000151f6                font_lib
                0x000000000001521e                font_pal_lib
                0x0000000000015226                stop_xgm
 .rodata        0x00000000000152d2     0x1000 /opt/gendev/sgdk1_3/lib/libmd.a(tab_vol.o)
                0x00000000000152d2                tab_vol
 .rodata        0x00000000000162d2       0x18 /opt/gendev/sgdk1_3/lib/libmd.a(joy.o)
 .rodata.str1.1
                0x00000000000162ea        0x9 main.o
 *(.gcc_except_table .gcc_except_table.*)
                0x00000000000162f4                . = ALIGN (0x4)
 *fill*         0x00000000000162f3        0x1 
                0x00000000000162f4                __INIT_SECTION__ = .
 *(.init)
                0x00000000000162f4        0x2 SHORT 0x4e75
                0x00000000000162f6                __FINI_SECTION__ = .
 *(.fini)
                0x00000000000162f6        0x2 SHORT 0x4e75
                0x00000000000162f8                _etext = .
 *(.lit)
                0x00000000000162f8                _stext = SIZEOF (.text)

.data           0x0000000000ff0000        0x0 load address 0x00000000000162f8
 *(.got.plt)
 *(.got)
 *(.shdata)
 *(.data .data.*)
 .data          0x0000000000ff0000        0x0 boot/sega.o
 .data          0x0000000000ff0000        0x0 /opt/gendev/sgdk1_3/lib/libmd.a(sys.o)
 .data          0x0000000000ff0000        0x0 /opt/gendev/sgdk1_3/lib/libmd.a(vdp.o)
 .data          0x0000000000ff0000        0x0 /opt/gendev/sgdk1_3/lib/libmd.a(dma.o)
 .data          0x0000000000ff0000        0x0 /opt/gendev/sgdk1_3/lib/libmd.a(tools.o)
 .data          0x0000000000ff0000        0x0 /opt/gendev/sgdk1_3/lib/libmd.a(memory.o)
 .data          0x0000000000ff0000        0x0 /opt/gendev/sgdk1_3/lib/libmd.a(vdp_tile.o)
 .data          0x0000000000ff0000        0x0 /opt/gendev/sgdk1_3/lib/libmd.a(z80_ctrl.o)
 .data          0x0000000000ff0000        0x0 /opt/gendev/sgdk1_3/lib/libmd.a(ym2612.o)
 .data          0x0000000000ff0000        0x0 /opt/gendev/sgdk1_3/lib/libmd.a(vdp_pal.o)
 .data          0x0000000000ff0000        0x0 /opt/gendev/sgdk1_3/lib/libmd.a(psg.o)
 .data          0x0000000000ff0000        0x0 /opt/gendev/sgdk1_3/lib/libmd.a(z80_vgm.o)
 .data          0x0000000000ff0000        0x0 /opt/gendev/sgdk1_3/lib/libmd.a(vdp_spr.o)
 .data          0x0000000000ff0000        0x0 /opt/gendev/sgdk1_3/lib/libmd.a(sound.o)
 .data          0x0000000000ff0000        0x0 /opt/gendev/sgdk1_3/lib/libmd.a(string.o)
 .data          0x0000000000ff0000        0x0 /opt/gendev/sgdk1_3/lib/libmd.a(vdp_dma.o)
 .data          0x0000000000ff0000        0x0 /opt/gendev/sgdk1_3/lib/libmd.a(bmp.o)
 .data          0x0000000000ff0000        0x0 /opt/gendev/sgdk1_3/lib/libmd.a(timer.o)
 .data          0x0000000000ff0000        0x0 /opt/gendev/sgdk1_3/lib/libmd.a(tile_cache.o)
 .data          0x0000000000ff0000        0x0 /opt/gendev/sgdk1_3/lib/libmd.a(vdp_bg.o)
 .data          0x0000000000ff0000        0x0 /opt/gendev/sgdk1_3/lib/libmd.a(memory_a.o)
 .data          0x0000000000ff0000        0x0 /opt/gendev/sgdk1_3/lib/libmd.a(smp_null_pcm.o)
 .data          0x0000000000ff0000        0x0 /opt/gendev/sgdk1_3/lib/libmd.a(vdp_tile_a.o)
 .data          0x0000000000ff0000        0x0 /opt/gendev/sgdk1_3/lib/libmd.a(vdp_pal_a.o)
 .data          0x0000000000ff0000        0x0 /opt/gendev/sgdk1_3/lib/libmd.a(sys_a.o)
 .data          0x0000000000ff0000        0x0 /opt/gendev/sgdk1_3/lib/libmd.a(kdebug.o)
 .data          0x0000000000ff0000        0x0 /opt/gendev/sgdk1_3/lib/libmd.a(smp_null.o)
 .data          0x0000000000ff0000        0x0 /opt/gendev/sgdk1_3/lib/libmd.a(bmp_a.o)
 .data          0x0000000000ff0000        0x0 /opt/gendev/sgdk1_3/lib/libmd.a(tools_a.o)
 .data          0x0000000000ff0000        0x0 /opt/gendev/sgdk1_3/lib/libmd.a(z80_drv1.o)
 .data          0x0000000000ff0000        0x0 /opt/gendev/sgdk1_3/lib/libmd.a(z80_tfm.o)
 .data          0x0000000000ff0000        0x0 /opt/gendev/sgdk1_3/lib/libmd.a(z80_drv2.o)
 .data          0x0000000000ff0000        0x0 /opt/gendev/sgdk1_3/lib/libmd.a(z80_drv3.o)
 .data          0x0000000000ff0000        0x0 /opt/gendev/sgdk1_3/lib/libmd.a(z80_xgm.o)
 .data          0x0000000000ff0000        0x0 /opt/gendev/sgdk1_3/lib/libmd.a(z80_mvs.o)
 .data          0x0000000000ff0000        0x0 /opt/gendev/sgdk1_3/lib/libmd.a(libres.o)
 .data          0x0000000000ff0000        0x0 /opt/gendev/sgdk1_3/lib/libmd.a(tab_vol.o)
 .data          0x0000000000ff0000        0x0 /opt/gendev/sgdk1_3/lib/libmd.a(joy.o)
 .data          0x0000000000ff0000        0x0 /opt/gendev/sgdk1_3/lib/libmd.a(xgm.o)
 .data          0x0000000000ff0000        0x0 /opt/gendev/sgdk1_3/lib/libmd.a(types.o)
 .data          0x0000000000ff0000        0x0 /opt/gendev/lib/gcc/m68k-elf/6.3.0/libgcc.a(_mulsi3.o)
 .data          0x0000000000ff0000        0x0 /opt/gendev/lib/gcc/m68k-elf/6.3.0/libgcc.a(_udivsi3.o)
 .data          0x0000000000ff0000        0x0 /opt/gendev/lib/gcc/m68k-elf/6.3.0/libgcc.a(_divsi3.o)
 .data          0x0000000000ff0000        0x0 /opt/gendev/lib/gcc/m68k-elf/6.3.0/libgcc.a(_umodsi3.o)
 .data          0x0000000000ff0000        0x0 main.o
                0x0000000000ff0000                _edata = .
                0x0000000000000000                _sdata = SIZEOF (.data)

.bss            0x0000000000ff0000      0x9a8 load address 0x00000000000162f8
                0x0000000000ff0000                _start = .
 *(.shbss)
 *(.bss .bss.*)
 .bss           0x0000000000ff0000        0x0 boot/sega.o
 .bss           0x0000000000ff0000       0x14 /opt/gendev/sgdk1_3/lib/libmd.a(sys.o)
 .bss           0x0000000000ff0014       0x13 /opt/gendev/sgdk1_3/lib/libmd.a(vdp.o)
 *fill*         0x0000000000ff0027        0x1 
 .bss           0x0000000000ff0028       0x16 /opt/gendev/sgdk1_3/lib/libmd.a(dma.o)
                0x0000000000ff0028                dmaQueues
 *fill*         0x0000000000ff003e        0x2 
 .bss           0x0000000000ff0040       0x10 /opt/gendev/sgdk1_3/lib/libmd.a(tools.o)
 .bss           0x0000000000ff0050        0x8 /opt/gendev/sgdk1_3/lib/libmd.a(memory.o)
 .bss           0x0000000000ff0058        0x0 /opt/gendev/sgdk1_3/lib/libmd.a(vdp_tile.o)
 .bss           0x0000000000ff0058        0x0 /opt/gendev/sgdk1_3/lib/libmd.a(z80_ctrl.o)
 .bss           0x0000000000ff0058        0x0 /opt/gendev/sgdk1_3/lib/libmd.a(ym2612.o)
 .bss           0x0000000000ff0058      0x386 /opt/gendev/sgdk1_3/lib/libmd.a(vdp_pal.o)
 *fill*         0x0000000000ff03de        0x2 
 .bss           0x0000000000ff03e0        0x0 /opt/gendev/sgdk1_3/lib/libmd.a(psg.o)
 .bss           0x0000000000ff03e0        0x0 /opt/gendev/sgdk1_3/lib/libmd.a(z80_vgm.o)
 .bss           0x0000000000ff03e0      0x144 /opt/gendev/sgdk1_3/lib/libmd.a(vdp_spr.o)
 .bss           0x0000000000ff0524        0x0 /opt/gendev/sgdk1_3/lib/libmd.a(sound.o)
 .bss           0x0000000000ff0524        0x0 /opt/gendev/sgdk1_3/lib/libmd.a(string.o)
 .bss           0x0000000000ff0524        0x0 /opt/gendev/sgdk1_3/lib/libmd.a(vdp_dma.o)
 .bss           0x0000000000ff0524       0x14 /opt/gendev/sgdk1_3/lib/libmd.a(bmp.o)
 .bss           0x0000000000ff0538       0x40 /opt/gendev/sgdk1_3/lib/libmd.a(timer.o)
 .bss           0x0000000000ff0578        0x4 /opt/gendev/sgdk1_3/lib/libmd.a(tile_cache.o)
 .bss           0x0000000000ff057c        0x4 /opt/gendev/sgdk1_3/lib/libmd.a(vdp_bg.o)
 .bss           0x0000000000ff0580        0x0 /opt/gendev/sgdk1_3/lib/libmd.a(memory_a.o)
 .bss           0x0000000000ff0580        0x0 /opt/gendev/sgdk1_3/lib/libmd.a(smp_null_pcm.o)
 .bss           0x0000000000ff0580        0x0 /opt/gendev/sgdk1_3/lib/libmd.a(vdp_tile_a.o)
 .bss           0x0000000000ff0580        0x0 /opt/gendev/sgdk1_3/lib/libmd.a(vdp_pal_a.o)
 .bss           0x0000000000ff0580        0x0 /opt/gendev/sgdk1_3/lib/libmd.a(sys_a.o)
 .bss           0x0000000000ff0580        0x0 /opt/gendev/sgdk1_3/lib/libmd.a(kdebug.o)
 .bss           0x0000000000ff0580        0x0 /opt/gendev/sgdk1_3/lib/libmd.a(smp_null.o)
 .bss           0x0000000000ff0580        0x0 /opt/gendev/sgdk1_3/lib/libmd.a(bmp_a.o)
 .bss           0x0000000000ff0580        0x0 /opt/gendev/sgdk1_3/lib/libmd.a(tools_a.o)
 .bss           0x0000000000ff0580        0x0 /opt/gendev/sgdk1_3/lib/libmd.a(z80_drv1.o)
 .bss           0x0000000000ff0580        0x0 /opt/gendev/sgdk1_3/lib/libmd.a(z80_tfm.o)
 .bss           0x0000000000ff0580        0x0 /opt/gendev/sgdk1_3/lib/libmd.a(z80_drv2.o)
 .bss           0x0000000000ff0580        0x0 /opt/gendev/sgdk1_3/lib/libmd.a(z80_drv3.o)
 .bss           0x0000000000ff0580        0x0 /opt/gendev/sgdk1_3/lib/libmd.a(z80_xgm.o)
 .bss           0x0000000000ff0580        0x0 /opt/gendev/sgdk1_3/lib/libmd.a(z80_mvs.o)
 .bss           0x0000000000ff0580        0x0 /opt/gendev/sgdk1_3/lib/libmd.a(libres.o)
 .bss           0x0000000000ff0580        0x0 /opt/gendev/sgdk1_3/lib/libmd.a(tab_vol.o)
 .bss           0x0000000000ff0580       0x46 /opt/gendev/sgdk1_3/lib/libmd.a(joy.o)
 *fill*         0x0000000000ff05c6        0x2 
 .bss           0x0000000000ff05c8       0x8c /opt/gendev/sgdk1_3/lib/libmd.a(xgm.o)
                0x0000000000ff05c8                xgmTempoCnt
 .bss           0x0000000000ff0654        0x0 /opt/gendev/sgdk1_3/lib/libmd.a(types.o)
 .bss           0x0000000000ff0654        0x0 /opt/gendev/lib/gcc/m68k-elf/6.3.0/libgcc.a(_mulsi3.o)
 .bss           0x0000000000ff0654        0x0 /opt/gendev/lib/gcc/m68k-elf/6.3.0/libgcc.a(_udivsi3.o)
 .bss           0x0000000000ff0654        0x0 /opt/gendev/lib/gcc/m68k-elf/6.3.0/libgcc.a(_divsi3.o)
 .bss           0x0000000000ff0654        0x0 /opt/gendev/lib/gcc/m68k-elf/6.3.0/libgcc.a(_umodsi3.o)
 .bss           0x0000000000ff0654        0x0 main.o
 *(COMMON)
 COMMON         0x0000000000ff0654       0x94 /opt/gendev/sgdk1_3/lib/libmd.a(sys.o)
                0x0000000000ff0654                illegalInstCB
                0x0000000000ff0658                errorExceptionCB
                0x0000000000ff065c                trapvInstCB
                0x0000000000ff0660                chkInstCB
                0x0000000000ff0664                registerState
                0x0000000000ff06a4                srState
                0x0000000000ff06a6                line1x1xCB
                0x0000000000ff06aa                ext2State
                0x0000000000ff06ac                traceCB
                0x0000000000ff06b0                intTrace
                0x0000000000ff06b2                zeroDivideCB
                0x0000000000ff06b6                internalExtIntCB
                0x0000000000ff06ba                internalVIntCB
                0x0000000000ff06be                intCB
                0x0000000000ff06c2                addressErrorCB
                0x0000000000ff06c6                VIntProcess
                0x0000000000ff06ca                ExtIntProcess
                0x0000000000ff06ce                HIntProcess
                0x0000000000ff06d2                privilegeViolationCB
                0x0000000000ff06d6                pcState
                0x0000000000ff06da                ext1State
                0x0000000000ff06dc                busErrorCB
                0x0000000000ff06e0                internalHIntCB
                0x0000000000ff06e4                addrState
 COMMON         0x0000000000ff06e8       0x1c /opt/gendev/sgdk1_3/lib/libmd.a(vdp.o)
                0x0000000000ff06e8                window_addr
                0x0000000000ff06ea                hscrl_addr
                0x0000000000ff06ec                planHeightSft
                0x0000000000ff06ee                windowWidth
                0x0000000000ff06f0                planWidth
                0x0000000000ff06f2                slist_addr
                0x0000000000ff06f4                windowWidthSft
                0x0000000000ff06f6                screenHeight
                0x0000000000ff06f8                screenWidth
                0x0000000000ff06fa                maps_addr
                0x0000000000ff06fc                planWidthSft
                0x0000000000ff06fe                planHeight
                0x0000000000ff0700                aplan_addr
                0x0000000000ff0702                bplan_addr
 COMMON         0x0000000000ff0704        0x2 /opt/gendev/sgdk1_3/lib/libmd.a(tools.o)
                0x0000000000ff0704                randbase
 COMMON         0x0000000000ff0706        0x4 /opt/gendev/sgdk1_3/lib/libmd.a(z80_ctrl.o)
                0x0000000000ff0706                driverFlags
                0x0000000000ff0708                currentDriver
 COMMON         0x0000000000ff070a      0x286 /opt/gendev/sgdk1_3/lib/libmd.a(vdp_spr.o)
                0x0000000000ff070a                lastAllocatedVDPSprite
                0x0000000000ff070e                vdpSpriteCache
                0x0000000000ff098e                highestVDPSpriteIndex
 COMMON         0x0000000000ff0990        0xe /opt/gendev/sgdk1_3/lib/libmd.a(bmp.o)
                0x0000000000ff0990                bmp_buffer_write
                0x0000000000ff0994                bmp_buffer_read
                0x0000000000ff0998                bmp_plan
                0x0000000000ff099a                bmp_plan_adr
 COMMON         0x0000000000ff099e        0x4 /opt/gendev/sgdk1_3/lib/libmd.a(timer.o)
                0x0000000000ff099e                vtimer
 COMMON         0x0000000000ff09a2        0x4 /opt/gendev/sgdk1_3/lib/libmd.a(tile_cache.o)
                0x0000000000ff09a2                uploads
 COMMON         0x0000000000ff09a6        0x2 /opt/gendev/sgdk1_3/lib/libmd.a(vdp_bg.o)
                0x0000000000ff09a6                curTileInd
                0x0000000000ff09a8                _bend = .

.stab
 *(.stab)

.stabstr
 *(.stabstr)

.eh_frame
 *(.eh_frame)
LOAD boot/sega.o
LOAD /opt/gendev/sgdk1_3/lib/libmd.a
LOAD /opt/gendev/lib/gcc/m68k-elf/6.3.0/libgcc.a
LOAD main.o
LOAD /opt/gendev/sgdk1_3/lib/libmd.a
LOAD /opt/gendev/m68k-elf/lib/libnosys.a
OUTPUT(out.elf elf32-m68k)

.comment        0x0000000000000000       0x11
 .comment       0x0000000000000000       0x11 /opt/gendev/sgdk1_3/lib/libmd.a(sys.o)
                                         0x12 (size before relaxing)
 .comment       0x0000000000000000       0x12 /opt/gendev/sgdk1_3/lib/libmd.a(vdp.o)
 .comment       0x0000000000000000       0x12 /opt/gendev/sgdk1_3/lib/libmd.a(dma.o)
 .comment       0x0000000000000000       0x12 /opt/gendev/sgdk1_3/lib/libmd.a(tools.o)
 .comment       0x0000000000000000       0x12 /opt/gendev/sgdk1_3/lib/libmd.a(memory.o)
 .comment       0x0000000000000000       0x12 /opt/gendev/sgdk1_3/lib/libmd.a(vdp_tile.o)
 .comment       0x0000000000000000       0x12 /opt/gendev/sgdk1_3/lib/libmd.a(z80_ctrl.o)
 .comment       0x0000000000000000       0x12 /opt/gendev/sgdk1_3/lib/libmd.a(ym2612.o)
 .comment       0x0000000000000000       0x12 /opt/gendev/sgdk1_3/lib/libmd.a(vdp_pal.o)
 .comment       0x0000000000000000       0x12 /opt/gendev/sgdk1_3/lib/libmd.a(psg.o)
 .comment       0x0000000000000000       0x12 /opt/gendev/sgdk1_3/lib/libmd.a(z80_vgm.o)
 .comment       0x0000000000000000       0x12 /opt/gendev/sgdk1_3/lib/libmd.a(vdp_spr.o)
 .comment       0x0000000000000000       0x12 /opt/gendev/sgdk1_3/lib/libmd.a(sound.o)
 .comment       0x0000000000000000       0x12 /opt/gendev/sgdk1_3/lib/libmd.a(string.o)
 .comment       0x0000000000000000       0x12 /opt/gendev/sgdk1_3/lib/libmd.a(vdp_dma.o)
 .comment       0x0000000000000000       0x12 /opt/gendev/sgdk1_3/lib/libmd.a(bmp.o)
 .comment       0x0000000000000000       0x12 /opt/gendev/sgdk1_3/lib/libmd.a(timer.o)
 .comment       0x0000000000000000       0x12 /opt/gendev/sgdk1_3/lib/libmd.a(tile_cache.o)
 .comment       0x0000000000000000       0x12 /opt/gendev/sgdk1_3/lib/libmd.a(vdp_bg.o)
 .comment       0x0000000000000000       0x12 /opt/gendev/sgdk1_3/lib/libmd.a(tab_vol.o)
 .comment       0x0000000000000000       0x12 /opt/gendev/sgdk1_3/lib/libmd.a(joy.o)
 .comment       0x0000000000000000       0x12 /opt/gendev/sgdk1_3/lib/libmd.a(xgm.o)
 .comment       0x0000000000000000       0x12 /opt/gendev/sgdk1_3/lib/libmd.a(types.o)
 .comment       0x0000000000000000       0x12 main.o

.debug_line     0x0000000000000000      0x1cd
 .debug_line    0x0000000000000000       0x6a /opt/gendev/lib/gcc/m68k-elf/6.3.0/libgcc.a(_mulsi3.o)
 .debug_line    0x000000000000006a       0x83 /opt/gendev/lib/gcc/m68k-elf/6.3.0/libgcc.a(_udivsi3.o)
 .debug_line    0x00000000000000ed       0x72 /opt/gendev/lib/gcc/m68k-elf/6.3.0/libgcc.a(_divsi3.o)
 .debug_line    0x000000000000015f       0x6e /opt/gendev/lib/gcc/m68k-elf/6.3.0/libgcc.a(_umodsi3.o)

.debug_info     0x0000000000000000      0x270
 .debug_info    0x0000000000000000       0x9c /opt/gendev/lib/gcc/m68k-elf/6.3.0/libgcc.a(_mulsi3.o)
 .debug_info    0x000000000000009c       0x9c /opt/gendev/lib/gcc/m68k-elf/6.3.0/libgcc.a(_udivsi3.o)
 .debug_info    0x0000000000000138       0x9c /opt/gendev/lib/gcc/m68k-elf/6.3.0/libgcc.a(_divsi3.o)
 .debug_info    0x00000000000001d4       0x9c /opt/gendev/lib/gcc/m68k-elf/6.3.0/libgcc.a(_umodsi3.o)

.debug_abbrev   0x0000000000000000       0x50
 .debug_abbrev  0x0000000000000000       0x14 /opt/gendev/lib/gcc/m68k-elf/6.3.0/libgcc.a(_mulsi3.o)
 .debug_abbrev  0x0000000000000014       0x14 /opt/gendev/lib/gcc/m68k-elf/6.3.0/libgcc.a(_udivsi3.o)
 .debug_abbrev  0x0000000000000028       0x14 /opt/gendev/lib/gcc/m68k-elf/6.3.0/libgcc.a(_divsi3.o)
 .debug_abbrev  0x000000000000003c       0x14 /opt/gendev/lib/gcc/m68k-elf/6.3.0/libgcc.a(_umodsi3.o)

.debug_aranges  0x0000000000000000       0x80
 .debug_aranges
                0x0000000000000000       0x20 /opt/gendev/lib/gcc/m68k-elf/6.3.0/libgcc.a(_mulsi3.o)
 .debug_aranges
                0x0000000000000020       0x20 /opt/gendev/lib/gcc/m68k-elf/6.3.0/libgcc.a(_udivsi3.o)
 .debug_aranges
                0x0000000000000040       0x20 /opt/gendev/lib/gcc/m68k-elf/6.3.0/libgcc.a(_divsi3.o)
 .debug_aranges
                0x0000000000000060       0x20 /opt/gendev/lib/gcc/m68k-elf/6.3.0/libgcc.a(_umodsi3.o)
