Archive member included because of file (symbol)

/opt/gendev/sgdk1_3/lib/libmd.a(sys.o)
                              boot/sega.o (registerState)
/opt/gendev/sgdk1_3/lib/libmd.a(vdp.o)
                              /opt/gendev/sgdk1_3/lib/libmd.a(sys.o) (VDP_init)
/opt/gendev/sgdk1_3/lib/libmd.a(dma.o)
                              /opt/gendev/sgdk1_3/lib/libmd.a(sys.o) (DMA_init)
/opt/gendev/sgdk1_3/lib/libmd.a(tools.o)
                              /opt/gendev/sgdk1_3/lib/libmd.a(sys.o) (setRandomSeed)
/opt/gendev/sgdk1_3/lib/libmd.a(memory.o)
                              /opt/gendev/sgdk1_3/lib/libmd.a(sys.o) (MEM_init)
/opt/gendev/sgdk1_3/lib/libmd.a(vdp_tile.o)
                              /opt/gendev/sgdk1_3/lib/libmd.a(vdp.o) (VDP_loadFont)
/opt/gendev/sgdk1_3/lib/libmd.a(z80_ctrl.o)
                              /opt/gendev/sgdk1_3/lib/libmd.a(sys.o) (Z80_init)
/opt/gendev/sgdk1_3/lib/libmd.a(ym2612.o)
                              /opt/gendev/sgdk1_3/lib/libmd.a(z80_ctrl.o) (YM2612_reset)
/opt/gendev/sgdk1_3/lib/libmd.a(vdp_pal.o)
                              /opt/gendev/sgdk1_3/lib/libmd.a(sys.o) (VDP_doStepFading)
/opt/gendev/sgdk1_3/lib/libmd.a(psg.o)
                              /opt/gendev/sgdk1_3/lib/libmd.a(sys.o) (PSG_init)
/opt/gendev/sgdk1_3/lib/libmd.a(z80_vgm.o)
                              /opt/gendev/sgdk1_3/lib/libmd.a(z80_ctrl.o) (z80_vgm)
/opt/gendev/sgdk1_3/lib/libmd.a(vdp_spr.o)
                              /opt/gendev/sgdk1_3/lib/libmd.a(vdp.o) (VDP_resetSprites)
/opt/gendev/sgdk1_3/lib/libmd.a(sound.o)
                              /opt/gendev/sgdk1_3/lib/libmd.a(sys.o) (SND_getForceDelayDMA_XGM)
/opt/gendev/sgdk1_3/lib/libmd.a(string.o)
                              /opt/gendev/sgdk1_3/lib/libmd.a(sys.o) (strlen)
/opt/gendev/sgdk1_3/lib/libmd.a(vdp_dma.o)
                              /opt/gendev/sgdk1_3/lib/libmd.a(vdp_tile.o) (VDP_doDMA)
/opt/gendev/sgdk1_3/lib/libmd.a(bmp.o)
                              /opt/gendev/sgdk1_3/lib/libmd.a(sys.o) (BMP_doVBlankProcess)
/opt/gendev/sgdk1_3/lib/libmd.a(timer.o)
                              /opt/gendev/sgdk1_3/lib/libmd.a(tools.o) (getSubTick)
/opt/gendev/sgdk1_3/lib/libmd.a(tile_cache.o)
                              /opt/gendev/sgdk1_3/lib/libmd.a(sys.o) (uploads)
/opt/gendev/sgdk1_3/lib/libmd.a(vdp_bg.o)
                              /opt/gendev/sgdk1_3/lib/libmd.a(vdp.o) (VDP_setHorizontalScroll)
/opt/gendev/sgdk1_3/lib/libmd.a(memory_a.o)
                              /opt/gendev/sgdk1_3/lib/libmd.a(memory.o) (memset)
/opt/gendev/sgdk1_3/lib/libmd.a(smp_null_pcm.o)
                              /opt/gendev/sgdk1_3/lib/libmd.a(z80_ctrl.o) (smp_null_pcm)
/opt/gendev/sgdk1_3/lib/libmd.a(vdp_tile_a.o)
                              /opt/gendev/sgdk1_3/lib/libmd.a(vdp_tile.o) (VDP_loadTileData)
/opt/gendev/sgdk1_3/lib/libmd.a(vdp_pal_a.o)
                              /opt/gendev/sgdk1_3/lib/libmd.a(vdp_pal.o) (VDP_getPaletteColors)
/opt/gendev/sgdk1_3/lib/libmd.a(sys_a.o)
                              /opt/gendev/sgdk1_3/lib/libmd.a(timer.o) (SYS_getInterruptMaskLevel)
/opt/gendev/sgdk1_3/lib/libmd.a(kdebug.o)
                              /opt/gendev/sgdk1_3/lib/libmd.a(tools.o) (KDebug_Alert)
/opt/gendev/sgdk1_3/lib/libmd.a(smp_null.o)
                              /opt/gendev/sgdk1_3/lib/libmd.a(z80_ctrl.o) (smp_null)
/opt/gendev/sgdk1_3/lib/libmd.a(bmp_a.o)
                              /opt/gendev/sgdk1_3/lib/libmd.a(bmp.o) (clearBitmapBuffer)
/opt/gendev/sgdk1_3/lib/libmd.a(tools_a.o)
                              /opt/gendev/sgdk1_3/lib/libmd.a(tools.o) (aplib_unpack)
/opt/gendev/sgdk1_3/lib/libmd.a(z80_drv1.o)
                              /opt/gendev/sgdk1_3/lib/libmd.a(z80_ctrl.o) (z80_drv1)
/opt/gendev/sgdk1_3/lib/libmd.a(z80_tfm.o)
                              /opt/gendev/sgdk1_3/lib/libmd.a(z80_ctrl.o) (z80_tfm)
/opt/gendev/sgdk1_3/lib/libmd.a(z80_drv2.o)
                              /opt/gendev/sgdk1_3/lib/libmd.a(z80_ctrl.o) (z80_drv2)
/opt/gendev/sgdk1_3/lib/libmd.a(z80_drv3.o)
                              /opt/gendev/sgdk1_3/lib/libmd.a(z80_ctrl.o) (z80_drv3)
/opt/gendev/sgdk1_3/lib/libmd.a(z80_xgm.o)
                              /opt/gendev/sgdk1_3/lib/libmd.a(z80_ctrl.o) (z80_xgm)
/opt/gendev/sgdk1_3/lib/libmd.a(z80_mvs.o)
                              /opt/gendev/sgdk1_3/lib/libmd.a(z80_ctrl.o) (z80_mvs)
/opt/gendev/sgdk1_3/lib/libmd.a(libres.o)
                              /opt/gendev/sgdk1_3/lib/libmd.a(vdp.o) (font_lib)
/opt/gendev/sgdk1_3/lib/libmd.a(tab_vol.o)
                              /opt/gendev/sgdk1_3/lib/libmd.a(z80_ctrl.o) (tab_vol)
/opt/gendev/sgdk1_3/lib/libmd.a(joy.o)
                              /opt/gendev/sgdk1_3/lib/libmd.a(sys.o) (JOY_init)
/opt/gendev/sgdk1_3/lib/libmd.a(xgm.o)
                              /opt/gendev/sgdk1_3/lib/libmd.a(sound.o) (XGM_isPlaying)
/opt/gendev/sgdk1_3/lib/libmd.a(types.o)
                              /opt/gendev/sgdk1_3/lib/libmd.a(z80_ctrl.o) (getZeroU8)
/opt/gendev/lib/gcc/m68k-elf/6.3.0/libgcc.a(_mulsi3.o)
                              /opt/gendev/sgdk1_3/lib/libmd.a(tools.o) (__mulsi3)
/opt/gendev/lib/gcc/m68k-elf/6.3.0/libgcc.a(_udivsi3.o)
                              /opt/gendev/sgdk1_3/lib/libmd.a(tools.o) (__udivsi3)
/opt/gendev/lib/gcc/m68k-elf/6.3.0/libgcc.a(_divsi3.o)
                              /opt/gendev/sgdk1_3/lib/libmd.a(vdp_pal.o) (__divsi3)
/opt/gendev/lib/gcc/m68k-elf/6.3.0/libgcc.a(_umodsi3.o)
                              /opt/gendev/sgdk1_3/lib/libmd.a(string.o) (__umodsi3)

Allocating common symbols
Common symbol       size              file

illegalInstCB       0x4               /opt/gendev/sgdk1_3/lib/libmd.a(sys.o)
window_addr         0x2               /opt/gendev/sgdk1_3/lib/libmd.a(vdp.o)
errorExceptionCB    0x4               /opt/gendev/sgdk1_3/lib/libmd.a(sys.o)
trapvInstCB         0x4               /opt/gendev/sgdk1_3/lib/libmd.a(sys.o)
hscrl_addr          0x2               /opt/gendev/sgdk1_3/lib/libmd.a(vdp.o)
vtimer              0x4               /opt/gendev/sgdk1_3/lib/libmd.a(timer.o)
driverFlags         0x2               /opt/gendev/sgdk1_3/lib/libmd.a(z80_ctrl.o)
chkInstCB           0x4               /opt/gendev/sgdk1_3/lib/libmd.a(sys.o)
registerState       0x40              /opt/gendev/sgdk1_3/lib/libmd.a(sys.o)
planHeightSft       0x2               /opt/gendev/sgdk1_3/lib/libmd.a(vdp.o)
windowWidth         0x2               /opt/gendev/sgdk1_3/lib/libmd.a(vdp.o)
planWidth           0x2               /opt/gendev/sgdk1_3/lib/libmd.a(vdp.o)
bmp_buffer_write    0x4               /opt/gendev/sgdk1_3/lib/libmd.a(bmp.o)
srState             0x2               /opt/gendev/sgdk1_3/lib/libmd.a(sys.o)
slist_addr          0x2               /opt/gendev/sgdk1_3/lib/libmd.a(vdp.o)
lastAllocatedVDPSprite
                    0x4               /opt/gendev/sgdk1_3/lib/libmd.a(vdp_spr.o)
line1x1xCB          0x4               /opt/gendev/sgdk1_3/lib/libmd.a(sys.o)
randbase            0x2               /opt/gendev/sgdk1_3/lib/libmd.a(tools.o)
windowWidthSft      0x2               /opt/gendev/sgdk1_3/lib/libmd.a(vdp.o)
ext2State           0x2               /opt/gendev/sgdk1_3/lib/libmd.a(sys.o)
traceCB             0x4               /opt/gendev/sgdk1_3/lib/libmd.a(sys.o)
intTrace            0x2               /opt/gendev/sgdk1_3/lib/libmd.a(sys.o)
zeroDivideCB        0x4               /opt/gendev/sgdk1_3/lib/libmd.a(sys.o)
curTileInd          0x2               /opt/gendev/sgdk1_3/lib/libmd.a(vdp_bg.o)
internalExtIntCB    0x4               /opt/gendev/sgdk1_3/lib/libmd.a(sys.o)
screenHeight        0x2               /opt/gendev/sgdk1_3/lib/libmd.a(vdp.o)
internalVIntCB      0x4               /opt/gendev/sgdk1_3/lib/libmd.a(sys.o)
intCB               0x4               /opt/gendev/sgdk1_3/lib/libmd.a(sys.o)
screenWidth         0x2               /opt/gendev/sgdk1_3/lib/libmd.a(vdp.o)
maps_addr           0x2               /opt/gendev/sgdk1_3/lib/libmd.a(vdp.o)
addressErrorCB      0x4               /opt/gendev/sgdk1_3/lib/libmd.a(sys.o)
bmp_buffer_read     0x4               /opt/gendev/sgdk1_3/lib/libmd.a(bmp.o)
VIntProcess         0x4               /opt/gendev/sgdk1_3/lib/libmd.a(sys.o)
currentDriver       0x2               /opt/gendev/sgdk1_3/lib/libmd.a(z80_ctrl.o)
vdpSpriteCache      0x280             /opt/gendev/sgdk1_3/lib/libmd.a(vdp_spr.o)
planWidthSft        0x2               /opt/gendev/sgdk1_3/lib/libmd.a(vdp.o)
uploads             0x4               /opt/gendev/sgdk1_3/lib/libmd.a(tile_cache.o)
ExtIntProcess       0x4               /opt/gendev/sgdk1_3/lib/libmd.a(sys.o)
HIntProcess         0x4               /opt/gendev/sgdk1_3/lib/libmd.a(sys.o)
bmp_plan            0x2               /opt/gendev/sgdk1_3/lib/libmd.a(bmp.o)
privilegeViolationCB
                    0x4               /opt/gendev/sgdk1_3/lib/libmd.a(sys.o)
pcState             0x4               /opt/gendev/sgdk1_3/lib/libmd.a(sys.o)
ext1State           0x2               /opt/gendev/sgdk1_3/lib/libmd.a(sys.o)
busErrorCB          0x4               /opt/gendev/sgdk1_3/lib/libmd.a(sys.o)
highestVDPSpriteIndex
                    0x2               /opt/gendev/sgdk1_3/lib/libmd.a(vdp_spr.o)
internalHIntCB      0x4               /opt/gendev/sgdk1_3/lib/libmd.a(sys.o)
planHeight          0x2               /opt/gendev/sgdk1_3/lib/libmd.a(vdp.o)
aplan_addr          0x2               /opt/gendev/sgdk1_3/lib/libmd.a(vdp.o)
bplan_addr          0x2               /opt/gendev/sgdk1_3/lib/libmd.a(vdp.o)
bmp_plan_adr        0x4               /opt/gendev/sgdk1_3/lib/libmd.a(bmp.o)
addrState           0x4               /opt/gendev/sgdk1_3/lib/libmd.a(sys.o)

Memory Configuration

Name             Origin             Length             Attributes
rom              0x0000000000000000 0x0000000000a00000
ram              0x0000000000ff0000 0x0000000000010000
*default*        0x0000000000000000 0xffffffffffffffff

Linker script and memory map

                0x0000000000000000                __DYNAMIC = 0x0
                0x0000000001000000                PROVIDE (__stack, 0x1000000)

.text           0x0000000000000000    0x16448
 *(.text.keepboot)
 .text.keepboot
                0x0000000000000000      0x5ec boot/sega.o
                0x0000000000000262                _hard_reset
 *(.text.*)
 .text.startup  0x00000000000005ec       0x90 main.o
                0x00000000000005ec                main
 *(.text)
 .text          0x000000000000067c        0x0 boot/sega.o
 .text          0x000000000000067c      0xa08 /opt/gendev/sgdk1_3/lib/libmd.a(sys.o)
                0x000000000000067c                _trace_callback
                0x000000000000067e                _line1x1x_callback
                0x0000000000000680                _int_callback
                0x0000000000000682                _extint_callback
                0x0000000000000a74                _buserror_callback
                0x0000000000000a9c                _addresserror_callback
                0x0000000000000b50                _illegalinst_callback
                0x0000000000000b78                _chkinst_callback
                0x0000000000000ba0                _trapvinst_callback
                0x0000000000000bc8                _vint_callback
                0x0000000000000ce6                _hint_callback
                0x0000000000000e2a                _zerodivide_callback
                0x0000000000000e52                _privilegeviolation_callback
                0x0000000000000e7a                _errorexception_callback
                0x0000000000000ea2                _start_entry
                0x0000000000000f54                _reset_entry
                0x0000000000000f64                SYS_disableInts
                0x0000000000000f96                SYS_enableInts
                0x0000000000000fc4                SYS_setVIntPreCallback
                0x0000000000000fce                SYS_setVIntCallback
                0x0000000000000fd8                SYS_setHIntCallback
                0x0000000000000fe2                SYS_setExtIntCallback
                0x0000000000000fec                SYS_isInVIntCallback
                0x0000000000000ff8                SYS_isInHIntCallback
                0x0000000000001004                SYS_isInExtIntCallback
                0x0000000000001010                SYS_isInInterrupt
                0x0000000000001018                SYS_isNTSC
                0x0000000000001028                SYS_isPAL
                0x0000000000001034                SYS_die
 .text          0x0000000000001084      0xb26 /opt/gendev/sgdk1_3/lib/libmd.a(vdp.o)
                0x00000000000010dc                VDP_getReg
                0x00000000000010fc                VDP_setReg
                0x000000000000131a                VDP_getEnable
                0x0000000000001326                VDP_setEnable
                0x0000000000001352                VDP_getScanlineNumber
                0x0000000000001368                VDP_getScreenHeight
                0x0000000000001370                VDP_setScreenHeight224
                0x0000000000001398                VDP_setScreenHeight240
                0x00000000000013cc                VDP_getScreenWidth
                0x00000000000013d4                VDP_setScreenWidth256
                0x000000000000140c                VDP_setScreenWidth320
                0x0000000000001444                VDP_getPlanWidth
                0x000000000000144c                VDP_getPlanHeight
                0x0000000000001454                VDP_setPlanSize
                0x00000000000014fc                VDP_getVerticalScrollingMode
                0x000000000000150a                VDP_getHorizontalScrollingMode
                0x0000000000001516                VDP_setScrollingMode
                0x0000000000001544                VDP_getBackgroundColor
                0x000000000000154c                VDP_setBackgroundColor
                0x000000000000156a                VDP_getAutoInc
                0x0000000000001572                VDP_setAutoInc
                0x000000000000158c                VDP_setHInterrupt
                0x00000000000015b8                VDP_setHilightShadow
                0x00000000000015e4                VDP_getHIntCounter
                0x00000000000015ec                VDP_setHIntCounter
                0x0000000000001606                VDP_getAPlanAddress
                0x000000000000160e                VDP_getBPlanAddress
                0x0000000000001616                VDP_getWindowAddress
                0x000000000000161e                VDP_getWindowPlanAddress
                0x0000000000001626                VDP_getSpriteListAddress
                0x000000000000162e                VDP_getHScrollTableAddress
                0x0000000000001636                VDP_setAPlanAddress
                0x0000000000001664                VDP_setWindowAddress
                0x00000000000016aa                VDP_setWindowPlanAddress
                0x00000000000016ba                VDP_setBPlanAddress
                0x00000000000016e8                VDP_setSpriteListAddress
                0x000000000000172e                VDP_setHScrollTableAddress
                0x000000000000175c                VDP_setScanMode
                0x00000000000017a4                VDP_setWindowHPos
                0x00000000000017c8                VDP_setWindowVPos
                0x00000000000017ec                VDP_waitDMACompletion
                0x00000000000017fa                VDP_init
                0x0000000000001a46                VDP_waitFIFOEmpty
                0x0000000000001a54                VDP_waitVSync
                0x0000000000001a6e                VDP_resetScreen
                0x0000000000001b2c                VDP_showFPS
 *fill*         0x0000000000001baa        0x2 
 .text          0x0000000000001bac      0x680 /opt/gendev/sgdk1_3/lib/libmd.a(dma.o)
                0x0000000000001bac                DMA_getAutoFlush
                0x0000000000001bb8                DMA_setAutoFlush
                0x0000000000001bea                DMA_getIgnoreOverCapacity
                0x0000000000001bf8                DMA_setIgnoreOverCapacity
                0x0000000000001c12                DMA_getMaxTransferSize
                0x0000000000001c1a                DMA_setMaxTransferSize
                0x0000000000001c24                DMA_clearQueue
                0x0000000000001c3e                DMA_init
                0x0000000000001ca0                DMA_flushQueue
                0x0000000000001d92                DMA_getQueueSize
                0x0000000000001d9a                DMA_getQueueTransferSize
                0x0000000000001da2                DMA_queueDma
                0x0000000000001f92                DMA_waitCompletion
                0x0000000000001fa0                DMA_doDma
                0x00000000000020fa                DMA_doVRamFill
                0x00000000000021a6                DMA_doVRamCopy
 .text          0x000000000000222c     0x2102 /opt/gendev/sgdk1_3/lib/libmd.a(tools.o)
                0x000000000000222c                setRandomSeed
                0x000000000000223c                random
                0x0000000000002262                getFPS
                0x00000000000022ca                getFPS_f
                0x000000000000234c                KLog
                0x0000000000002370                KLog_U1
                0x00000000000023bc                KLog_U1_
                0x0000000000002414                KLog_U2
                0x0000000000002482                KLog_U2_
                0x00000000000024f8                KLog_U3
                0x0000000000002584                KLog_U3_
                0x0000000000002618                KLog_U4
                0x00000000000026c0                KLog_U4_
                0x0000000000002772                KLog_U1x
                0x00000000000027c2                KLog_U1x_
                0x000000000000281e                KLog_U2x
                0x000000000000288e                KLog_U2x_
                0x0000000000002906                KLog_U3x
                0x0000000000002992                KLog_U3x_
                0x0000000000002a26                KLog_U4x
                0x0000000000002acc                KLog_U4x_
                0x0000000000002b7c                KLog_S1
                0x0000000000002bc8                KLog_S1_
                0x0000000000002c20                KLog_S2
                0x0000000000002c8e                KLog_S2_
                0x0000000000002d04                KLog_S3
                0x0000000000002d90                KLog_S3_
                0x0000000000002e24                KLog_S4
                0x0000000000002ecc                KLog_S4_
                0x0000000000002f7e                KLog_S1x
                0x0000000000002fce                KLog_S2x
                0x000000000000303e                KLog_S3x
                0x00000000000030ca                KLog_S4x
                0x0000000000003170                KLog_f1
                0x00000000000031c0                KLog_f2
                0x0000000000003236                KLog_f3
                0x00000000000032ce                KLog_f4
                0x0000000000003386                KLog_f1x
                0x00000000000033da                KLog_f2x
                0x0000000000003452                KLog_f3x
                0x00000000000034ea                KLog_f4x
                0x00000000000035a0                KLog_F1
                0x00000000000035ec                KLog_F2
                0x000000000000365a                KLog_F3
                0x00000000000036e6                KLog_F4
                0x000000000000378e                KLog_F1x
                0x00000000000037de                KLog_F2x
                0x000000000000384e                KLog_F3x
                0x00000000000038da                KLog_F4x
                0x0000000000003980                allocateBitmap
                0x00000000000039e0                allocateBitmapEx
                0x0000000000003a22                allocateTileSet
                0x0000000000003a6c                allocateTileSetEx
                0x0000000000003a98                allocateMap
                0x0000000000003ae2                allocateMapEx
                0x0000000000003b0c                allocateImage
                0x0000000000003bca                unpack
                0x0000000000003c02                unpackBitmap
                0x0000000000003c96                unpackTileSet
                0x0000000000003d0a                unpackMap
                0x0000000000003d82                unpackImage
                0x0000000000003dda                partition_u8
                0x0000000000003e5e                qsort_u8
                0x0000000000003eae                partition_s8
                0x0000000000003f32                qsort_s8
                0x0000000000003f82                partition_u16
                0x0000000000004014                qsort_u16
                0x0000000000004064                partition_s16
                0x00000000000040f6                qsort_s16
                0x0000000000004146                partition_u32
                0x00000000000041ea                qsort_u32
                0x000000000000423a                partition_s32
                0x00000000000042de                qsort_s32
 *fill*         0x000000000000432e        0x2 
 .text          0x0000000000004330      0x430 /opt/gendev/sgdk1_3/lib/libmd.a(memory.o)
                0x0000000000004330                MEM_init
                0x0000000000004358                MEM_getFree
                0x0000000000004386                MEM_getAllocated
                0x00000000000043bc                MEM_free
                0x00000000000043ce                MEM_alloc
                0x00000000000044a4                MEM_dump
                0x000000000000466c                memcpyU16
                0x000000000000468a                memcpyU32
                0x00000000000046aa                fastMemset
                0x00000000000046ca                fastMemsetU16
                0x00000000000046ea                fastMemsetU32
                0x0000000000004706                fastMemcpy
                0x0000000000004722                fastMemcpyU16
                0x0000000000004740                fastMemcpyU32
 .text          0x0000000000004760      0xca2 /opt/gendev/sgdk1_3/lib/libmd.a(vdp_tile.o)
                0x0000000000004760                VDP_loadTileSet
                0x00000000000047e2                VDP_loadFontData
                0x0000000000004812                VDP_loadFont
                0x0000000000004838                VDP_loadBMPTileDataEx
                0x0000000000004890                VDP_fillTileData
                0x00000000000048dc                VDP_setTileMap
                0x000000000000491a                VDP_setTileMapXY
                0x00000000000049d0                VDP_fillTileMap
                0x0000000000004a66                VDP_fillTileMapRectByIndex
                0x0000000000004a90                VDP_fillTileMapRect
                0x0000000000004b9a                VDP_clearTileMap
                0x0000000000004bd8                VDP_clearTileMapRectByIndex
                0x0000000000004c02                VDP_clearTileMapRect
                0x0000000000004c34                VDP_fillTileMapInc
                0x0000000000004cf8                VDP_fillTileMapRectIncByIndex
                0x0000000000004d22                VDP_fillTileMapRectInc
                0x0000000000004e32                VDP_setTileMapData
                0x0000000000004f0a                VDP_setTileMapRectByIndex
                0x0000000000004f38                VDP_setTileMapDataRect
                0x000000000000505a                VDP_setTileMapDataEx
                0x0000000000005146                VDP_setTileMapRectExByIndex
                0x0000000000005178                VDP_setTileMapDataRectEx
                0x00000000000052bc                VDP_setTileMapRectEx
                0x00000000000052fe                VDP_setMapEx
                0x00000000000053c0                VDP_setMap
 *fill*         0x0000000000005402        0x2 
 .text          0x0000000000005404      0x620 /opt/gendev/sgdk1_3/lib/libmd.a(z80_ctrl.o)
                0x0000000000005404                Z80_isBusTaken
                0x0000000000005416                Z80_requestBus
                0x000000000000543c                Z80_releaseBus
                0x0000000000005446                Z80_startReset
                0x0000000000005450                Z80_endReset
                0x000000000000545a                Z80_setBank
                0x000000000000546e                Z80_init
                0x000000000000548c                Z80_read
                0x000000000000549e                Z80_write
                0x00000000000054b2                Z80_clear
                0x000000000000552c                Z80_upload
                0x00000000000055a4                Z80_download
                0x00000000000055fc                Z80_getLoadedDriver
                0x0000000000005604                Z80_unloadDriver
                0x0000000000005638                Z80_loadCustomDriver
                0x000000000000567c                Z80_isDriverReady
                0x00000000000056b2                Z80_loadDriver
 .text          0x0000000000005a24      0x1f0 /opt/gendev/sgdk1_3/lib/libmd.a(ym2612.o)
                0x0000000000005a24                YM2612_read
                0x0000000000005a3e                YM2612_write
                0x0000000000005a64                YM2612_reset
                0x0000000000005b4a                YM2612_writeSafe
                0x0000000000005b62                YM2612_writeReg
                0x0000000000005bb4                YM2612_writeRegSafe
                0x0000000000005bd6                YM2612_enableDAC
                0x0000000000005bf6                YM2612_disableDAC
 .text          0x0000000000005c14      0x6c4 /opt/gendev/sgdk1_3/lib/libmd.a(vdp_pal.o)
                0x0000000000005d0c                VDP_getPaletteColor
                0x0000000000005d40                VDP_setPaletteColor
                0x0000000000005d7a                VDP_doStepFading
                0x0000000000005ea0                VDP_initFading
                0x0000000000005ff2                VDP_interruptFade
                0x0000000000006004                VDP_fade
                0x0000000000006068                VDP_fadeTo
                0x00000000000060d2                VDP_fadeOut
                0x0000000000006102                VDP_fadeIn
                0x0000000000006136                VDP_fadePal
                0x0000000000006172                VDP_fadePalTo
                0x00000000000061aa                VDP_fadePalOut
                0x00000000000061e4                VDP_fadePalIn
                0x0000000000006222                VDP_fadeAll
                0x000000000000624a                VDP_fadeAllTo
                0x000000000000626e                VDP_fadeOutAll
                0x0000000000006294                VDP_fadeInAll
                0x00000000000062be                VDP_isDoingFade
                0x00000000000062ca                VDP_waitFadeCompletion
 .text          0x00000000000062d8      0x11c /opt/gendev/sgdk1_3/lib/libmd.a(psg.o)
                0x00000000000062d8                PSG_init
                0x0000000000006310                PSG_write
                0x000000000000631a                PSG_setEnvelope
                0x000000000000633c                PSG_setTone
                0x000000000000636e                PSG_setFrequency
                0x00000000000063d0                PSG_setNoise
 .text          0x00000000000063f4        0x0 /opt/gendev/sgdk1_3/lib/libmd.a(z80_vgm.o)
 .text          0x00000000000063f4      0x4c6 /opt/gendev/sgdk1_3/lib/libmd.a(vdp_spr.o)
                0x00000000000063f4                VDP_releaseAllSprites
                0x0000000000006422                VDP_allocateSprites
                0x00000000000064bc                VDP_releaseSprites
                0x0000000000006524                VDP_getAvailableSprites
                0x0000000000006534                VDP_refreshHighestAllocatedSpriteIndex
                0x000000000000656c                VDP_clearSprites
                0x000000000000657a                VDP_resetSprites
                0x0000000000006584                VDP_setSpriteFull
                0x00000000000065c0                VDP_setSprite
                0x00000000000065f6                VDP_setSpritePosition
                0x000000000000661e                VDP_setSpriteSize
                0x0000000000006634                VDP_setSpriteAttribut
                0x000000000000664a                VDP_setSpriteLink
                0x0000000000006660                VDP_linkSprites
                0x00000000000066aa                VDP_updateSprites
                0x000000000000671a                logVDPSprite
 *fill*         0x00000000000068ba        0x2 
 .text          0x00000000000068bc      0xbe8 /opt/gendev/sgdk1_3/lib/libmd.a(sound.o)
                0x00000000000068bc                SND_isPlaying_PCM
                0x00000000000068fc                SND_startPlay_PCM
                0x00000000000069ac                SND_stopPlay_PCM
                0x0000000000006a22                SND_isPlaying_2ADPCM
                0x0000000000006a64                SND_startPlay_2ADPCM
                0x0000000000006b2e                SND_stopPlay_2ADPCM
                0x0000000000006bb2                SND_isPlaying_4PCM
                0x0000000000006bf4                SND_startPlay_4PCM
                0x0000000000006cd8                SND_stopPlay_4PCM
                0x0000000000006d5c                SND_setVolume_4PCM
                0x0000000000006db0                SND_getVolume_4PCM
                0x0000000000006dfe                SND_isPlaying_MVS
                0x0000000000006e3c                SND_startPlay_MVS
                0x0000000000006eb2                SND_stopPlay_MVS
                0x0000000000006ef0                SND_setTempo_MVS
                0x0000000000006f2c                SND_startDAC_MVS
                0x0000000000006f9a                SND_stopDAC_MVS
                0x0000000000006fd0                SND_isPlayingPSG_MVS
                0x000000000000700a                SND_startPSG_MVS
                0x0000000000007062                SND_stopPSG_MVS
                0x0000000000007098                SND_enablePSG_MVS
                0x00000000000070e4                SND_disablePSG_MVS
                0x0000000000007130                SND_startPlay_TFM
                0x00000000000071b0                SND_stopPlay_TFM
                0x00000000000071c4                SND_stopPlay_VGM
                0x00000000000071fc                SND_resumePlay_VGM
                0x0000000000007234                SND_isPlaying_VGM
                0x0000000000007270                SND_startPlay_VGM
                0x00000000000072fa                SND_playSfx_VGM
                0x0000000000007368                SND_isPlaying_XGM
                0x0000000000007370                SND_startPlay_XGM
                0x000000000000737e                SND_stopPlay_XGM
                0x0000000000007386                SND_pausePlay_XGM
                0x000000000000738e                SND_resumePlay_XGM
                0x0000000000007396                SND_isPlayingPCM_XGM
                0x00000000000073a8                SND_setPCM_XGM
                0x00000000000073c4                SND_setPCMFast_XGM
                0x00000000000073e0                SND_startPlayPCM_XGM
                0x0000000000007404                SND_stopPlayPCM_XGM
                0x0000000000007416                SND_setLoopNumber_XGM
                0x000000000000742a                SND_set68KBUSProtection_XGM
                0x000000000000743c                SND_nextXFrame_XGM
                0x000000000000744e                SND_getManualSync_XGM
                0x0000000000007456                SND_setManualSync_XGM
                0x0000000000007468                SND_getForceDelayDMA_XGM
                0x0000000000007470                SND_setForceDelayDMA_XGM
                0x0000000000007482                SND_getMusicTempo_XGM
                0x000000000000748a                SND_setMusicTempo_XGM
                0x000000000000749c                SND_getCPULoad_XGM
 .text          0x00000000000074a4      0x924 /opt/gendev/sgdk1_3/lib/libmd.a(string.o)
                0x00000000000074a4                strlen
                0x000000000000757e                strnlen
                0x00000000000075ba                strcmp
                0x00000000000075da                strclr
                0x00000000000075e4                strcpy
                0x00000000000075f6                strncpy
                0x000000000000762c                strcat
                0x000000000000764a                strreplacechar
                0x0000000000007670                intToStr
                0x00000000000076a0                uintToStr
                0x00000000000076bc                intToHex
                0x0000000000007768                fix32ToStr
                0x0000000000007810                fix16ToStr
                0x00000000000078b6                sprintf
 .text          0x0000000000007dc8      0x270 /opt/gendev/sgdk1_3/lib/libmd.a(vdp_dma.o)
                0x0000000000007dc8                VDP_doDMAEx
                0x0000000000007f22                VDP_doDMA
                0x0000000000007f4c                VDP_doVRamDMAFill
                0x0000000000007fc0                VDP_doVRamDMACopy
 .text          0x0000000000008038     0x124e /opt/gendev/sgdk1_3/lib/libmd.a(bmp.o)
                0x0000000000008218                BMP_end
                0x0000000000008298                BMP_reset
                0x0000000000008408                BMP_init
                0x000000000000847c                BMP_setBufferCopy
                0x0000000000008496                BMP_hasFlipRequestPending
                0x00000000000084a4                BMP_waitWhileFlipRequestPending
                0x00000000000084b4                BMP_hasFlipInProgess
                0x00000000000084c0                BMP_waitFlipComplete
                0x00000000000084d0                BMP_flip
                0x0000000000008522                BMP_drawText
                0x0000000000008578                BMP_clearText
                0x00000000000085d6                BMP_clearTextLine
                0x000000000000861e                BMP_showFPS
                0x00000000000086e6                BMP_clear
                0x00000000000086f6                BMP_getWritePointer
                0x0000000000008712                BMP_getReadPointer
                0x000000000000872e                BMP_getPixel
                0x0000000000008766                BMP_setPixel
                0x000000000000879e                BMP_setPixels_V2D
                0x00000000000087ee                BMP_setPixels
                0x000000000000884a                BMP_drawBitmapData
                0x00000000000088f2                BMP_drawBitmap
                0x00000000000089c6                BMP_loadBitmapData
                0x00000000000089f8                BMP_loadBitmap
                0x0000000000008a1e                BMP_getBitmapPalette
                0x0000000000008a3a                BMP_scale
                0x0000000000008b0c                BMP_drawBitmapScaled
                0x0000000000008c16                BMP_loadAndScaleBitmap
                0x0000000000008c4c                BMP_doVBlankProcess
                0x0000000000008c54                BMP_doHBlankProcess
 *fill*         0x0000000000009286        0x2 
 .text          0x0000000000009288      0x1dc /opt/gendev/sgdk1_3/lib/libmd.a(timer.o)
                0x0000000000009288                getSubTick
                0x00000000000092d8                getTick
                0x0000000000009304                getTime
                0x0000000000009326                getTimeAsFix32
                0x0000000000009338                startTimer
                0x000000000000935a                getTimer
                0x0000000000009398                waitSubTick
                0x00000000000093e6                waitTick
                0x0000000000009434                waitMs
 .text          0x0000000000009464      0x5dc /opt/gendev/sgdk1_3/lib/libmd.a(tile_cache.o)
                0x000000000000950a                TC_init
                0x0000000000009544                TC_end
                0x00000000000095ac                TC_createCacheEx
                0x00000000000095f2                TC_createCache
                0x0000000000009614                TC_releaseCache
                0x0000000000009626                TC_clearCache
                0x0000000000009638                TC_flushCache
                0x0000000000009642                TC_reAlloc
                0x00000000000096c2                TC_alloc
                0x0000000000009940                TC_free
                0x00000000000099ae                TC_getTileIndex
                0x00000000000099f2                TC_uploadAtVBlank
                0x0000000000009a26                TC_doVBlankProcess
 .text          0x0000000000009a40      0x7e6 /opt/gendev/sgdk1_3/lib/libmd.a(vdp_bg.o)
                0x0000000000009a40                VDP_setHorizontalScroll
                0x0000000000009a86                VDP_setHorizontalScrollTile
                0x0000000000009b1e                VDP_setHorizontalScrollLine
                0x0000000000009bb6                VDP_setVerticalScroll
                0x0000000000009bf0                VDP_setVerticalScrollTile
                0x0000000000009c7a                VDP_clearPlan
                0x0000000000009d2c                VDP_getTextPlan
                0x0000000000009d34                VDP_getTextPalette
                0x0000000000009d44                VDP_getTextPriority
                0x0000000000009d50                VDP_setTextPlan
                0x0000000000009d5a                VDP_setTextPalette
                0x0000000000009d7c                VDP_setTextPriority
                0x0000000000009d9e                VDP_drawTextBG
                0x0000000000009e52                VDP_clearTextBG
                0x0000000000009e82                VDP_clearTextAreaBG
                0x0000000000009eb6                VDP_clearTextLineBG
                0x0000000000009ef8                VDP_drawText
                0x0000000000009f1e                VDP_clearText
                0x0000000000009f48                VDP_clearTextArea
                0x0000000000009f7a                VDP_clearTextLine
                0x0000000000009f92                VDP_drawBitmapEx
                0x000000000000a084                VDP_drawBitmap
                0x000000000000a10a                VDP_drawImageEx
                0x000000000000a1aa                VDP_drawImage
 *fill*         0x000000000000a226        0x2 
 .text          0x000000000000a228      0x1b8 /opt/gendev/sgdk1_3/lib/libmd.a(memory_a.o)
                0x000000000000a228                memset
                0x000000000000a2a0                memsetU16
                0x000000000000a2fe                memsetU32
                0x000000000000a33c                memcpy
 *fill*         0x000000000000a3e0       0x20 
 .text          0x000000000000a400       0x80 /opt/gendev/sgdk1_3/lib/libmd.a(smp_null_pcm.o)
                0x000000000000a400                smp_null_pcm
 .text          0x000000000000a480      0x102 /opt/gendev/sgdk1_3/lib/libmd.a(vdp_tile_a.o)
                0x000000000000a480                VDP_loadTileData
                0x000000000000a4fc                VDP_loadBMPTileData
 *fill*         0x000000000000a582        0x2 
 .text          0x000000000000a584      0x15c /opt/gendev/sgdk1_3/lib/libmd.a(vdp_pal_a.o)
                0x000000000000a584                VDP_getPaletteColors
                0x000000000000a5ea                VDP_setPaletteColors
                0x000000000000a650                VDP_getPalette
                0x000000000000a698                VDP_setPalette
 .text          0x000000000000a6e0       0x56 /opt/gendev/sgdk1_3/lib/libmd.a(sys_a.o)
                0x000000000000a6e0                SYS_assertReset
                0x000000000000a6e4                SYS_reset
                0x000000000000a6f2                SYS_hardReset
                0x000000000000a700                SYS_getInterruptMaskLevel
                0x000000000000a70a                SYS_setInterruptMaskLevel
                0x000000000000a71c                SYS_getAndSetInterruptMaskLevel
 *fill*         0x000000000000a736        0x2 
 .text          0x000000000000a738       0x88 /opt/gendev/sgdk1_3/lib/libmd.a(kdebug.o)
                0x000000000000a738                KDebug_Halt
                0x000000000000a742                KDebug_Alert
                0x000000000000a75e                KDebug_AlertNumber
                0x000000000000a7ac                KDebug_StartTimer
                0x000000000000a7b6                KDebug_StopTimer
 *fill*         0x000000000000a7c0       0x40 
 .text          0x000000000000a800      0x100 /opt/gendev/sgdk1_3/lib/libmd.a(smp_null.o)
                0x000000000000a800                smp_null
 .text          0x000000000000a900     0x14dc /opt/gendev/sgdk1_3/lib/libmd.a(bmp_a.o)
                0x000000000000a900                clearBitmapBuffer
                0x000000000000a96a                copyBitmapBuffer
                0x000000000000ab28                BMP_clipLine
                0x000000000000ab44                BMP_drawLine
                0x000000000000abb4                BMP_isPolygonCulled
                0x000000000000b4e0                BMP_drawPolygon
 .text          0x000000000000bddc      0xae2 /opt/gendev/sgdk1_3/lib/libmd.a(tools_a.o)
                0x000000000000bddc                qsort
                0x000000000000be78                aplib_unpack
                0x000000000000be7e                aplib_decrunch
                0x000000000000bf20                lz4w_unpack
                0x000000000000bf28                lz4w_unpack_a
 *fill*         0x000000000000c8be        0x2 
 .text          0x000000000000c8c0      0xb2c /opt/gendev/sgdk1_3/lib/libmd.a(z80_drv1.o)
                0x000000000000c8c0                z80_drv1
 .text          0x000000000000d3ec      0x69e /opt/gendev/sgdk1_3/lib/libmd.a(z80_tfm.o)
                0x000000000000d3ec                z80_tfm
 *fill*         0x000000000000da8a        0x2 
 .text          0x000000000000da8c      0xe00 /opt/gendev/sgdk1_3/lib/libmd.a(z80_drv2.o)
                0x000000000000da8c                z80_drv2
 .text          0x000000000000e88c      0xa6a /opt/gendev/sgdk1_3/lib/libmd.a(z80_drv3.o)
                0x000000000000e88c                z80_drv3
 *fill*         0x000000000000f2f6        0x2 
 .text          0x000000000000f2f8     0x1700 /opt/gendev/sgdk1_3/lib/libmd.a(z80_xgm.o)
                0x000000000000f2f8                z80_xgm
 .text          0x00000000000109f8      0xa5c /opt/gendev/sgdk1_3/lib/libmd.a(z80_mvs.o)
                0x00000000000109f8                z80_mvs
 .text          0x0000000000011454        0x0 /opt/gendev/sgdk1_3/lib/libmd.a(libres.o)
 .text          0x0000000000011454        0x0 /opt/gendev/sgdk1_3/lib/libmd.a(tab_vol.o)
 .text          0x0000000000011454     0x1846 /opt/gendev/sgdk1_3/lib/libmd.a(joy.o)
                0x0000000000011ec0                JOY_setEventHandler
                0x0000000000011eca                JOY_setSupport
                0x00000000000122fa                JOY_init
                0x00000000000126b6                JOY_getPortType
                0x00000000000126d6                JOY_getJoypadType
                0x00000000000126f6                JOY_readJoypad
                0x0000000000012746                JOY_readJoypadX
                0x0000000000012768                JOY_readJoypadY
                0x000000000001278a                JOY_update
                0x0000000000012ba8                JOY_waitPressTime
                0x0000000000012c4c                JOY_waitPressBtn
                0x0000000000012c62                JOY_waitPressBtnTime
                0x0000000000012c7e                JOY_waitPress
 *fill*         0x0000000000012c9a        0x2 
 .text          0x0000000000012c9c      0x738 /opt/gendev/sgdk1_3/lib/libmd.a(xgm.o)
                0x0000000000012c9c                XGM_isPlaying
                0x0000000000012cdc                XGM_startPlay
                0x0000000000012df4                XGM_stopPlay
                0x0000000000012e6a                XGM_pausePlay
                0x0000000000012ea8                XGM_resumePlay
                0x0000000000012eee                XGM_isPlayingPCM
                0x0000000000012f30                XGM_setPCMFast
                0x0000000000012f6e                XGM_setPCM
                0x0000000000012fba                XGM_startPlayPCM
                0x0000000000013026                XGM_stopPlayPCM
                0x0000000000013086                XGM_setLoopNumber
                0x00000000000130c6                XGM_set68KBUSProtection
                0x00000000000130f6                XGM_nextXFrame
                0x000000000001314c                XGM_getManualSync
                0x0000000000013158                XGM_setManualSync
                0x00000000000131a0                XGM_getForceDelayDMA
                0x00000000000131ac                XGM_setForceDelayDMA
                0x00000000000131d4                XGM_getMusicTempo
                0x00000000000131dc                XGM_setMusicTempo
                0x0000000000013204                XGM_getElapsed
                0x000000000001325e                XGM_getCPULoad
                0x000000000001332c                XGM_resetLoadCalculation
                0x0000000000013358                XGM_doVBlankProcess
 .text          0x00000000000133d4        0xc /opt/gendev/sgdk1_3/lib/libmd.a(types.o)
                0x00000000000133d4                getZeroU8
                0x00000000000133d8                getZeroU16
                0x00000000000133dc                getZeroU32
 .text          0x00000000000133e0       0x22 /opt/gendev/lib/gcc/m68k-elf/6.3.0/libgcc.a(_mulsi3.o)
                0x00000000000133e0                __mulsi3
 *fill*         0x0000000000013402        0x2 
 .text          0x0000000000013404       0x5c /opt/gendev/lib/gcc/m68k-elf/6.3.0/libgcc.a(_udivsi3.o)
                0x0000000000013404                __udivsi3
 .text          0x0000000000013460       0x2e /opt/gendev/lib/gcc/m68k-elf/6.3.0/libgcc.a(_divsi3.o)
                0x0000000000013460                __divsi3
 *fill*         0x000000000001348e        0x2 
 .text          0x0000000000013490       0x2e /opt/gendev/lib/gcc/m68k-elf/6.3.0/libgcc.a(_umodsi3.o)
                0x0000000000013490                __umodsi3
 *fill*         0x00000000000134be        0x2 
 .text          0x00000000000134c0       0xee src/framebuffer.o
                0x00000000000134c0                gtInitFramebuffer
                0x000000000001351e                gtClearFramebuffer
                0x0000000000013532                gtFramebufferUpdate
                0x0000000000013550                gtFramebufferPlot
 *fill*         0x00000000000135ae        0x2 
 .text          0x00000000000135b0       0x3c src/goat_debug.o
                0x00000000000135b0                gtDebugPrintU32
 .text          0x00000000000135ec        0x0 main.o
                0x00000000000135ec                . = ALIGN (0x4)
                0x00000000000135ec                __CTOR_LIST__ = .
                0x00000000000135ec        0x4 LONG 0x0 (((__CTOR_END__ - __CTOR_LIST__) / 0x4) - 0x2)
 *(.ctors)
                0x00000000000135f0        0x4 LONG 0x0
                0x00000000000135f4                __CTOR_END__ = .
                0x00000000000135f4                __DTOR_LIST__ = .
                0x00000000000135f4        0x4 LONG 0x0 (((__DTOR_END__ - __DTOR_LIST__) / 0x4) - 0x2)
 *(.dtors)
                0x00000000000135f8        0x4 LONG 0x0
                0x00000000000135fc                __DTOR_END__ = .
 *(.rodata .rodata.*)
 .rodata.str1.1
                0x00000000000135fc      0x13e /opt/gendev/sgdk1_3/lib/libmd.a(sys.o)
 .rodata.str1.1
                0x000000000001373a       0x21 /opt/gendev/sgdk1_3/lib/libmd.a(vdp.o)
                                         0x4c (size before relaxing)
 *fill*         0x000000000001375b        0x1 
 .rodata        0x000000000001375c        0x6 /opt/gendev/sgdk1_3/lib/libmd.a(vdp.o)
                0x000000000001375c                PLAN_WINDOW
                0x000000000001375e                PLAN_B
                0x0000000000013760                PLAN_A
 .rodata.str1.1
                0x0000000000000000        0x2 /opt/gendev/sgdk1_3/lib/libmd.a(tools.o)
 .rodata.str1.1
                0x0000000000013762       0x41 /opt/gendev/sgdk1_3/lib/libmd.a(memory.o)
                                         0x42 (size before relaxing)
 *fill*         0x00000000000137a3        0x1 
 .rodata        0x00000000000137a4      0x104 /opt/gendev/sgdk1_3/lib/libmd.a(vdp_pal.o)
                0x00000000000137a4                palette_blue
                0x00000000000137c4                palette_green
                0x00000000000137e4                palette_red
                0x0000000000013804                palette_grey
                0x0000000000013824                palette_black
                0x0000000000013828                palette_black_all
 .rodata        0x00000000000138a8      0xe40 /opt/gendev/sgdk1_3/lib/libmd.a(z80_vgm.o)
                0x00000000000138a8                z80_vgm
 .rodata.str1.1
                0x00000000000146e8        0x7 /opt/gendev/sgdk1_3/lib/libmd.a(string.o)
 .rodata        0x00000000000146ef       0x22 /opt/gendev/sgdk1_3/lib/libmd.a(string.o)
 *fill*         0x0000000000014711        0x1 
 .rodata        0x0000000000014712      0xcec /opt/gendev/sgdk1_3/lib/libmd.a(libres.o)
                0x00000000000150b8                logo_lib
                0x0000000000015322                font_lib
                0x000000000001534a                font_pal_lib
                0x0000000000015352                stop_xgm
 .rodata        0x00000000000153fe     0x1000 /opt/gendev/sgdk1_3/lib/libmd.a(tab_vol.o)
                0x00000000000153fe                tab_vol
 .rodata        0x00000000000163fe       0x18 /opt/gendev/sgdk1_3/lib/libmd.a(joy.o)
 .rodata        0x0000000000016416       0x20 src/framebuffer.o
                0x0000000000016416                stdPalette
 .rodata.str1.1
                0x0000000000016436        0xb main.o
 *(.gcc_except_table .gcc_except_table.*)
                0x0000000000016444                . = ALIGN (0x4)
 *fill*         0x0000000000016441        0x3 
                0x0000000000016444                __INIT_SECTION__ = .
 *(.init)
                0x0000000000016444        0x2 SHORT 0x4e75
                0x0000000000016446                __FINI_SECTION__ = .
 *(.fini)
                0x0000000000016446        0x2 SHORT 0x4e75
                0x0000000000016448                _etext = .
 *(.lit)
                0x0000000000016448                _stext = SIZEOF (.text)

.data           0x0000000000ff0000        0x0 load address 0x0000000000016448
 *(.got.plt)
 *(.got)
 *(.shdata)
 *(.data .data.*)
 .data          0x0000000000ff0000        0x0 boot/sega.o
 .data          0x0000000000ff0000        0x0 /opt/gendev/sgdk1_3/lib/libmd.a(sys.o)
 .data          0x0000000000ff0000        0x0 /opt/gendev/sgdk1_3/lib/libmd.a(vdp.o)
 .data          0x0000000000ff0000        0x0 /opt/gendev/sgdk1_3/lib/libmd.a(dma.o)
 .data          0x0000000000ff0000        0x0 /opt/gendev/sgdk1_3/lib/libmd.a(tools.o)
 .data          0x0000000000ff0000        0x0 /opt/gendev/sgdk1_3/lib/libmd.a(memory.o)
 .data          0x0000000000ff0000        0x0 /opt/gendev/sgdk1_3/lib/libmd.a(vdp_tile.o)
 .data          0x0000000000ff0000        0x0 /opt/gendev/sgdk1_3/lib/libmd.a(z80_ctrl.o)
 .data          0x0000000000ff0000        0x0 /opt/gendev/sgdk1_3/lib/libmd.a(ym2612.o)
 .data          0x0000000000ff0000        0x0 /opt/gendev/sgdk1_3/lib/libmd.a(vdp_pal.o)
 .data          0x0000000000ff0000        0x0 /opt/gendev/sgdk1_3/lib/libmd.a(psg.o)
 .data          0x0000000000ff0000        0x0 /opt/gendev/sgdk1_3/lib/libmd.a(z80_vgm.o)
 .data          0x0000000000ff0000        0x0 /opt/gendev/sgdk1_3/lib/libmd.a(vdp_spr.o)
 .data          0x0000000000ff0000        0x0 /opt/gendev/sgdk1_3/lib/libmd.a(sound.o)
 .data          0x0000000000ff0000        0x0 /opt/gendev/sgdk1_3/lib/libmd.a(string.o)
 .data          0x0000000000ff0000        0x0 /opt/gendev/sgdk1_3/lib/libmd.a(vdp_dma.o)
 .data          0x0000000000ff0000        0x0 /opt/gendev/sgdk1_3/lib/libmd.a(bmp.o)
 .data          0x0000000000ff0000        0x0 /opt/gendev/sgdk1_3/lib/libmd.a(timer.o)
 .data          0x0000000000ff0000        0x0 /opt/gendev/sgdk1_3/lib/libmd.a(tile_cache.o)
 .data          0x0000000000ff0000        0x0 /opt/gendev/sgdk1_3/lib/libmd.a(vdp_bg.o)
 .data          0x0000000000ff0000        0x0 /opt/gendev/sgdk1_3/lib/libmd.a(memory_a.o)
 .data          0x0000000000ff0000        0x0 /opt/gendev/sgdk1_3/lib/libmd.a(smp_null_pcm.o)
 .data          0x0000000000ff0000        0x0 /opt/gendev/sgdk1_3/lib/libmd.a(vdp_tile_a.o)
 .data          0x0000000000ff0000        0x0 /opt/gendev/sgdk1_3/lib/libmd.a(vdp_pal_a.o)
 .data          0x0000000000ff0000        0x0 /opt/gendev/sgdk1_3/lib/libmd.a(sys_a.o)
 .data          0x0000000000ff0000        0x0 /opt/gendev/sgdk1_3/lib/libmd.a(kdebug.o)
 .data          0x0000000000ff0000        0x0 /opt/gendev/sgdk1_3/lib/libmd.a(smp_null.o)
 .data          0x0000000000ff0000        0x0 /opt/gendev/sgdk1_3/lib/libmd.a(bmp_a.o)
 .data          0x0000000000ff0000        0x0 /opt/gendev/sgdk1_3/lib/libmd.a(tools_a.o)
 .data          0x0000000000ff0000        0x0 /opt/gendev/sgdk1_3/lib/libmd.a(z80_drv1.o)
 .data          0x0000000000ff0000        0x0 /opt/gendev/sgdk1_3/lib/libmd.a(z80_tfm.o)
 .data          0x0000000000ff0000        0x0 /opt/gendev/sgdk1_3/lib/libmd.a(z80_drv2.o)
 .data          0x0000000000ff0000        0x0 /opt/gendev/sgdk1_3/lib/libmd.a(z80_drv3.o)
 .data          0x0000000000ff0000        0x0 /opt/gendev/sgdk1_3/lib/libmd.a(z80_xgm.o)
 .data          0x0000000000ff0000        0x0 /opt/gendev/sgdk1_3/lib/libmd.a(z80_mvs.o)
 .data          0x0000000000ff0000        0x0 /opt/gendev/sgdk1_3/lib/libmd.a(libres.o)
 .data          0x0000000000ff0000        0x0 /opt/gendev/sgdk1_3/lib/libmd.a(tab_vol.o)
 .data          0x0000000000ff0000        0x0 /opt/gendev/sgdk1_3/lib/libmd.a(joy.o)
 .data          0x0000000000ff0000        0x0 /opt/gendev/sgdk1_3/lib/libmd.a(xgm.o)
 .data          0x0000000000ff0000        0x0 /opt/gendev/sgdk1_3/lib/libmd.a(types.o)
 .data          0x0000000000ff0000        0x0 /opt/gendev/lib/gcc/m68k-elf/6.3.0/libgcc.a(_mulsi3.o)
 .data          0x0000000000ff0000        0x0 /opt/gendev/lib/gcc/m68k-elf/6.3.0/libgcc.a(_udivsi3.o)
 .data          0x0000000000ff0000        0x0 /opt/gendev/lib/gcc/m68k-elf/6.3.0/libgcc.a(_divsi3.o)
 .data          0x0000000000ff0000        0x0 /opt/gendev/lib/gcc/m68k-elf/6.3.0/libgcc.a(_umodsi3.o)
 .data          0x0000000000ff0000        0x0 src/framebuffer.o
 .data          0x0000000000ff0000        0x0 src/goat_debug.o
 .data          0x0000000000ff0000        0x0 main.o
                0x0000000000ff0000                _edata = .
                0x0000000000000000                _sdata = SIZEOF (.data)

.bss            0x0000000000ff0000     0x95ac load address 0x0000000000016448
                0x0000000000ff0000                _start = .
 *(.shbss)
 *(.bss .bss.*)
 .bss           0x0000000000ff0000        0x0 boot/sega.o
 .bss           0x0000000000ff0000       0x14 /opt/gendev/sgdk1_3/lib/libmd.a(sys.o)
 .bss           0x0000000000ff0014       0x13 /opt/gendev/sgdk1_3/lib/libmd.a(vdp.o)
 *fill*         0x0000000000ff0027        0x1 
 .bss           0x0000000000ff0028       0x16 /opt/gendev/sgdk1_3/lib/libmd.a(dma.o)
                0x0000000000ff0028                dmaQueues
 *fill*         0x0000000000ff003e        0x2 
 .bss           0x0000000000ff0040       0x10 /opt/gendev/sgdk1_3/lib/libmd.a(tools.o)
 .bss           0x0000000000ff0050        0x8 /opt/gendev/sgdk1_3/lib/libmd.a(memory.o)
 .bss           0x0000000000ff0058        0x0 /opt/gendev/sgdk1_3/lib/libmd.a(vdp_tile.o)
 .bss           0x0000000000ff0058        0x0 /opt/gendev/sgdk1_3/lib/libmd.a(z80_ctrl.o)
 .bss           0x0000000000ff0058        0x0 /opt/gendev/sgdk1_3/lib/libmd.a(ym2612.o)
 .bss           0x0000000000ff0058      0x386 /opt/gendev/sgdk1_3/lib/libmd.a(vdp_pal.o)
 *fill*         0x0000000000ff03de        0x2 
 .bss           0x0000000000ff03e0        0x0 /opt/gendev/sgdk1_3/lib/libmd.a(psg.o)
 .bss           0x0000000000ff03e0        0x0 /opt/gendev/sgdk1_3/lib/libmd.a(z80_vgm.o)
 .bss           0x0000000000ff03e0      0x144 /opt/gendev/sgdk1_3/lib/libmd.a(vdp_spr.o)
 .bss           0x0000000000ff0524        0x0 /opt/gendev/sgdk1_3/lib/libmd.a(sound.o)
 .bss           0x0000000000ff0524        0x0 /opt/gendev/sgdk1_3/lib/libmd.a(string.o)
 .bss           0x0000000000ff0524        0x0 /opt/gendev/sgdk1_3/lib/libmd.a(vdp_dma.o)
 .bss           0x0000000000ff0524       0x14 /opt/gendev/sgdk1_3/lib/libmd.a(bmp.o)
 .bss           0x0000000000ff0538       0x40 /opt/gendev/sgdk1_3/lib/libmd.a(timer.o)
 .bss           0x0000000000ff0578        0x4 /opt/gendev/sgdk1_3/lib/libmd.a(tile_cache.o)
 .bss           0x0000000000ff057c        0x4 /opt/gendev/sgdk1_3/lib/libmd.a(vdp_bg.o)
 .bss           0x0000000000ff0580        0x0 /opt/gendev/sgdk1_3/lib/libmd.a(memory_a.o)
 .bss           0x0000000000ff0580        0x0 /opt/gendev/sgdk1_3/lib/libmd.a(smp_null_pcm.o)
 .bss           0x0000000000ff0580        0x0 /opt/gendev/sgdk1_3/lib/libmd.a(vdp_tile_a.o)
 .bss           0x0000000000ff0580        0x0 /opt/gendev/sgdk1_3/lib/libmd.a(vdp_pal_a.o)
 .bss           0x0000000000ff0580        0x0 /opt/gendev/sgdk1_3/lib/libmd.a(sys_a.o)
 .bss           0x0000000000ff0580        0x0 /opt/gendev/sgdk1_3/lib/libmd.a(kdebug.o)
 .bss           0x0000000000ff0580        0x0 /opt/gendev/sgdk1_3/lib/libmd.a(smp_null.o)
 .bss           0x0000000000ff0580        0x0 /opt/gendev/sgdk1_3/lib/libmd.a(bmp_a.o)
 .bss           0x0000000000ff0580        0x0 /opt/gendev/sgdk1_3/lib/libmd.a(tools_a.o)
 .bss           0x0000000000ff0580        0x0 /opt/gendev/sgdk1_3/lib/libmd.a(z80_drv1.o)
 .bss           0x0000000000ff0580        0x0 /opt/gendev/sgdk1_3/lib/libmd.a(z80_tfm.o)
 .bss           0x0000000000ff0580        0x0 /opt/gendev/sgdk1_3/lib/libmd.a(z80_drv2.o)
 .bss           0x0000000000ff0580        0x0 /opt/gendev/sgdk1_3/lib/libmd.a(z80_drv3.o)
 .bss           0x0000000000ff0580        0x0 /opt/gendev/sgdk1_3/lib/libmd.a(z80_xgm.o)
 .bss           0x0000000000ff0580        0x0 /opt/gendev/sgdk1_3/lib/libmd.a(z80_mvs.o)
 .bss           0x0000000000ff0580        0x0 /opt/gendev/sgdk1_3/lib/libmd.a(libres.o)
 .bss           0x0000000000ff0580        0x0 /opt/gendev/sgdk1_3/lib/libmd.a(tab_vol.o)
 .bss           0x0000000000ff0580       0x46 /opt/gendev/sgdk1_3/lib/libmd.a(joy.o)
 *fill*         0x0000000000ff05c6        0x2 
 .bss           0x0000000000ff05c8       0x8c /opt/gendev/sgdk1_3/lib/libmd.a(xgm.o)
                0x0000000000ff05c8                xgmTempoCnt
 .bss           0x0000000000ff0654        0x0 /opt/gendev/sgdk1_3/lib/libmd.a(types.o)
 .bss           0x0000000000ff0654        0x0 /opt/gendev/lib/gcc/m68k-elf/6.3.0/libgcc.a(_mulsi3.o)
 .bss           0x0000000000ff0654        0x0 /opt/gendev/lib/gcc/m68k-elf/6.3.0/libgcc.a(_udivsi3.o)
 .bss           0x0000000000ff0654        0x0 /opt/gendev/lib/gcc/m68k-elf/6.3.0/libgcc.a(_divsi3.o)
 .bss           0x0000000000ff0654        0x0 /opt/gendev/lib/gcc/m68k-elf/6.3.0/libgcc.a(_umodsi3.o)
 .bss           0x0000000000ff0654     0x8c04 src/framebuffer.o
 .bss           0x0000000000ff9258        0x0 src/goat_debug.o
 .bss           0x0000000000ff9258        0x0 main.o
 *(COMMON)
 COMMON         0x0000000000ff9258       0x94 /opt/gendev/sgdk1_3/lib/libmd.a(sys.o)
                0x0000000000ff9258                illegalInstCB
                0x0000000000ff925c                errorExceptionCB
                0x0000000000ff9260                trapvInstCB
                0x0000000000ff9264                chkInstCB
                0x0000000000ff9268                registerState
                0x0000000000ff92a8                srState
                0x0000000000ff92aa                line1x1xCB
                0x0000000000ff92ae                ext2State
                0x0000000000ff92b0                traceCB
                0x0000000000ff92b4                intTrace
                0x0000000000ff92b6                zeroDivideCB
                0x0000000000ff92ba                internalExtIntCB
                0x0000000000ff92be                internalVIntCB
                0x0000000000ff92c2                intCB
                0x0000000000ff92c6                addressErrorCB
                0x0000000000ff92ca                VIntProcess
                0x0000000000ff92ce                ExtIntProcess
                0x0000000000ff92d2                HIntProcess
                0x0000000000ff92d6                privilegeViolationCB
                0x0000000000ff92da                pcState
                0x0000000000ff92de                ext1State
                0x0000000000ff92e0                busErrorCB
                0x0000000000ff92e4                internalHIntCB
                0x0000000000ff92e8                addrState
 COMMON         0x0000000000ff92ec       0x1c /opt/gendev/sgdk1_3/lib/libmd.a(vdp.o)
                0x0000000000ff92ec                window_addr
                0x0000000000ff92ee                hscrl_addr
                0x0000000000ff92f0                planHeightSft
                0x0000000000ff92f2                windowWidth
                0x0000000000ff92f4                planWidth
                0x0000000000ff92f6                slist_addr
                0x0000000000ff92f8                windowWidthSft
                0x0000000000ff92fa                screenHeight
                0x0000000000ff92fc                screenWidth
                0x0000000000ff92fe                maps_addr
                0x0000000000ff9300                planWidthSft
                0x0000000000ff9302                planHeight
                0x0000000000ff9304                aplan_addr
                0x0000000000ff9306                bplan_addr
 COMMON         0x0000000000ff9308        0x2 /opt/gendev/sgdk1_3/lib/libmd.a(tools.o)
                0x0000000000ff9308                randbase
 COMMON         0x0000000000ff930a        0x4 /opt/gendev/sgdk1_3/lib/libmd.a(z80_ctrl.o)
                0x0000000000ff930a                driverFlags
                0x0000000000ff930c                currentDriver
 COMMON         0x0000000000ff930e      0x286 /opt/gendev/sgdk1_3/lib/libmd.a(vdp_spr.o)
                0x0000000000ff930e                lastAllocatedVDPSprite
                0x0000000000ff9312                vdpSpriteCache
                0x0000000000ff9592                highestVDPSpriteIndex
 COMMON         0x0000000000ff9594        0xe /opt/gendev/sgdk1_3/lib/libmd.a(bmp.o)
                0x0000000000ff9594                bmp_buffer_write
                0x0000000000ff9598                bmp_buffer_read
                0x0000000000ff959c                bmp_plan
                0x0000000000ff959e                bmp_plan_adr
 COMMON         0x0000000000ff95a2        0x4 /opt/gendev/sgdk1_3/lib/libmd.a(timer.o)
                0x0000000000ff95a2                vtimer
 COMMON         0x0000000000ff95a6        0x4 /opt/gendev/sgdk1_3/lib/libmd.a(tile_cache.o)
                0x0000000000ff95a6                uploads
 COMMON         0x0000000000ff95aa        0x2 /opt/gendev/sgdk1_3/lib/libmd.a(vdp_bg.o)
                0x0000000000ff95aa                curTileInd
                0x0000000000ff95ac                _bend = .

.stab
 *(.stab)

.stabstr
 *(.stabstr)

.eh_frame
 *(.eh_frame)
LOAD boot/sega.o
LOAD /opt/gendev/sgdk1_3/lib/libmd.a
LOAD /opt/gendev/lib/gcc/m68k-elf/6.3.0/libgcc.a
LOAD src/framebuffer.o
LOAD src/goat_debug.o
LOAD main.o
LOAD /opt/gendev/sgdk1_3/lib/libmd.a
LOAD /opt/gendev/m68k-elf/lib/libnosys.a
OUTPUT(out.elf elf32-m68k)

.comment        0x0000000000000000       0x11
 .comment       0x0000000000000000       0x11 /opt/gendev/sgdk1_3/lib/libmd.a(sys.o)
                                         0x12 (size before relaxing)
 .comment       0x0000000000000000       0x12 /opt/gendev/sgdk1_3/lib/libmd.a(vdp.o)
 .comment       0x0000000000000000       0x12 /opt/gendev/sgdk1_3/lib/libmd.a(dma.o)
 .comment       0x0000000000000000       0x12 /opt/gendev/sgdk1_3/lib/libmd.a(tools.o)
 .comment       0x0000000000000000       0x12 /opt/gendev/sgdk1_3/lib/libmd.a(memory.o)
 .comment       0x0000000000000000       0x12 /opt/gendev/sgdk1_3/lib/libmd.a(vdp_tile.o)
 .comment       0x0000000000000000       0x12 /opt/gendev/sgdk1_3/lib/libmd.a(z80_ctrl.o)
 .comment       0x0000000000000000       0x12 /opt/gendev/sgdk1_3/lib/libmd.a(ym2612.o)
 .comment       0x0000000000000000       0x12 /opt/gendev/sgdk1_3/lib/libmd.a(vdp_pal.o)
 .comment       0x0000000000000000       0x12 /opt/gendev/sgdk1_3/lib/libmd.a(psg.o)
 .comment       0x0000000000000000       0x12 /opt/gendev/sgdk1_3/lib/libmd.a(z80_vgm.o)
 .comment       0x0000000000000000       0x12 /opt/gendev/sgdk1_3/lib/libmd.a(vdp_spr.o)
 .comment       0x0000000000000000       0x12 /opt/gendev/sgdk1_3/lib/libmd.a(sound.o)
 .comment       0x0000000000000000       0x12 /opt/gendev/sgdk1_3/lib/libmd.a(string.o)
 .comment       0x0000000000000000       0x12 /opt/gendev/sgdk1_3/lib/libmd.a(vdp_dma.o)
 .comment       0x0000000000000000       0x12 /opt/gendev/sgdk1_3/lib/libmd.a(bmp.o)
 .comment       0x0000000000000000       0x12 /opt/gendev/sgdk1_3/lib/libmd.a(timer.o)
 .comment       0x0000000000000000       0x12 /opt/gendev/sgdk1_3/lib/libmd.a(tile_cache.o)
 .comment       0x0000000000000000       0x12 /opt/gendev/sgdk1_3/lib/libmd.a(vdp_bg.o)
 .comment       0x0000000000000000       0x12 /opt/gendev/sgdk1_3/lib/libmd.a(tab_vol.o)
 .comment       0x0000000000000000       0x12 /opt/gendev/sgdk1_3/lib/libmd.a(joy.o)
 .comment       0x0000000000000000       0x12 /opt/gendev/sgdk1_3/lib/libmd.a(xgm.o)
 .comment       0x0000000000000000       0x12 /opt/gendev/sgdk1_3/lib/libmd.a(types.o)
 .comment       0x0000000000000000       0x12 src/framebuffer.o
 .comment       0x0000000000000000       0x12 src/goat_debug.o
 .comment       0x0000000000000000       0x12 main.o

.debug_line     0x0000000000000000      0x1cd
 .debug_line    0x0000000000000000       0x6a /opt/gendev/lib/gcc/m68k-elf/6.3.0/libgcc.a(_mulsi3.o)
 .debug_line    0x000000000000006a       0x83 /opt/gendev/lib/gcc/m68k-elf/6.3.0/libgcc.a(_udivsi3.o)
 .debug_line    0x00000000000000ed       0x72 /opt/gendev/lib/gcc/m68k-elf/6.3.0/libgcc.a(_divsi3.o)
 .debug_line    0x000000000000015f       0x6e /opt/gendev/lib/gcc/m68k-elf/6.3.0/libgcc.a(_umodsi3.o)

.debug_info     0x0000000000000000      0x270
 .debug_info    0x0000000000000000       0x9c /opt/gendev/lib/gcc/m68k-elf/6.3.0/libgcc.a(_mulsi3.o)
 .debug_info    0x000000000000009c       0x9c /opt/gendev/lib/gcc/m68k-elf/6.3.0/libgcc.a(_udivsi3.o)
 .debug_info    0x0000000000000138       0x9c /opt/gendev/lib/gcc/m68k-elf/6.3.0/libgcc.a(_divsi3.o)
 .debug_info    0x00000000000001d4       0x9c /opt/gendev/lib/gcc/m68k-elf/6.3.0/libgcc.a(_umodsi3.o)

.debug_abbrev   0x0000000000000000       0x50
 .debug_abbrev  0x0000000000000000       0x14 /opt/gendev/lib/gcc/m68k-elf/6.3.0/libgcc.a(_mulsi3.o)
 .debug_abbrev  0x0000000000000014       0x14 /opt/gendev/lib/gcc/m68k-elf/6.3.0/libgcc.a(_udivsi3.o)
 .debug_abbrev  0x0000000000000028       0x14 /opt/gendev/lib/gcc/m68k-elf/6.3.0/libgcc.a(_divsi3.o)
 .debug_abbrev  0x000000000000003c       0x14 /opt/gendev/lib/gcc/m68k-elf/6.3.0/libgcc.a(_umodsi3.o)

.debug_aranges  0x0000000000000000       0x80
 .debug_aranges
                0x0000000000000000       0x20 /opt/gendev/lib/gcc/m68k-elf/6.3.0/libgcc.a(_mulsi3.o)
 .debug_aranges
                0x0000000000000020       0x20 /opt/gendev/lib/gcc/m68k-elf/6.3.0/libgcc.a(_udivsi3.o)
 .debug_aranges
                0x0000000000000040       0x20 /opt/gendev/lib/gcc/m68k-elf/6.3.0/libgcc.a(_divsi3.o)
 .debug_aranges
                0x0000000000000060       0x20 /opt/gendev/lib/gcc/m68k-elf/6.3.0/libgcc.a(_umodsi3.o)
